/Users/wmh/src/meta2/src/kernel/testdata/cards2.meta2
        41        0 demo.cards2.CardMeta:class
        42       -1 demo.cards2.CardMeta:comment:
        45       39 demo.cards2.Card:class
        46       40 demo.cards2.Card:comment:
        53       46 demo.cards2.Card:scope:
        57       46 demo.cards2.Card.rank/get:method
        59       47 demo.cards2.Card.rank/get:scope:
        61       46 demo.cards2.Card.rankIs:method
        67       47 demo.cards2.Card.rankIs:scope:
        69       46 demo.cards2.Card.rankRef:method
        71       47 demo.cards2.Card.rankRef:scope:
        76       48 demo.cards2.Card.suit/get:method
        78       49 demo.cards2.Card.suit/get:scope:
        80       48 demo.cards2.Card.suitIs:method
        86       49 demo.cards2.Card.suitIs:scope:
        88       48 demo.cards2.Card.suitRef:method
        90       49 demo.cards2.Card.suitRef:scope:
        92       51 demo.cards2.Card.__init__:method
        93       52 demo.cards2.Card.__init__:comment:
       104       59 demo.cards2.Card.__init__:scope:
       107        0 demo.cards2.Card.meta:method
       109       -1 demo.cards2.Card.meta:scope:
       117        0 demo.cards2.PileMeta:class
       118       -1 demo.cards2.PileMeta:comment:
       121       73 demo.cards2.Pile:class
       122       74 demo.cards2.Pile:comment:
       124       78 demo.cards2.Pile:scope:
       125        0 demo.cards2.Pile.__init__:method
       134       78 demo.cards2.Pile.cards/get:method
       136       79 demo.cards2.Pile.cards/get:scope:
       138       78 demo.cards2.Pile.cardsIs:method
       144       79 demo.cards2.Pile.cardsIs:scope:
       146       78 demo.cards2.Pile.cardsRef:method
       148       79 demo.cards2.Pile.cardsRef:scope:
       150        0 demo.cards2.Pile.meta:method
       152       -1 demo.cards2.Pile.meta:scope:
       160        0 demo.cards2.DeckMeta:class
       161       -1 demo.cards2.DeckMeta:comment:
       164       83 demo.cards2.Deck:class
       165       84 demo.cards2.Deck:comment:
       167       91 demo.cards2.Deck:scope:
       168       93 demo.cards2.Deck.asStr:method
       169       94 demo.cards2.Deck.asStr:comment:
       181      102 demo.cards2.Deck.shuffle:method
       182      103 demo.cards2.Deck.shuffle:comment:
       185      105 demo.cards2.Deck.shuffle:scope:
       194        0 demo.cards2.Deck.meta:method
       196       -1 demo.cards2.Deck.meta:scope:
       204        0 demo.cards2.FrenchDeckMeta:class
       205       -1 demo.cards2.FrenchDeckMeta:comment:
       206       -1 demo.cards2.FrenchDeckMeta:scope:
       210      161 demo.cards2.FrenchDeckMeta.Suits/get:method
       212      162 demo.cards2.FrenchDeckMeta.Suits/get:scope:
       214      161 demo.cards2.FrenchDeckMeta.SuitsIs:method
       220      162 demo.cards2.FrenchDeckMeta.SuitsIs:scope:
       222      161 demo.cards2.FrenchDeckMeta.SuitsRef:method
       224      162 demo.cards2.FrenchDeckMeta.SuitsRef:scope:
       229      165 demo.cards2.FrenchDeckMeta.Ranks/get:method
       231      166 demo.cards2.FrenchDeckMeta.Ranks/get:scope:
       233      165 demo.cards2.FrenchDeckMeta.RanksIs:method
       239      166 demo.cards2.FrenchDeckMeta.RanksIs:scope:
       241      165 demo.cards2.FrenchDeckMeta.RanksRef:method
       243      166 demo.cards2.FrenchDeckMeta.RanksRef:scope:
       245      169 demo.cards2.FrenchDeckMeta.__init__:method
       255      171 demo.cards2.FrenchDeckMeta.__init__:scope:
       264      154 demo.cards2.FrenchDeck:class
       265      155 demo.cards2.FrenchDeck:comment:
       267      159 demo.cards2.FrenchDeck:scope:
       268      211 demo.cards2.FrenchDeck.__init__:method
       277      215 demo.cards2.FrenchDeck.__init__:scope:
       288      256 demo.cards2.FrenchDeck.asStr:method
       289      257 demo.cards2.FrenchDeck.asStr:comment:
       301      268 demo.cards2.FrenchDeck.asStr:scope:
       308        0 demo.cards2.FrenchDeck.meta:method
       310       -1 demo.cards2.FrenchDeck.meta:scope:
