/Users/wmh/src/meta/src/kernel/testdata2/cards2.meta2
         7       39 demo.cards2.Card:class
         8       40 demo.cards2.Card:comment:
        12       46 demo.cards2.Card:scope:
        13        0 demo.cards2.Card.rank/get:method
        14       -1 demo.cards2.Card.rank/get:scope:
        16        0 demo.cards2.Card.rankIs:method
        17       -1 demo.cards2.Card.rankIs:scope:
        20        0 demo.cards2.Card.rankRef:method
        21       -1 demo.cards2.Card.rankRef:scope:
        23        0 demo.cards2.Card.suit/get:method
        24       -1 demo.cards2.Card.suit/get:scope:
        26        0 demo.cards2.Card.suitIs:method
        27       -1 demo.cards2.Card.suitIs:scope:
        30        0 demo.cards2.Card.suitRef:method
        31       -1 demo.cards2.Card.suitRef:scope:
        33        0 demo.cards2.Card.deck/get:method
        34       -1 demo.cards2.Card.deck/get:scope:
        36        0 demo.cards2.Card.deckIs:method
        37       -1 demo.cards2.Card.deckIs:scope:
        40        0 demo.cards2.Card.deckRef:method
        41       -1 demo.cards2.Card.deckRef:scope:
        43        0 demo.cards2.Card.__init__:method
        44       54 demo.cards2.Card.__init__:comment:
        49       62 demo.cards2.Card.__init__:scope:
