/Users/wmh/src/meta2/src/kernel/testdata/cards2.meta2
         6       39 demo.cards2.Card:class
         7       40 demo.cards2.Card:comment:
        14       46 demo.cards2.Card:scope:
        18       46 demo.cards2.Card.rank/get:method
        20       47 demo.cards2.Card.rank/get:scope:
        22       46 demo.cards2.Card.rankIs:method
        28       47 demo.cards2.Card.rankIs:scope:
        30       46 demo.cards2.Card.rankRef:method
        32       47 demo.cards2.Card.rankRef:scope:
        37       48 demo.cards2.Card.suit/get:method
        39       49 demo.cards2.Card.suit/get:scope:
        41       48 demo.cards2.Card.suitIs:method
        47       49 demo.cards2.Card.suitIs:scope:
        49       48 demo.cards2.Card.suitRef:method
        51       49 demo.cards2.Card.suitRef:scope:
        53       51 demo.cards2.Card.__init__:method
        54       52 demo.cards2.Card.__init__:comment:
        65       59 demo.cards2.Card.__init__:scope:
        68        0 demo.cards2.Card.meta:method
        70       -1 demo.cards2.Card.meta:scope:
