/Users/wmh/src/meta2/src/kernel/testdata/cards2.meta2
         5        0 demo.cards2.FrenchDeckMeta:class
         6       -1 demo.cards2.FrenchDeckMeta:comment:
         7       -1 demo.cards2.FrenchDeckMeta:scope:
        11      161 demo.cards2.FrenchDeckMeta.Suits/get:method
        13      162 demo.cards2.FrenchDeckMeta.Suits/get:scope:
        15      161 demo.cards2.FrenchDeckMeta.SuitsIs:method
        21      162 demo.cards2.FrenchDeckMeta.SuitsIs:scope:
        23      161 demo.cards2.FrenchDeckMeta.SuitsRef:method
        25      162 demo.cards2.FrenchDeckMeta.SuitsRef:scope:
        30      165 demo.cards2.FrenchDeckMeta.Ranks/get:method
        32      166 demo.cards2.FrenchDeckMeta.Ranks/get:scope:
        34      165 demo.cards2.FrenchDeckMeta.RanksIs:method
        40      166 demo.cards2.FrenchDeckMeta.RanksIs:scope:
        42      165 demo.cards2.FrenchDeckMeta.RanksRef:method
        44      166 demo.cards2.FrenchDeckMeta.RanksRef:scope:
        46      169 demo.cards2.FrenchDeckMeta.__init__:method
        56      171 demo.cards2.FrenchDeckMeta.__init__:scope:
