/Users/wmh/src/meta/src/kernel/testdata2/cards2.meta2
         5        0 demo.cards2.FrenchDeck__Meta:class
         6       -1 demo.cards2.FrenchDeck__Meta:comment:
         7       -1 demo.cards2.FrenchDeck__Meta:scope:
         8        0 demo.cards2.FrenchDeck__Meta.Suits/get:method
         9       -1 demo.cards2.FrenchDeck__Meta.Suits/get:scope:
        11        0 demo.cards2.FrenchDeck__Meta.SuitsIs:method
        12       -1 demo.cards2.FrenchDeck__Meta.SuitsIs:scope:
        15        0 demo.cards2.FrenchDeck__Meta.SuitsRef:method
        16       -1 demo.cards2.FrenchDeck__Meta.SuitsRef:scope:
        18        0 demo.cards2.FrenchDeck__Meta.Ranks/get:method
        19       -1 demo.cards2.FrenchDeck__Meta.Ranks/get:scope:
        21        0 demo.cards2.FrenchDeck__Meta.RanksIs:method
        22       -1 demo.cards2.FrenchDeck__Meta.RanksIs:scope:
        25        0 demo.cards2.FrenchDeck__Meta.RanksRef:method
        26       -1 demo.cards2.FrenchDeck__Meta.RanksRef:scope:
        28        0 demo.cards2.FrenchDeck__Meta.__init__:method
        31      152 demo.cards2.FrenchDeck__Meta.__init__:scope:
