     1      2 meta.ex.coverage:comment                 /Users/wmh/src/meta/src/kernel/ex/coverage.meta
     5     19 meta.ex.coverage._pre:text
     4     23 meta.ex.coverage.A:class
     4     23 meta.ex.coverage.A:parent
     5     24 meta.ex.coverage.A:comment
     6     26 meta.ex.coverage.A:scope
    13     29 meta.ex.coverage.A._pre:text
    32     35 meta.ex.coverage.A.g:params
    33     36 meta.ex.coverage.A.g:comment
    37     36 meta.ex.coverage.A.g:scope
    80     61 meta.ex.coverage.A.A:params
    81     62 meta.ex.coverage.A.A:comment
    88     62 meta.ex.coverage.A.A:scope
    94     67 meta.ex.coverage.A.Initialize:params
    95     68 meta.ex.coverage.A.Initialize:comment
    96     68 meta.ex.coverage.A.Initialize:scope
    98     71 meta.ex.coverage.A.func:params
    99     71 meta.ex.coverage.A.func:comment
   109     76 meta.ex.coverage.A.func:scope
   111     79 meta.ex.coverage.A.func2:params
   112     79 meta.ex.coverage.A.func2:comment
   122     84 meta.ex.coverage.A.func2:scope
   124     89 meta.ex.coverage.A._post:text
   126     95 meta.ex.coverage._betweenAandB:text
   125     98 meta.ex.coverage.B:class
   125     98 meta.ex.coverage.B:parent
   126     99 meta.ex.coverage.B:comment
   127    101 meta.ex.coverage.B:scope
   133    103 meta.ex.coverage.B.func2:params
   134    103 meta.ex.coverage.B.func2:comment
   144    108 meta.ex.coverage.B.func2:scope
