/Users/wmh/src/meta2/src/kernel/root.meta2
         5        6 metax.root.ObjectMetaRoot:class
         6        7 metax.root.ObjectMetaRoot:comment:
        14       22 metax.root.ObjectMetaRoot:scope:
        22       23 metax.root.ObjectMetaRoot.metaname/get:method
        24       24 metax.root.ObjectMetaRoot.metaname/get:scope:
        26       23 metax.root.ObjectMetaRoot.metanameIs:method
        32       24 metax.root.ObjectMetaRoot.metanameIs:scope:
        34       23 metax.root.ObjectMetaRoot.metanameRef:method
        36       24 metax.root.ObjectMetaRoot.metanameRef:scope:
        45       30 metax.root.ObjectMetaRoot.metabases/get:method
        47       31 metax.root.ObjectMetaRoot.metabases/get:scope:
        49       30 metax.root.ObjectMetaRoot.metabasesIs:method
        55       31 metax.root.ObjectMetaRoot.metabasesIs:scope:
        57       30 metax.root.ObjectMetaRoot.metabasesRef:method
        59       31 metax.root.ObjectMetaRoot.metabasesRef:scope:
        68       37 metax.root.ObjectMetaRoot.metasymbols/get:method
        70       38 metax.root.ObjectMetaRoot.metasymbols/get:scope:
        72       37 metax.root.ObjectMetaRoot.metasymbolsIs:method
        78       38 metax.root.ObjectMetaRoot.metasymbolsIs:scope:
        80       37 metax.root.ObjectMetaRoot.metasymbolsRef:method
        82       38 metax.root.ObjectMetaRoot.metasymbolsRef:scope:
        84       44 metax.root.ObjectMetaRoot.__init__:method
        85       45 metax.root.ObjectMetaRoot.__init__:comment:
       116        0 metax.root.ObjectMeta:class
       117       -1 metax.root.ObjectMeta:comment:
       120       80 metax.root.Object:class
       121       81 metax.root.Object:comment:
       141      106 metax.root.Object:scope:
       142        0 metax.root.Object.meta:method
       144       -1 metax.root.Object.meta:scope:
       152      139 metax.root.Error:class
       153      140 metax.root.Error:comment:
