/Users/wmh/src/meta2/src/kernel/root.meta2
         4        6 metax.root.ObjectMetaRoot:class
         5        7 metax.root.ObjectMetaRoot:comment:
        13       22 metax.root.ObjectMetaRoot:scope:
        21       23 metax.root.ObjectMetaRoot.metaname/get:method
        23       24 metax.root.ObjectMetaRoot.metaname/get:scope:
        25       23 metax.root.ObjectMetaRoot.metanameIs:method
        31       24 metax.root.ObjectMetaRoot.metanameIs:scope:
        33       23 metax.root.ObjectMetaRoot.metanameRef:method
        35       24 metax.root.ObjectMetaRoot.metanameRef:scope:
        44       30 metax.root.ObjectMetaRoot.metabases/get:method
        46       31 metax.root.ObjectMetaRoot.metabases/get:scope:
        48       30 metax.root.ObjectMetaRoot.metabasesIs:method
        54       31 metax.root.ObjectMetaRoot.metabasesIs:scope:
        56       30 metax.root.ObjectMetaRoot.metabasesRef:method
        58       31 metax.root.ObjectMetaRoot.metabasesRef:scope:
        67       37 metax.root.ObjectMetaRoot.metasymbols/get:method
        69       38 metax.root.ObjectMetaRoot.metasymbols/get:scope:
        71       37 metax.root.ObjectMetaRoot.metasymbolsIs:method
        77       38 metax.root.ObjectMetaRoot.metasymbolsIs:scope:
        79       37 metax.root.ObjectMetaRoot.metasymbolsRef:method
        81       38 metax.root.ObjectMetaRoot.metasymbolsRef:scope:
        83       44 metax.root.ObjectMetaRoot.__init__:method
        84       45 metax.root.ObjectMetaRoot.__init__:comment:
