     1      0 meta.ex.coverage.A:imports               /Users/wmh/src/meta/src/kernel/ex/coverage.meta
     2      0 meta.ex.coverage.A:preamble
     6     19 meta.ex.coverage._pre:text
     5     23 meta.ex.coverage.A:class
     5     23 meta.ex.coverage.A:parent
     6     24 meta.ex.coverage.A:comment
     7     26 meta.ex.coverage.A:scope
    14     29 meta.ex.coverage.A._pre:text
    18      0 meta.ex.coverage.A.count:decorator
    19      0 meta.ex.coverage.A.count:field
    19      0 meta.ex.coverage.A.count:receiver
    19      0 meta.ex.coverage.A.count:scope
    20      0 meta.ex.coverage.A.count:decorator
    21      0 meta.ex.coverage.A.count:field
    21      0 meta.ex.coverage.A.count:receiver
    21      0 meta.ex.coverage.A.count:scope
    22      0 meta.ex.coverage.A.count:decorator
    23      0 meta.ex.coverage.A.count:field
    23      0 meta.ex.coverage.A.count:receiver
    23      0 meta.ex.coverage.A.count:scope
    27      0 meta.ex.coverage.A.num:decorator
    27      0 meta.ex.coverage.A.num:field
    27      0 meta.ex.coverage.A.num:receiver
    27      0 meta.ex.coverage.A.num:scope
    28      0 meta.ex.coverage.A.num:decorator
    29      0 meta.ex.coverage.A.num:field
    29      0 meta.ex.coverage.A.num:receiver
    29      0 meta.ex.coverage.A.num:scope
    30      0 meta.ex.coverage.A.num:decorator
    31      0 meta.ex.coverage.A.num:field
    31      0 meta.ex.coverage.A.num:receiver
    31      0 meta.ex.coverage.A.num:scope
    33      0 meta.ex.coverage.A.g:modifiers
    33      0 meta.ex.coverage.A.g:method
    33     35 meta.ex.coverage.A.g:params
    34     36 meta.ex.coverage.A.g:comment
    38      0 meta.ex.coverage.A.g:preamble
    38     36 meta.ex.coverage.A.g:scope
    43      0 meta.ex.coverage.A.name:decorator
    43      0 meta.ex.coverage.A.name:field
    43      0 meta.ex.coverage.A.name:receiver
    43      0 meta.ex.coverage.A.name:scope
    44      0 meta.ex.coverage.A.name:decorator
    44      0 meta.ex.coverage.A.name:field
    44      0 meta.ex.coverage.A.name:receiver
    44      0 meta.ex.coverage.A.name:scope
    45      0 meta.ex.coverage.A.name:decorator
    46      0 meta.ex.coverage.A.name:field
    46      0 meta.ex.coverage.A.name:receiver
    46      0 meta.ex.coverage.A.name:scope
    51      0 meta.ex.coverage.A.next:decorator
    51      0 meta.ex.coverage.A.next:field
    51      0 meta.ex.coverage.A.next:receiver
    51      0 meta.ex.coverage.A.next:scope
    52      0 meta.ex.coverage.A.next:decorator
    52      0 meta.ex.coverage.A.next:field
    52      0 meta.ex.coverage.A.next:receiver
    52      0 meta.ex.coverage.A.next:scope
    53      0 meta.ex.coverage.A.next:decorator
    53      0 meta.ex.coverage.A.next:field
    53      0 meta.ex.coverage.A.next:receiver
    53      0 meta.ex.coverage.A.next:scope
    60      0 meta.ex.coverage.A.ClassIntVariable:decorator
    61      0 meta.ex.coverage.A.ClassIntVariable:field
    61      0 meta.ex.coverage.A.ClassIntVariable:receiver
    61      0 meta.ex.coverage.A.ClassIntVariable:scope
    62      0 meta.ex.coverage.A.ClassIntVariable:decorator
    63      0 meta.ex.coverage.A.ClassIntVariable:field
    63      0 meta.ex.coverage.A.ClassIntVariable:receiver
    63      0 meta.ex.coverage.A.ClassIntVariable:scope
    64      0 meta.ex.coverage.A.ClassIntVariable:decorator
    65      0 meta.ex.coverage.A.ClassIntVariable:field
    65      0 meta.ex.coverage.A.ClassIntVariable:receiver
    65      0 meta.ex.coverage.A.ClassIntVariable:scope
    74      0 meta.ex.coverage.A.ClassFloatVariable:decorator
    75      0 meta.ex.coverage.A.ClassFloatVariable:field
    75      0 meta.ex.coverage.A.ClassFloatVariable:receiver
    75      0 meta.ex.coverage.A.ClassFloatVariable:scope
    76      0 meta.ex.coverage.A.ClassFloatVariable:decorator
    77      0 meta.ex.coverage.A.ClassFloatVariable:field
    77      0 meta.ex.coverage.A.ClassFloatVariable:receiver
    77      0 meta.ex.coverage.A.ClassFloatVariable:scope
    78      0 meta.ex.coverage.A.ClassFloatVariable:decorator
    79      0 meta.ex.coverage.A.ClassFloatVariable:field
    79      0 meta.ex.coverage.A.ClassFloatVariable:receiver
    79      0 meta.ex.coverage.A.ClassFloatVariable:scope
    81     61 meta.ex.coverage.A.A:params
    82     62 meta.ex.coverage.A.A:comment
    83      0 meta.ex.coverage.A.A:preamble
    89     62 meta.ex.coverage.A.A:scope
    94      0 meta.ex.coverage.A.Initialize:modifiers
    95      0 meta.ex.coverage.A.Initialize:method
    95     67 meta.ex.coverage.A.Initialize:params
    96     68 meta.ex.coverage.A.Initialize:comment
    97      0 meta.ex.coverage.A.Initialize:preamble
    97     68 meta.ex.coverage.A.Initialize:scope
    99      0 meta.ex.coverage.A.func:modifiers
    99      0 meta.ex.coverage.A.func:method
    99     71 meta.ex.coverage.A.func:params
   100     71 meta.ex.coverage.A.func:comment
   110      0 meta.ex.coverage.A.func:preamble
   110     76 meta.ex.coverage.A.func:scope
   112      0 meta.ex.coverage.A.func2:modifiers
   112      0 meta.ex.coverage.A.func2:method
   112     79 meta.ex.coverage.A.func2:params
   113     79 meta.ex.coverage.A.func2:comment
   123      0 meta.ex.coverage.A.func2:preamble
   123     84 meta.ex.coverage.A.func2:scope
   125     89 meta.ex.coverage.A._post:text
