     1      0 meta.root.Meta__Object:imports           /Users/wmh/src/meta/src/kernel/root.meta
     6      0 meta.root.Meta__Object:preamble
     8      6 meta.root.Meta__Object:class
     8      0 meta.root.Meta__Object:parent
     9      1 meta.root.Meta__Object:comment
    10      1 meta.root.Meta__Object:scope
    14      0 meta.root.Meta__Object.Resource:modifiers
    14    185 meta.root.Meta__Object.Resource:method
    14    196 meta.root.Meta__Object.Resource:params
    15    186 meta.root.Meta__Object.Resource:comment
    37      0 meta.root.Meta__Object.Resource:preamble
    37    205 meta.root.Meta__Object.Resource:scope
    60      0 meta.root.Meta__Object.metaSummary:modifiers
    60      0 meta.root.Meta__Object.metaSummary:method
    60      1 meta.root.Meta__Object.metaSummary:params
    61      1 meta.root.Meta__Object.metaSummary:comment
    69      0 meta.root.Meta__Object.metaSummary:preamble
    69      1 meta.root.Meta__Object.metaSummary:scope
    71      0 meta.root.Meta__Object.metaStream:modifiers
    71      0 meta.root.Meta__Object.metaStream:method
    71      1 meta.root.Meta__Object.metaStream:params
    72      1 meta.root.Meta__Object.metaStream:comment
    82      0 meta.root.Meta__Object.metaStream:preamble
    82      1 meta.root.Meta__Object.metaStream:scope
