     1      0 meta.root.Object:imports                 /Users/wmh/src/meta/src/kernel/root.meta
    10      0 meta.root.Object:preamble
    12      6 meta.root.Object:class
    12      7 meta.root.Object:parent
    13     13 meta.root.Object:comment
    20      0 meta.root.Object:header
    21     34 meta.root.Object:scope
    26      0 meta.root.Object.Resource:modifiers
    27     88 meta.root.Object.Resource:method
    27     99 meta.root.Object.Resource:params
    28     89 meta.root.Object.Resource:comment
    50      0 meta.root.Object.Resource:preamble
    50    108 meta.root.Object.Resource:scope
    88      0 meta.root.Object.ShowHierarchy:modifiers
    89    152 meta.root.Object.ShowHierarchy:method
    89    155 meta.root.Object.ShowHierarchy:params
    90    153 meta.root.Object.ShowHierarchy:comment
    96      0 meta.root.Object.ShowHierarchy:preamble
    96    158 meta.root.Object.ShowHierarchy:scope
   104    172 meta.root.Object.Meta__19_id:method
   104    172 meta.root.Object.Meta__19_id:params
   105    173 meta.root.Object.Meta__19_id:comment
   106      0 meta.root.Object.Meta__19_id:preamble
   109      0 meta.root.Object._meta__protected:modifiers
   110    210 meta.root.Object._meta__protected:method
   110    218 meta.root.Object._meta__protected:params
   111    211 meta.root.Object._meta__protected:comment
   122      0 meta.root.Object._meta__protected:preamble
   122    221 meta.root.Object._meta__protected:scope
   138      0 meta.root.Object._meta__private:modifiers
   139    239 meta.root.Object._meta__private:method
   139    247 meta.root.Object._meta__private:params
   140    240 meta.root.Object._meta__private:comment
   151      0 meta.root.Object._meta__private:preamble
   151    250 meta.root.Object._meta__private:scope
   171      0 meta.root.Object.metaSummary:modifiers
   171    286 meta.root.Object.metaSummary:method
   171    286 meta.root.Object.metaSummary:params
   172    287 meta.root.Object.metaSummary:comment
   180      0 meta.root.Object.metaSummary:preamble
   180    295 meta.root.Object.metaSummary:scope
   182      0 meta.root.Object.metaStream:modifiers
   182    298 meta.root.Object.metaStream:method
   182    315 meta.root.Object.metaStream:params
   183    299 meta.root.Object.metaStream:comment
   212      0 meta.root.Object.metaStream:preamble
   212    327 meta.root.Object.metaStream:scope
   214      0 meta.root.Object.metaPrint:modifiers
   214    330 meta.root.Object.metaPrint:method
   214    346 meta.root.Object.metaPrint:params
   215    331 meta.root.Object.metaPrint:comment
   243      0 meta.root.Object.metaPrint:preamble
   243    362 meta.root.Object.metaPrint:scope
