     2      1 meta.core_test:comment                   /Users/wmh/src/meta/src/kernel/root.meta
    13      1 meta.core_test.LoggerTestMetaClass.Meta__50_id:params
    14      1 meta.core_test.LoggerTestMetaClass.Meta__50_id:comment
    26    432 meta.core_test.LoggerTest:class
    27      1 meta.core_test.LoggerTest:comment
    30      1 meta.core_test.LoggerTest.Meta__55_id:params
    31      1 meta.core_test.LoggerTest.Meta__55_id:comment
    39    438 meta.core_test.LoggerTest.setUp:method
    39    438 meta.core_test.LoggerTest.setUp:params
    40    439 meta.core_test.LoggerTest.setUp:comment
    42    440 meta.core_test.LoggerTest.setUp:scope
    47    450 meta.core_test.LoggerTest.test_fpIs:method
    47    450 meta.core_test.LoggerTest.test_fpIs:params
    48    451 meta.core_test.LoggerTest.test_fpIs:comment
    48    454 meta.core_test.LoggerTest.test_fpIs:scope
    55    471 meta.core_test.LoggerTest.test_info:method
    55    471 meta.core_test.LoggerTest.test_info:params
    56    472 meta.core_test.LoggerTest.test_info:comment
    56    484 meta.core_test.LoggerTest.test_info:scope
    63    502 meta.core_test.LoggerTest.test_indent:method
    63    502 meta.core_test.LoggerTest.test_indent:params
    64    503 meta.core_test.LoggerTest.test_indent:comment
    64    507 meta.core_test.LoggerTest.test_indent:scope
    72    515 meta.core_test.LoggerTest.test_undent:method
    72    515 meta.core_test.LoggerTest.test_undent:params
    73    516 meta.core_test.LoggerTest.test_undent:comment
    73    520 meta.core_test.LoggerTest.test_undent:scope
