     2    428 meta.core:comment                        /Users/wmh/src/meta/src/kernel/root.meta
    11      1 meta.core.LoggerMetaClass.Meta__51_id:params
    12      1 meta.core.LoggerMetaClass.Meta__51_id:comment
    23    432 meta.core.Logger:class
    23     -1 meta.core.Logger:parent
    24    436 meta.core.Logger:comment
    26    449 meta.core.Logger:scope
    30    450 meta.core.Logger.fp.get:method
    30    450 meta.core.Logger.fp.get:params
    31    451 meta.core.Logger.fp.get:comment
    32    451 meta.core.Logger.fp.get:scope
    34    450 meta.core.Logger.fpIs:method
    34      1 meta.core.Logger.fpIs:params
    35    451 meta.core.Logger.fpIs:comment
    42    451 meta.core.Logger.fpIs:scope
    48    462 meta.core.Logger.level.get:method
    48    462 meta.core.Logger.level.get:params
    49    463 meta.core.Logger.level.get:comment
    50    463 meta.core.Logger.level.get:scope
    52    462 meta.core.Logger.levelIs:method
    52      1 meta.core.Logger.levelIs:params
    53    463 meta.core.Logger.levelIs:comment
    60    463 meta.core.Logger.levelIs:scope
    63    465 meta.core.Logger._:method
    63    466 meta.core.Logger._:params
    64    466 meta.core.Logger._:comment
    72    468 meta.core.Logger._:scope
    74    471 meta.core.Logger.info:method
    74    474 meta.core.Logger.info:params
    75    472 meta.core.Logger.info:comment
    83    479 meta.core.Logger.info:scope
    88    491 meta.core.Logger.uninfo:method
    88    494 meta.core.Logger.uninfo:params
    89    492 meta.core.Logger.uninfo:comment
    97    499 meta.core.Logger.uninfo:scope
   100    502 meta.core.Logger.indent:method
   100    502 meta.core.Logger.indent:params
   101    503 meta.core.Logger.indent:comment
   102    505 meta.core.Logger.indent:scope
   104    515 meta.core.Logger.undent:method
   104    515 meta.core.Logger.undent:params
   105    516 meta.core.Logger.undent:comment
   106    518 meta.core.Logger.undent:scope
   108      1 meta.core.Logger.metaSummary:params
   109      1 meta.core.Logger.metaSummary:comment
   117      1 meta.core.Logger.metaSummary:scope
   119      1 meta.core.Logger.metaStream:params
   120      1 meta.core.Logger.metaStream:comment
   130      1 meta.core.Logger.metaStream:scope
   145    398 meta.core.Meta__Logger:class
   146      1 meta.core.Meta__Logger:comment
