     2   2909 meta.errors:comment                      /Users/wmh/src/meta/src/kernel/root.meta
    15   2919 meta.errors.ErrorMetaClass:class
    18      1 meta.errors.ErrorMetaClass.Meta__22_id:params
    19      1 meta.errors.ErrorMetaClass.Meta__22_id:comment
    30   2919 meta.errors.Error:class
    30   2925 meta.errors.Error:parent
    31   2920 meta.errors.Error:comment
    38   2920 meta.errors.Error:scope
    39      1 meta.errors.Error.Meta__23_id:params
    40      1 meta.errors.Error.Meta__23_id:comment
    56      1 meta.errors.InvalidTypeMetaClass.Meta__40_id:params
    57      1 meta.errors.InvalidTypeMetaClass.Meta__40_id:comment
    69   2943 meta.errors.InvalidType:class
    69   2943 meta.errors.InvalidType:parent
    70   2944 meta.errors.InvalidType:comment
    72      1 meta.errors.InvalidType.Meta__41_id:params
    73      1 meta.errors.InvalidType.Meta__41_id:comment
    89      1 meta.errors.InvalidConstructIdMetaClass.Meta__42_id:params
    90      1 meta.errors.InvalidConstructIdMetaClass.Meta__42_id:comment
   102   2944 meta.errors.InvalidConstructId:class
   102   2944 meta.errors.InvalidConstructId:parent
   103   2945 meta.errors.InvalidConstructId:comment
   105      1 meta.errors.InvalidConstructId.Meta__43_id:params
   106      1 meta.errors.InvalidConstructId.Meta__43_id:comment
   122      1 meta.errors.InvalidAttributeKeyMetaClass.Meta__44_id:params
   123      1 meta.errors.InvalidAttributeKeyMetaClass.Meta__44_id:comment
   135   2945 meta.errors.InvalidAttributeKey:class
   135   2945 meta.errors.InvalidAttributeKey:parent
   136   2946 meta.errors.InvalidAttributeKey:comment
   138      1 meta.errors.InvalidAttributeKey.Meta__45_id:params
   139      1 meta.errors.InvalidAttributeKey.Meta__45_id:comment
   155      1 meta.errors.RequiredAttributeValueMetaClass.Meta__34_id:params
   156      1 meta.errors.RequiredAttributeValueMetaClass.Meta__34_id:comment
   168   2946 meta.errors.RequiredAttributeValue:class
   168   2946 meta.errors.RequiredAttributeValue:parent
   169   2947 meta.errors.RequiredAttributeValue:comment
   171      1 meta.errors.RequiredAttributeValue.Meta__35_id:params
   172      1 meta.errors.RequiredAttributeValue.Meta__35_id:comment
   188      1 meta.errors.InternalErrorMetaClass.Meta__46_id:params
   189      1 meta.errors.InternalErrorMetaClass.Meta__46_id:comment
   201   2947 meta.errors.InternalError:class
   201   2947 meta.errors.InternalError:parent
   202   2948 meta.errors.InternalError:comment
   204      1 meta.errors.InternalError.Meta__47_id:params
   205      1 meta.errors.InternalError.Meta__47_id:comment
   221      1 meta.errors.SyntaxErrorMetaClass.Meta__32_id:params
   222      1 meta.errors.SyntaxErrorMetaClass.Meta__32_id:comment
   234   2948 meta.errors.SyntaxError:class
   234   2948 meta.errors.SyntaxError:parent
   235   2949 meta.errors.SyntaxError:comment
   237      1 meta.errors.SyntaxError.Meta__33_id:params
   238      1 meta.errors.SyntaxError.Meta__33_id:comment
   254      1 meta.errors.ExitingMetaClass.Meta__48_id:params
   255      1 meta.errors.ExitingMetaClass.Meta__48_id:comment
   266   2949 meta.errors.Exiting:class
   266   2949 meta.errors.Exiting:parent
   267   2950 meta.errors.Exiting:comment
   269      1 meta.errors.Exiting.Meta__49_id:params
   270      1 meta.errors.Exiting.Meta__49_id:comment
   286      1 meta.errors.PrivateMethodMetaClass.Meta__38_id:params
   287      1 meta.errors.PrivateMethodMetaClass.Meta__38_id:comment
   299   2951 meta.errors.PrivateMethod:class
   299   2951 meta.errors.PrivateMethod:parent
   300   2952 meta.errors.PrivateMethod:comment
   302      1 meta.errors.PrivateMethod.Meta__39_id:params
   303      1 meta.errors.PrivateMethod.Meta__39_id:comment
   319      1 meta.errors.ProtectedMethodMetaClass.Meta__36_id:params
   320      1 meta.errors.ProtectedMethodMetaClass.Meta__36_id:comment
   332   2954 meta.errors.ProtectedMethod:class
   332   2954 meta.errors.ProtectedMethod:parent
   333   2955 meta.errors.ProtectedMethod:comment
   335      1 meta.errors.ProtectedMethod.Meta__37_id:params
   336      1 meta.errors.ProtectedMethod.Meta__37_id:comment
