     2      2 meta.root:comment                        /Users/wmh/src/meta/src/kernel/root.meta
    13      6 meta.root.ObjectMetaClass:class
    16      1 meta.root.ObjectMetaClass.Meta__18_id:params
    17      1 meta.root.ObjectMetaClass.Meta__18_id:comment
    28      6 meta.root.Object:class
    28      7 meta.root.Object:parent
    29     13 meta.root.Object:comment
    37     34 meta.root.Object:scope
    43     88 meta.root.Object.Resource:method
    43     99 meta.root.Object.Resource:params
    44     89 meta.root.Object.Resource:comment
    66    108 meta.root.Object.Resource:scope
   105    152 meta.root.Object.ShowHierarchy:method
   105    155 meta.root.Object.ShowHierarchy:params
   106    153 meta.root.Object.ShowHierarchy:comment
   112    158 meta.root.Object.ShowHierarchy:scope
   120    172 meta.root.Object.Meta__19_id:method
   120    172 meta.root.Object.Meta__19_id:params
   121    173 meta.root.Object.Meta__19_id:comment
   126    210 meta.root.Object._meta__protected:method
   126    218 meta.root.Object._meta__protected:params
   127    211 meta.root.Object._meta__protected:comment
   138    221 meta.root.Object._meta__protected:scope
   155    239 meta.root.Object._meta__private:method
   155    247 meta.root.Object._meta__private:params
   156    240 meta.root.Object._meta__private:comment
   167    250 meta.root.Object._meta__private:scope
   187    286 meta.root.Object.metaSummary:method
   187    286 meta.root.Object.metaSummary:params
   188    287 meta.root.Object.metaSummary:comment
   196    295 meta.root.Object.metaSummary:scope
   198    298 meta.root.Object.metaStream:method
   198    315 meta.root.Object.metaStream:params
   199    299 meta.root.Object.metaStream:comment
   228    327 meta.root.Object.metaStream:scope
   230    330 meta.root.Object.metaPrint:method
   230    346 meta.root.Object.metaPrint:params
   231    331 meta.root.Object.metaPrint:comment
   259    362 meta.root.Object.metaPrint:scope
   265    403 meta.root._post_Object:text
   272      1 meta.root.ExceptionMetaClass.Meta__20_id:params
   273      1 meta.root.ExceptionMetaClass.Meta__20_id:comment
   284    406 meta.root.Exception:class
   284    409 meta.root.Exception:parent
   285    407 meta.root.Exception:comment
   289    414 meta.root.Exception:scope
   290      1 meta.root.Exception.Meta__21_id:params
   291      1 meta.root.Exception.Meta__21_id:comment
   304    372 meta.root.Meta__Exception:class
   305      1 meta.root.Meta__Exception:comment
   312      6 meta.root.Meta__Object:class
   313      1 meta.root.Meta__Object:comment
   314      1 meta.root.Meta__Object:scope
   318    185 meta.root.Meta__Object.Resource:method
   318    196 meta.root.Meta__Object.Resource:params
   319    186 meta.root.Meta__Object.Resource:comment
   341    205 meta.root.Meta__Object.Resource:scope
   364      1 meta.root.Meta__Object.metaSummary:params
   365      1 meta.root.Meta__Object.metaSummary:comment
   373      1 meta.root.Meta__Object.metaSummary:scope
   375      1 meta.root.Meta__Object.metaStream:params
   376      1 meta.root.Meta__Object.metaStream:comment
   386      1 meta.root.Meta__Object.metaStream:scope
