     2      1 meta.testing_test:comment                /Users/wmh/src/meta/src/kernel/root.meta
    13   2880 meta.testing_test.TestCaseMetaClass:class
    16      1 meta.testing_test.TestCaseMetaClass.Meta__11_id:params
    17      1 meta.testing_test.TestCaseMetaClass.Meta__11_id:comment
    28   2880 meta.testing_test.TestCase:class
    28   2880 meta.testing_test.TestCase:parent
    29   2881 meta.testing_test.TestCase:comment
    53   2904 meta.testing_test.TestCase:scope
    54      1 meta.testing_test.TestCase.Meta__12_id:params
    55      1 meta.testing_test.TestCase.Meta__12_id:comment
    70      1 meta.testing_test.TestCaseTestMetaClass.Meta__24_id:params
    71      1 meta.testing_test.TestCaseTestMetaClass.Meta__24_id:comment
    83    543 meta.testing_test.TestCaseTest:class
    84      1 meta.testing_test.TestCaseTest:comment
    86      1 meta.testing_test.TestCaseTest:scope
    87      1 meta.testing_test.TestCaseTest.Meta__52_id:params
    88      1 meta.testing_test.TestCaseTest.Meta__52_id:comment
    99   2554 meta.testing_test.TestCaseTest.tc.get:method
    99   2554 meta.testing_test.TestCaseTest.tc.get:params
   100   2555 meta.testing_test.TestCaseTest.tc.get:comment
   101   2555 meta.testing_test.TestCaseTest.tc.get:scope
   103   2554 meta.testing_test.TestCaseTest.tcIs:method
   103      1 meta.testing_test.TestCaseTest.tcIs:params
   104   2555 meta.testing_test.TestCaseTest.tcIs:comment
   111   2555 meta.testing_test.TestCaseTest.tcIs:scope
   114   2557 meta.testing_test.TestCaseTest.setUp:method
   114   2557 meta.testing_test.TestCaseTest.setUp:params
   115   2558 meta.testing_test.TestCaseTest.setUp:comment
   115   2559 meta.testing_test.TestCaseTest.setUp:scope
   118   2563 meta.testing_test.TestCaseTest.tearDown:method
   118   2563 meta.testing_test.TestCaseTest.tearDown:params
   119   2564 meta.testing_test.TestCaseTest.tearDown:comment
   119   2565 meta.testing_test.TestCaseTest.tearDown:scope
   121   1057 meta.testing_test.TestCaseTest.test_setenv:method
   121   1057 meta.testing_test.TestCaseTest.test_setenv:params
   122   1058 meta.testing_test.TestCaseTest.test_setenv:comment
   122   1069 meta.testing_test.TestCaseTest.test_setenv:scope
   131   1106 meta.testing_test.TestCaseTest.test_captureStdout:method
   131   1106 meta.testing_test.TestCaseTest.test_captureStdout:params
   132   1107 meta.testing_test.TestCaseTest.test_captureStdout:comment
   132   1113 meta.testing_test.TestCaseTest.test_captureStdout:scope
   140   1123 meta.testing_test.TestCaseTest.test_getStdout:method
   140   1123 meta.testing_test.TestCaseTest.test_getStdout:params
   141   1124 meta.testing_test.TestCaseTest.test_getStdout:comment
   141   1137 meta.testing_test.TestCaseTest.test_getStdout:scope
   144   1142 meta.testing_test.TestCaseTest.test_captureStderr:method
   144   1142 meta.testing_test.TestCaseTest.test_captureStderr:params
   145   1143 meta.testing_test.TestCaseTest.test_captureStderr:comment
   145   1149 meta.testing_test.TestCaseTest.test_captureStderr:scope
   153   1159 meta.testing_test.TestCaseTest.test_getStderr:method
   153   1159 meta.testing_test.TestCaseTest.test_getStderr:params
   154   1160 meta.testing_test.TestCaseTest.test_getStderr:comment
   154   1173 meta.testing_test.TestCaseTest.test_getStderr:scope
   157   1178 meta.testing_test.TestCaseTest.test_newMox:method
   157   1178 meta.testing_test.TestCaseTest.test_newMox:params
   158   1179 meta.testing_test.TestCaseTest.test_newMox:comment
   158   1216 meta.testing_test.TestCaseTest.test_newMox:scope
   180   1254 meta.testing_test.TestCaseTest.test_fp:method
   180   1254 meta.testing_test.TestCaseTest.test_fp:params
   181   1255 meta.testing_test.TestCaseTest.test_fp:comment
   181   1268 meta.testing_test.TestCaseTest.test_fp:scope
   183   1273 meta.testing_test.TestCaseTest.test_tmpFile:method
   183   1273 meta.testing_test.TestCaseTest.test_tmpFile:params
   184   1274 meta.testing_test.TestCaseTest.test_tmpFile:comment
   184   1285 meta.testing_test.TestCaseTest.test_tmpFile:scope
   195   1299 meta.testing_test.TestCaseTest.test_tmpDir:method
   195   1299 meta.testing_test.TestCaseTest.test_tmpDir:params
   196   1300 meta.testing_test.TestCaseTest.test_tmpDir:comment
   196   1310 meta.testing_test.TestCaseTest.test_tmpDir:scope
   207   1324 meta.testing_test.TestCaseTest.test_fileContents:method
   207   1324 meta.testing_test.TestCaseTest.test_fileContents:params
   208   1325 meta.testing_test.TestCaseTest.test_fileContents:comment
   208   1337 meta.testing_test.TestCaseTest.test_fileContents:scope
   214   1346 meta.testing_test.TestCaseTest.test_isInteractive:method
   214   1346 meta.testing_test.TestCaseTest.test_isInteractive:params
   215   1347 meta.testing_test.TestCaseTest.test_isInteractive:comment
   215   1352 meta.testing_test.TestCaseTest.test_isInteractive:scope
   217   1372 meta.testing_test.TestCaseTest.test_setupSharedFilesystem:method
   217   1372 meta.testing_test.TestCaseTest.test_setupSharedFilesystem:params
   218   1373 meta.testing_test.TestCaseTest.test_setupSharedFilesystem:comment
   218   1390 meta.testing_test.TestCaseTest.test_setupSharedFilesystem:scope
   234   1408 meta.testing_test.TestCaseTest.test_setupFilesystem:method
   234   1408 meta.testing_test.TestCaseTest.test_setupFilesystem:params
   235   1409 meta.testing_test.TestCaseTest.test_setupFilesystem:comment
   237   1464 meta.testing_test.TestCaseTest.test_setupFilesystem:scope
   265   1494 meta.testing_test.TestCaseTest.test_populateFilesystem:method
   265   1494 meta.testing_test.TestCaseTest.test_populateFilesystem:params
   266   1495 meta.testing_test.TestCaseTest.test_populateFilesystem:comment
   268   1590 meta.testing_test.TestCaseTest.test_populateFilesystem:scope
   351   1675 meta.testing_test.TestCaseTest.test_fakeFile:method
   351   1675 meta.testing_test.TestCaseTest.test_fakeFile:params
   352   1676 meta.testing_test.TestCaseTest.test_fakeFile:comment
   352   1692 meta.testing_test.TestCaseTest.test_fakeFile:scope
   363   1705 meta.testing_test.TestCaseTest.test_fakeFileExists:method
   363   1705 meta.testing_test.TestCaseTest.test_fakeFileExists:params
   364   1706 meta.testing_test.TestCaseTest.test_fakeFileExists:comment
   364   1714 meta.testing_test.TestCaseTest.test_fakeFileExists:scope
   366   1718 meta.testing_test.TestCaseTest.test_fakeContents:method
   366   1718 meta.testing_test.TestCaseTest.test_fakeContents:params
   367   1719 meta.testing_test.TestCaseTest.test_fakeContents:comment
   367   1731 meta.testing_test.TestCaseTest.test_fakeContents:scope
   376   1742 meta.testing_test.TestCaseTest.test__readFile:method
   376   1742 meta.testing_test.TestCaseTest.test__readFile:params
   377   1743 meta.testing_test.TestCaseTest.test__readFile:comment
   377   1753 meta.testing_test.TestCaseTest.test__readFile:scope
   379   1757 meta.testing_test.TestCaseTest.test_revertFilesystem:method
   379   1757 meta.testing_test.TestCaseTest.test_revertFilesystem:params
   380   1758 meta.testing_test.TestCaseTest.test_revertFilesystem:comment
   380   1771 meta.testing_test.TestCaseTest.test_revertFilesystem:scope
   388   1858 meta.testing_test.TestCaseTest.test_startswith:method
   388   1858 meta.testing_test.TestCaseTest.test_startswith:params
   389   1859 meta.testing_test.TestCaseTest.test_startswith:comment
   389   1866 meta.testing_test.TestCaseTest.test_startswith:scope
   395      1 meta.testing_test.FakeFcntlTestMetaClass.Meta__27_id:params
   396      1 meta.testing_test.FakeFcntlTestMetaClass.Meta__27_id:comment
   408   2579 meta.testing_test.FakeFcntlTest:class
   409      1 meta.testing_test.FakeFcntlTest:comment
   412      1 meta.testing_test.FakeFcntlTest.Meta__28_id:params
   413      1 meta.testing_test.FakeFcntlTest.Meta__28_id:comment
   421   2593 meta.testing_test.FakeFcntlTest.test_FakeFcntl:method
   421   2593 meta.testing_test.FakeFcntlTest.test_FakeFcntl:params
   422   2594 meta.testing_test.FakeFcntlTest.test_FakeFcntl:comment
   422   2598 meta.testing_test.FakeFcntlTest.test_FakeFcntl:scope
   424   2601 meta.testing_test.FakeFcntlTest.test_fcntl:method
   424   2601 meta.testing_test.FakeFcntlTest.test_fcntl:params
   425   2602 meta.testing_test.FakeFcntlTest.test_fcntl:comment
   425   2608 meta.testing_test.FakeFcntlTest.test_fcntl:scope
   429   2613 meta.testing_test.FakeFcntlTest.test_ioctl:method
   429   2613 meta.testing_test.FakeFcntlTest.test_ioctl:params
   430   2614 meta.testing_test.FakeFcntlTest.test_ioctl:comment
   430   2621 meta.testing_test.FakeFcntlTest.test_ioctl:scope
   434   2626 meta.testing_test.FakeFcntlTest.test_flock:method
   434   2626 meta.testing_test.FakeFcntlTest.test_flock:params
   435   2627 meta.testing_test.FakeFcntlTest.test_flock:comment
   435   2632 meta.testing_test.FakeFcntlTest.test_flock:scope
   439   2637 meta.testing_test.FakeFcntlTest.test_lockf:method
   439   2637 meta.testing_test.FakeFcntlTest.test_lockf:params
   440   2638 meta.testing_test.FakeFcntlTest.test_lockf:comment
   440   2646 meta.testing_test.FakeFcntlTest.test_lockf:scope
   448      1 meta.testing_test.StubHolderTestMetaClass.Meta__25_id:params
   449      1 meta.testing_test.StubHolderTestMetaClass.Meta__25_id:comment
   461   2653 meta.testing_test.StubHolderTest:class
   462      1 meta.testing_test.StubHolderTest:comment
   464      1 meta.testing_test.StubHolderTest:scope
   465      1 meta.testing_test.StubHolderTest.Meta__26_id:params
   466      1 meta.testing_test.StubHolderTest.Meta__26_id:comment
   474   2671 meta.testing_test.StubHolderTest.test_Meta__9_id:method
   474   2671 meta.testing_test.StubHolderTest.test_Meta__9_id:params
   475   2672 meta.testing_test.StubHolderTest.test_Meta__9_id:comment
   475   2675 meta.testing_test.StubHolderTest.test_Meta__9_id:scope
   477   2678 meta.testing_test.StubHolderTest.test___del__:method
   477   2678 meta.testing_test.StubHolderTest.test___del__:params
   478   2679 meta.testing_test.StubHolderTest.test___del__:comment
   478   2686 meta.testing_test.StubHolderTest.test___del__:scope
   480   2689 meta.testing_test.StubHolderTest.test___enter__:method
   480   2689 meta.testing_test.StubHolderTest.test___enter__:params
   481   2690 meta.testing_test.StubHolderTest.test___enter__:comment
   481   2692 meta.testing_test.StubHolderTest.test___enter__:scope
   483   2695 meta.testing_test.StubHolderTest.test___exit__:method
   483   2695 meta.testing_test.StubHolderTest.test___exit__:params
   484   2696 meta.testing_test.StubHolderTest.test___exit__:comment
   484   2702 meta.testing_test.StubHolderTest.test___exit__:scope
   486   2705 meta.testing_test.StubHolderTest.test_CleanUp:method
   486   2705 meta.testing_test.StubHolderTest.test_CleanUp:params
   487   2706 meta.testing_test.StubHolderTest.test_CleanUp:comment
   487   2711 meta.testing_test.StubHolderTest.test_CleanUp:scope
   489   2714 meta.testing_test.StubHolderTest.test_SmartSet:method
   489   2714 meta.testing_test.StubHolderTest.test_SmartSet:params
   490   2715 meta.testing_test.StubHolderTest.test_SmartSet:comment
   490   2776 meta.testing_test.StubHolderTest.test_SmartSet:scope
   492   2779 meta.testing_test.StubHolderTest.test_SmartUnsetAll:method
   492   2779 meta.testing_test.StubHolderTest.test_SmartUnsetAll:params
   493   2780 meta.testing_test.StubHolderTest.test_SmartUnsetAll:comment
   493   2793 meta.testing_test.StubHolderTest.test_SmartUnsetAll:scope
   495   2796 meta.testing_test.StubHolderTest.test_Set:method
   495   2796 meta.testing_test.StubHolderTest.test_Set:params
   496   2797 meta.testing_test.StubHolderTest.test_Set:comment
   496   2824 meta.testing_test.StubHolderTest.test_Set:scope
   498   2827 meta.testing_test.StubHolderTest.test_UnsetAll:method
   498   2827 meta.testing_test.StubHolderTest.test_UnsetAll:params
   499   2828 meta.testing_test.StubHolderTest.test_UnsetAll:comment
   499   2842 meta.testing_test.StubHolderTest.test_UnsetAll:scope
