     2    531 meta.testing:comment                     /Users/wmh/src/meta/src/kernel/root.meta
    23    536 meta.testing.Meta__3_id:text
    32      1 meta.testing.ErrorMetaClass.Meta__16_id:params
    33      1 meta.testing.ErrorMetaClass.Meta__16_id:comment
    44    541 meta.testing.Error:class
    44    541 meta.testing.Error:parent
    45    542 meta.testing.Error:comment
    46    542 meta.testing.Error:scope
    47      1 meta.testing.Error.Meta__17_id:params
    48      1 meta.testing.Error.Meta__17_id:comment
    61    543 meta.testing.TestCaseMetaClass:class
    64      1 meta.testing.TestCaseMetaClass.Meta__13_id:params
    65      1 meta.testing.TestCaseMetaClass.Meta__13_id:comment
    76    543 meta.testing.TestCase:class
    76    627 meta.testing.TestCase:parent
    77    544 meta.testing.TestCase:comment
   162    693 meta.testing.TestCase:scope
   164    695 meta.testing.TestCase.setUpClass:method
   164    695 meta.testing.TestCase.setUpClass:params
   165    696 meta.testing.TestCase.setUpClass:comment
   168    698 meta.testing.TestCase.setUpClass:scope
   172    703 meta.testing.TestCase.tearDownClass:method
   172    703 meta.testing.TestCase.tearDownClass:params
   173    704 meta.testing.TestCase.tearDownClass:comment
   174    706 meta.testing.TestCase.tearDownClass:scope
   179    711 meta.testing.TestCase.Resource:method
   179    722 meta.testing.TestCase.Resource:params
   180    712 meta.testing.TestCase.Resource:comment
   200    729 meta.testing.TestCase.Resource:scope
   229    755 meta.testing.TestCase.debug.get:method
   229    755 meta.testing.TestCase.debug.get:params
   230    756 meta.testing.TestCase.debug.get:comment
   231    756 meta.testing.TestCase.debug.get:scope
   233    755 meta.testing.TestCase.debugIs:method
   233      1 meta.testing.TestCase.debugIs:params
   234    756 meta.testing.TestCase.debugIs:comment
   241    756 meta.testing.TestCase.debugIs:scope
   248    758 meta.testing.TestCase.useold.get:method
   248    758 meta.testing.TestCase.useold.get:params
   249    759 meta.testing.TestCase.useold.get:comment
   250    759 meta.testing.TestCase.useold.get:scope
   252    758 meta.testing.TestCase.useoldIs:method
   252      1 meta.testing.TestCase.useoldIs:params
   253    759 meta.testing.TestCase.useoldIs:comment
   260    759 meta.testing.TestCase.useoldIs:scope
   270    761 meta.testing.TestCase.uid.get:method
   270    761 meta.testing.TestCase.uid.get:params
   271    762 meta.testing.TestCase.uid.get:comment
   272    762 meta.testing.TestCase.uid.get:scope
   274    761 meta.testing.TestCase.uidIs:method
   274      1 meta.testing.TestCase.uidIs:params
   275    762 meta.testing.TestCase.uidIs:comment
   282    762 meta.testing.TestCase.uidIs:scope
   288    768 meta.testing.TestCase.tmpfiles.get:method
   288    768 meta.testing.TestCase.tmpfiles.get:params
   289    769 meta.testing.TestCase.tmpfiles.get:comment
   290    769 meta.testing.TestCase.tmpfiles.get:scope
   292    768 meta.testing.TestCase.tmpfilesIs:method
   292      1 meta.testing.TestCase.tmpfilesIs:params
   293    769 meta.testing.TestCase.tmpfilesIs:comment
   300    769 meta.testing.TestCase.tmpfilesIs:scope
   306    770 meta.testing.TestCase.tmpdirs.get:method
   306    770 meta.testing.TestCase.tmpdirs.get:params
   307    771 meta.testing.TestCase.tmpdirs.get:comment
   308    771 meta.testing.TestCase.tmpdirs.get:scope
   310    770 meta.testing.TestCase.tmpdirsIs:method
   310      1 meta.testing.TestCase.tmpdirsIs:params
   311    771 meta.testing.TestCase.tmpdirsIs:comment
   318    771 meta.testing.TestCase.tmpdirsIs:scope
   325    772 meta.testing.TestCase.moxlist.get:method
   325    772 meta.testing.TestCase.moxlist.get:params
   326    773 meta.testing.TestCase.moxlist.get:comment
   327    773 meta.testing.TestCase.moxlist.get:scope
   329    772 meta.testing.TestCase.moxlistIs:method
   329      1 meta.testing.TestCase.moxlistIs:params
   330    773 meta.testing.TestCase.moxlistIs:comment
   337    773 meta.testing.TestCase.moxlistIs:scope
   343    775 meta.testing.TestCase.stdout.get:method
   343    775 meta.testing.TestCase.stdout.get:params
   344    776 meta.testing.TestCase.stdout.get:comment
   345    776 meta.testing.TestCase.stdout.get:scope
   347    775 meta.testing.TestCase.stdoutIs:method
   347      1 meta.testing.TestCase.stdoutIs:params
   348    776 meta.testing.TestCase.stdoutIs:comment
   355    776 meta.testing.TestCase.stdoutIs:scope
   361    777 meta.testing.TestCase.stderr.get:method
   361    777 meta.testing.TestCase.stderr.get:params
   362    778 meta.testing.TestCase.stderr.get:comment
   363    778 meta.testing.TestCase.stderr.get:scope
   365    777 meta.testing.TestCase.stderrIs:method
   365      1 meta.testing.TestCase.stderrIs:params
   366    778 meta.testing.TestCase.stderrIs:comment
   373    778 meta.testing.TestCase.stderrIs:scope
   379    779 meta.testing.TestCase.stdin.get:method
   379    779 meta.testing.TestCase.stdin.get:params
   380    780 meta.testing.TestCase.stdin.get:comment
   381    780 meta.testing.TestCase.stdin.get:scope
   383    779 meta.testing.TestCase.stdinIs:method
   383      1 meta.testing.TestCase.stdinIs:params
   384    780 meta.testing.TestCase.stdinIs:comment
   391    780 meta.testing.TestCase.stdinIs:scope
   399    781 meta.testing.TestCase.fsinfo.get:method
   399    781 meta.testing.TestCase.fsinfo.get:params
   400    782 meta.testing.TestCase.fsinfo.get:comment
   401    782 meta.testing.TestCase.fsinfo.get:scope
   403    781 meta.testing.TestCase.fsinfoIs:method
   403      1 meta.testing.TestCase.fsinfoIs:params
   404    782 meta.testing.TestCase.fsinfoIs:comment
   411    782 meta.testing.TestCase.fsinfoIs:scope
   418    785 meta.testing.TestCase.envars.get:method
   418    785 meta.testing.TestCase.envars.get:params
   419    786 meta.testing.TestCase.envars.get:comment
   420    786 meta.testing.TestCase.envars.get:scope
   422    785 meta.testing.TestCase.envarsIs:method
   422      1 meta.testing.TestCase.envarsIs:params
   423    786 meta.testing.TestCase.envarsIs:comment
   430    786 meta.testing.TestCase.envarsIs:scope
   436    789 meta.testing.TestCase.fs.get:method
   436    789 meta.testing.TestCase.fs.get:params
   437    790 meta.testing.TestCase.fs.get:comment
   438    790 meta.testing.TestCase.fs.get:scope
   440    789 meta.testing.TestCase.fsIs:method
   440      1 meta.testing.TestCase.fsIs:params
   441    790 meta.testing.TestCase.fsIs:comment
   448    790 meta.testing.TestCase.fsIs:scope
   454    795 meta.testing.TestCase.stubs.get:method
   454    795 meta.testing.TestCase.stubs.get:params
   455    796 meta.testing.TestCase.stubs.get:comment
   456    796 meta.testing.TestCase.stubs.get:scope
   458    795 meta.testing.TestCase.stubsIs:method
   458      1 meta.testing.TestCase.stubsIs:params
   459    796 meta.testing.TestCase.stubsIs:comment
   466    796 meta.testing.TestCase.stubsIs:scope
   469    843 meta.testing.TestCase.Meta__29_id:method
   469    837 meta.testing.TestCase.Meta__29_id:params
   470    844 meta.testing.TestCase.Meta__29_id:comment
   523    844 meta.testing.TestCase.Meta__29_id:scope
   528    853 meta.testing.TestCase.__del__:params
   529    854 meta.testing.TestCase.__del__:comment
   530    854 meta.testing.TestCase.__del__:scope
   532    869 meta.testing.TestCase.setUp:method
   532    869 meta.testing.TestCase.setUp:params
   533    870 meta.testing.TestCase.setUp:comment
   536    872 meta.testing.TestCase.setUp:scope
   549    901 meta.testing.TestCase.tearDown:method
   549    901 meta.testing.TestCase.tearDown:params
   550    902 meta.testing.TestCase.tearDown:comment
   551    904 meta.testing.TestCase.tearDown:scope
   589    958 meta.testing.TestCase.status:method
   589    958 meta.testing.TestCase.status:params
   590    959 meta.testing.TestCase.status:comment
   595    964 meta.testing.TestCase.status:scope
   629   1001 meta.testing.TestCase.Initialize:method
   629   1001 meta.testing.TestCase.Initialize:params
   630   1002 meta.testing.TestCase.Initialize:comment
   637   1009 meta.testing.TestCase.Initialize:scope
   650   1027 meta.testing.TestCase.name:method
   650   1027 meta.testing.TestCase.name:params
   651   1028 meta.testing.TestCase.name:comment
   656   1031 meta.testing.TestCase.name:scope
   658   1036 meta.testing.TestCase.methname:method
   658   1036 meta.testing.TestCase.methname:params
   659   1037 meta.testing.TestCase.methname:comment
   666   1042 meta.testing.TestCase.methname:scope
   668   1048 meta.testing.TestCase.clearMoxes:method
   668   1048 meta.testing.TestCase.clearMoxes:params
   669   1049 meta.testing.TestCase.clearMoxes:comment
   670   1051 meta.testing.TestCase.clearMoxes:scope
   675   1057 meta.testing.TestCase.setenv:method
   675   1058 meta.testing.TestCase.setenv:params
   676   1058 meta.testing.TestCase.setenv:comment
   680   1061 meta.testing.TestCase.setenv:scope
   688   1082 meta.testing.TestCase.metaTestPath:method
   688   1083 meta.testing.TestCase.metaTestPath:params
   689   1089 meta.testing.TestCase.metaTestPath:comment
   711   1102 meta.testing.TestCase.metaTestPath:scope
   713   1106 meta.testing.TestCase.captureStdout:method
   713   1106 meta.testing.TestCase.captureStdout:params
   714   1107 meta.testing.TestCase.captureStdout:comment
   717   1110 meta.testing.TestCase.captureStdout:scope
   720   1123 meta.testing.TestCase.getStdout:method
   720   1123 meta.testing.TestCase.getStdout:params
   721   1124 meta.testing.TestCase.getStdout:comment
   724   1127 meta.testing.TestCase.getStdout:scope
   734   1142 meta.testing.TestCase.captureStderr:method
   734   1142 meta.testing.TestCase.captureStderr:params
   735   1143 meta.testing.TestCase.captureStderr:comment
   738   1146 meta.testing.TestCase.captureStderr:scope
   741   1159 meta.testing.TestCase.getStderr:method
   741   1159 meta.testing.TestCase.getStderr:params
   742   1160 meta.testing.TestCase.getStderr:comment
   745   1163 meta.testing.TestCase.getStderr:scope
   755   1178 meta.testing.TestCase.newMox:method
   755   1179 meta.testing.TestCase.newMox:params
   756   1181 meta.testing.TestCase.newMox:comment
   761   1183 meta.testing.TestCase.newMox:scope
   794   1239 meta.testing.TestCase.newStr:method
   794   1243 meta.testing.TestCase.newStr:params
   795   1240 meta.testing.TestCase.newStr:comment
   801   1245 meta.testing.TestCase.newStr:scope
   807   1254 meta.testing.TestCase.fp:method
   807   1260 meta.testing.TestCase.fp:params
   808   1255 meta.testing.TestCase.fp:comment
   816   1262 meta.testing.TestCase.fp:scope
   822   1273 meta.testing.TestCase.tmpFile:method
   822   1276 meta.testing.TestCase.tmpFile:params
   823   1274 meta.testing.TestCase.tmpFile:comment
   828   1278 meta.testing.TestCase.tmpFile:scope
   835   1299 meta.testing.TestCase.tmpDir:method
   835   1302 meta.testing.TestCase.tmpDir:params
   836   1300 meta.testing.TestCase.tmpDir:comment
   841   1304 meta.testing.TestCase.tmpDir:scope
   847   1324 meta.testing.TestCase.fileContents:method
   847   1327 meta.testing.TestCase.fileContents:params
   848   1325 meta.testing.TestCase.fileContents:comment
   853   1329 meta.testing.TestCase.fileContents:scope
   861   1346 meta.testing.TestCase.isInteractive:method
   861   1346 meta.testing.TestCase.isInteractive:params
   862   1347 meta.testing.TestCase.isInteractive:comment
   867   1350 meta.testing.TestCase.isInteractive:scope
   869   1357 meta.testing.TestCase.allowNetwork:method
   869   1361 meta.testing.TestCase.allowNetwork:params
   870   1358 meta.testing.TestCase.allowNetwork:comment
   878   1363 meta.testing.TestCase.allowNetwork:scope
   883   1372 meta.testing.TestCase.setupSharedFilesystem:method
   883   1375 meta.testing.TestCase.setupSharedFilesystem:params
   884   1373 meta.testing.TestCase.setupSharedFilesystem:comment
   892   1380 meta.testing.TestCase.setupSharedFilesystem:scope
   902   1408 meta.testing.TestCase.setupFilesystem:method
   902   1416 meta.testing.TestCase.setupFilesystem:params
   903   1409 meta.testing.TestCase.setupFilesystem:comment
   926   1429 meta.testing.TestCase.setupFilesystem:scope
   961   1494 meta.testing.TestCase.populateFilesystem:method
   961   1495 meta.testing.TestCase.populateFilesystem:params
   962   1520 meta.testing.TestCase.populateFilesystem:comment
   993   1525 meta.testing.TestCase.populateFilesystem:scope
  1058   1675 meta.testing.TestCase.fakeFile:method
  1058   1676 meta.testing.TestCase.fakeFile:params
  1059   1679 meta.testing.TestCase.fakeFile:comment
  1072   1686 meta.testing.TestCase.fakeFile:scope
  1078   1705 meta.testing.TestCase.fakeFileExists:method
  1078   1706 meta.testing.TestCase.fakeFileExists:params
  1079   1709 meta.testing.TestCase.fakeFileExists:comment
  1088   1712 meta.testing.TestCase.fakeFileExists:scope
  1090   1718 meta.testing.TestCase.fakeContents:method
  1090   1719 meta.testing.TestCase.fakeContents:params
  1091   1722 meta.testing.TestCase.fakeContents:comment
  1104   1729 meta.testing.TestCase.fakeContents:scope
  1106   1742 meta.testing.TestCase._readFile:method
  1106   1743 meta.testing.TestCase._readFile:params
  1107   1746 meta.testing.TestCase._readFile:comment
  1116   1749 meta.testing.TestCase._readFile:scope
  1120   1757 meta.testing.TestCase.revertFilesystem:method
  1120   1760 meta.testing.TestCase.revertFilesystem:params
  1121   1758 meta.testing.TestCase.revertFilesystem:comment
  1126   1762 meta.testing.TestCase.revertFilesystem:scope
  1135   1780 meta.testing.TestCase.assertFileEqual:method
  1135   1781 meta.testing.TestCase.assertFileEqual:params
  1136   1781 meta.testing.TestCase.assertFileEqual:comment
  1140   1784 meta.testing.TestCase.assertFileEqual:scope
  1146   1793 meta.testing.TestCase.assertDictContains:method
  1146   1794 meta.testing.TestCase.assertDictContains:params
  1147   1794 meta.testing.TestCase.assertDictContains:comment
  1151   1797 meta.testing.TestCase.assertDictContains:scope
  1157   1822 meta.testing.TestCase.compareStrToGolden:method
  1157   1823 meta.testing.TestCase.compareStrToGolden:params
  1158   1823 meta.testing.TestCase.compareStrToGolden:comment
  1162   1826 meta.testing.TestCase.compareStrToGolden:scope
  1178   1845 meta.testing.TestCase.compareFileToGolden:method
  1178   1846 meta.testing.TestCase.compareFileToGolden:params
  1179   1846 meta.testing.TestCase.compareFileToGolden:comment
  1183   1849 meta.testing.TestCase.compareFileToGolden:scope
  1189   1858 meta.testing.TestCase.startswith:method
  1189   1859 meta.testing.TestCase.startswith:params
  1190   1859 meta.testing.TestCase.startswith:comment
  1194   1862 meta.testing.TestCase.startswith:scope
  1198   1873 meta.testing.TestCase.endswith:method
  1198   1874 meta.testing.TestCase.endswith:params
  1199   1874 meta.testing.TestCase.endswith:comment
  1203   1877 meta.testing.TestCase.endswith:scope
  1207   1886 meta.testing.TestCase.contains:method
  1207   1887 meta.testing.TestCase.contains:params
  1208   1887 meta.testing.TestCase.contains:comment
  1213   1891 meta.testing.TestCase.contains:scope
  1215   1900 meta.testing.TestCase.matches:method
  1215   1903 meta.testing.TestCase.matches:params
  1216   1901 meta.testing.TestCase.matches:comment
  1224   1908 meta.testing.TestCase.matches:scope
  1228   1915 meta.testing.TestCase.iseq:method
  1228   1916 meta.testing.TestCase.iseq:params
  1229   1916 meta.testing.TestCase.iseq:comment
  1234   1920 meta.testing.TestCase.iseq:scope
  1238   1931 meta.testing.TestCase.noteq:method
  1238   1932 meta.testing.TestCase.noteq:params
  1239   1932 meta.testing.TestCase.noteq:comment
  1244   1936 meta.testing.TestCase.noteq:scope
  1248   1947 meta.testing.TestCase.iseqvec:method
  1248   1948 meta.testing.TestCase.iseqvec:params
  1249   1948 meta.testing.TestCase.iseqvec:comment
  1254   1952 meta.testing.TestCase.iseqvec:scope
  1256   1961 meta.testing.TestCase.isapprox:method
  1256   1964 meta.testing.TestCase.isapprox:params
  1257   1962 meta.testing.TestCase.isapprox:comment
  1265   1969 meta.testing.TestCase.isapprox:scope
  1267   1978 meta.testing.TestCase.iseqmap:method
  1267   1979 meta.testing.TestCase.iseqmap:params
  1268   1979 meta.testing.TestCase.iseqmap:comment
  1274   1984 meta.testing.TestCase.iseqmap:scope
  1298   2016 meta.testing.TestCase.iseqtext:method
  1298   2017 meta.testing.TestCase.iseqtext:params
  1299   2017 meta.testing.TestCase.iseqtext:comment
  1303   2020 meta.testing.TestCase.iseqtext:scope
  1305   2024 meta.testing.TestCase.raises:method
  1305   2035 meta.testing.TestCase.raises:params
  1306   2025 meta.testing.TestCase.raises:comment
  1321   2040 meta.testing.TestCase.raises:scope
  1323   2043 meta.testing.TestCase.issame:method
  1323   2044 meta.testing.TestCase.issame:params
  1324   2044 meta.testing.TestCase.issame:comment
  1328   2047 meta.testing.TestCase.issame:scope
  1330   2052 meta.testing.TestCase.notsame:method
  1330   2053 meta.testing.TestCase.notsame:params
  1331   2053 meta.testing.TestCase.notsame:comment
  1335   2056 meta.testing.TestCase.notsame:scope
  1337   2061 meta.testing.TestCase.istrue:method
  1337   2065 meta.testing.TestCase.istrue:params
  1338   2062 meta.testing.TestCase.istrue:comment
  1345   2068 meta.testing.TestCase.istrue:scope
  1347   2077 meta.testing.TestCase.isfalse:method
  1347   2081 meta.testing.TestCase.isfalse:params
  1348   2078 meta.testing.TestCase.isfalse:comment
  1355   2084 meta.testing.TestCase.isfalse:scope
  1357   2093 meta.testing.TestCase.isnull:method
  1357   2096 meta.testing.TestCase.isnull:params
  1358   2094 meta.testing.TestCase.isnull:comment
  1364   2099 meta.testing.TestCase.isnull:scope
  1366   2108 meta.testing.TestCase.notnull:method
  1366   2111 meta.testing.TestCase.notnull:params
  1367   2109 meta.testing.TestCase.notnull:comment
  1373   2114 meta.testing.TestCase.notnull:scope
  1375   2123 meta.testing.TestCase.isinst:method
  1375   2124 meta.testing.TestCase.isinst:params
  1376   2124 meta.testing.TestCase.isinst:comment
  1383   2130 meta.testing.TestCase.isinst:scope
  1387   2139 meta.testing.TestCase.fail:method
  1387   2142 meta.testing.TestCase.fail:params
  1388   2140 meta.testing.TestCase.fail:comment
  1393   2146 meta.testing.TestCase.fail:scope
  1395   2539 meta.testing.TestCase.deblog:method
  1395   2542 meta.testing.TestCase.deblog:params
  1396   2540 meta.testing.TestCase.deblog:comment
  1401   2548 meta.testing.TestCase.deblog:scope
  1407   2575 meta.testing.Meta__8_id:text
  1413      1 meta.testing.FakeFcntlMetaClass.Meta__15_id:params
  1414      1 meta.testing.FakeFcntlMetaClass.Meta__15_id:comment
  1425   2579 meta.testing.FakeFcntl:class
  1425   2579 meta.testing.FakeFcntl:parent
  1426   2581 meta.testing.FakeFcntl:comment
  1428   2583 meta.testing.FakeFcntl:scope
  1429   2586 meta.testing.FakeFcntl.premethod:text
  1435   2591 meta.testing.FakeFcntl.filesystem.get:method
  1435   2591 meta.testing.FakeFcntl.filesystem.get:params
  1436   2592 meta.testing.FakeFcntl.filesystem.get:comment
  1437   2592 meta.testing.FakeFcntl.filesystem.get:scope
  1439   2591 meta.testing.FakeFcntl.filesystemIs:method
  1439      1 meta.testing.FakeFcntl.filesystemIs:params
  1440   2592 meta.testing.FakeFcntl.filesystemIs:comment
  1447   2592 meta.testing.FakeFcntl.filesystemIs:scope
  1450   2593 meta.testing.FakeFcntl.FakeFcntl:method
  1450   2594 meta.testing.FakeFcntl.FakeFcntl:params
  1451   2594 meta.testing.FakeFcntl.FakeFcntl:comment
  1458   2596 meta.testing.FakeFcntl.FakeFcntl:scope
  1460   2601 meta.testing.FakeFcntl.fcntl:method
  1460   2602 meta.testing.FakeFcntl.fcntl:params
  1461   2602 meta.testing.FakeFcntl.fcntl:comment
  1466   2606 meta.testing.FakeFcntl.fcntl:scope
  1468   2613 meta.testing.FakeFcntl.ioctl:method
  1468   2614 meta.testing.FakeFcntl.ioctl:params
  1469   2614 meta.testing.FakeFcntl.ioctl:comment
  1475   2619 meta.testing.FakeFcntl.ioctl:scope
  1477   2626 meta.testing.FakeFcntl.flock:method
  1477   2627 meta.testing.FakeFcntl.flock:params
  1478   2627 meta.testing.FakeFcntl.flock:comment
  1482   2630 meta.testing.FakeFcntl.flock:scope
  1484   2637 meta.testing.FakeFcntl.lockf:method
  1484   2638 meta.testing.FakeFcntl.lockf:params
  1485   2638 meta.testing.FakeFcntl.lockf:comment
  1492   2644 meta.testing.FakeFcntl.lockf:scope
  1498   2653 meta.testing.StubHolderMetaClass:class
  1501      1 meta.testing.StubHolderMetaClass.Meta__14_id:params
  1502      1 meta.testing.StubHolderMetaClass.Meta__14_id:comment
  1514   2653 meta.testing.StubHolder:class
  1514   2653 meta.testing.StubHolder:parent
  1515   2655 meta.testing.StubHolder:comment
  1531   2670 meta.testing.StubHolder:scope
  1532   2671 meta.testing.StubHolder.Meta__9_id:method
  1532   2671 meta.testing.StubHolder.Meta__9_id:params
  1533   2672 meta.testing.StubHolder.Meta__9_id:comment
  1536   2672 meta.testing.StubHolder.Meta__9_id:scope
  1539   2678 meta.testing.StubHolder.__del__:method
  1539   2678 meta.testing.StubHolder.__del__:params
  1540   2679 meta.testing.StubHolder.__del__:comment
  1545   2684 meta.testing.StubHolder.__del__:scope
  1547   2689 meta.testing.StubHolder.__enter__:method
  1547   2689 meta.testing.StubHolder.__enter__:params
  1548   2690 meta.testing.StubHolder.__enter__:comment
  1548   2690 meta.testing.StubHolder.__enter__:scope
  1550   2695 meta.testing.StubHolder.__exit__:method
  1550   2696 meta.testing.StubHolder.__exit__:params
  1551   2696 meta.testing.StubHolder.__exit__:comment
  1556   2700 meta.testing.StubHolder.__exit__:scope
  1558   2705 meta.testing.StubHolder.CleanUp:method
  1558   2705 meta.testing.StubHolder.CleanUp:params
  1559   2706 meta.testing.StubHolder.CleanUp:comment
  1560   2708 meta.testing.StubHolder.CleanUp:scope
  1563   2714 meta.testing.StubHolder.SmartSet:method
  1563   2715 meta.testing.StubHolder.SmartSet:params
  1564   2722 meta.testing.StubHolder.SmartSet:comment
  1591   2741 meta.testing.StubHolder.SmartSet:scope
  1626   2779 meta.testing.StubHolder.SmartUnsetAll:method
  1626   2779 meta.testing.StubHolder.SmartUnsetAll:params
  1627   2780 meta.testing.StubHolder.SmartUnsetAll:comment
  1635   2788 meta.testing.StubHolder.SmartUnsetAll:scope
  1640   2796 meta.testing.StubHolder.Set:method
  1640   2797 meta.testing.StubHolder.Set:params
  1641   2804 meta.testing.StubHolder.Set:comment
  1660   2815 meta.testing.StubHolder.Set:scope
  1669   2827 meta.testing.StubHolder.UnsetAll:method
  1669   2827 meta.testing.StubHolder.UnsetAll:params
  1670   2828 meta.testing.StubHolder.UnsetAll:comment
  1678   2836 meta.testing.StubHolder.UnsetAll:scope
  1693   2424 meta.testing.Meta__FakeFcntl:class
  1694      1 meta.testing.Meta__FakeFcntl:comment
  1701   2498 meta.testing.Meta__StubHolder:class
  1702      1 meta.testing.Meta__StubHolder:comment
  1709    508 meta.testing.Meta__TestCase:class
  1710      1 meta.testing.Meta__TestCase:comment
  1711      1 meta.testing.Meta__TestCase:scope
  1729     -2 meta.testing.Meta__TestCase.Meta__17__:method
  1729     -2 meta.testing.Meta__TestCase.Meta__17__:params
  1730     -1 meta.testing.Meta__TestCase.Meta__17__:comment
  1740     -2 meta.testing.Meta__TestCase.Meta__18__:method
  1740     -2 meta.testing.Meta__TestCase.Meta__18__:params
  1741     -1 meta.testing.Meta__TestCase.Meta__18__:comment
  1751    822 meta.testing.Meta__TestCase.setUpClass:method
  1751    822 meta.testing.Meta__TestCase.setUpClass:params
  1752    823 meta.testing.Meta__TestCase.setUpClass:comment
  1755    823 meta.testing.Meta__TestCase.setUpClass:scope
  1758    829 meta.testing.Meta__TestCase.tearDownClass:method
  1758    829 meta.testing.Meta__TestCase.tearDownClass:params
  1759    830 meta.testing.Meta__TestCase.tearDownClass:comment
  1760    830 meta.testing.Meta__TestCase.tearDownClass:scope
  1764    839 meta.testing.Meta__TestCase.Initialize:method
  1764    839 meta.testing.Meta__TestCase.Initialize:params
  1765    840 meta.testing.Meta__TestCase.Initialize:comment
  1772    847 meta.testing.Meta__TestCase.Initialize:scope
  1784    865 meta.testing.Meta__TestCase.Resource:method
  1784    876 meta.testing.Meta__TestCase.Resource:params
  1785    866 meta.testing.Meta__TestCase.Resource:comment
  1805    883 meta.testing.Meta__TestCase.Resource:scope
  1810   2863 meta.testing._:text
