     1      0 meta.core_test.LoggerTest:imports        /Users/wmh/src/meta/src/kernel/root.meta
     9      0 meta.core_test.LoggerTest:preamble
    11    432 meta.core_test.LoggerTest:class
    11      0 meta.core_test.LoggerTest:parent
    12      1 meta.core_test.LoggerTest:comment
    15      0 meta.core_test.LoggerTest.Meta__55_id:method
    15      1 meta.core_test.LoggerTest.Meta__55_id:params
    16      1 meta.core_test.LoggerTest.Meta__55_id:comment
    21      0 meta.core_test.LoggerTest.Meta__55_id:preamble
    24      0 meta.core_test.LoggerTest.setUp:modifiers
    24    438 meta.core_test.LoggerTest.setUp:method
    24    438 meta.core_test.LoggerTest.setUp:params
    25    439 meta.core_test.LoggerTest.setUp:comment
    25      0 meta.core_test.LoggerTest.setUp:preamble
    27    440 meta.core_test.LoggerTest.setUp:scope
    32      0 meta.core_test.LoggerTest.test_fpIs:modifiers
    32    450 meta.core_test.LoggerTest.test_fpIs:method
    32    450 meta.core_test.LoggerTest.test_fpIs:params
    33    451 meta.core_test.LoggerTest.test_fpIs:comment
    33      0 meta.core_test.LoggerTest.test_fpIs:preamble
    33    454 meta.core_test.LoggerTest.test_fpIs:scope
    40      0 meta.core_test.LoggerTest.test_info:modifiers
    40    471 meta.core_test.LoggerTest.test_info:method
    40    471 meta.core_test.LoggerTest.test_info:params
    41    472 meta.core_test.LoggerTest.test_info:comment
    41      0 meta.core_test.LoggerTest.test_info:preamble
    41    484 meta.core_test.LoggerTest.test_info:scope
    48      0 meta.core_test.LoggerTest.test_indent:modifiers
    48    502 meta.core_test.LoggerTest.test_indent:method
    48    502 meta.core_test.LoggerTest.test_indent:params
    49    503 meta.core_test.LoggerTest.test_indent:comment
    49      0 meta.core_test.LoggerTest.test_indent:preamble
    49    507 meta.core_test.LoggerTest.test_indent:scope
    57      0 meta.core_test.LoggerTest.test_undent:modifiers
    57    515 meta.core_test.LoggerTest.test_undent:method
    57    515 meta.core_test.LoggerTest.test_undent:params
    58    516 meta.core_test.LoggerTest.test_undent:comment
    58      0 meta.core_test.LoggerTest.test_undent:preamble
    58    520 meta.core_test.LoggerTest.test_undent:scope
