/Users/wmh/src/meta2/src/kernel/test.meta2
        13        0 metax.test.FakeFcntlMeta:class
        14       -1 metax.test.FakeFcntlMeta:comment:
        15       -1 metax.test.FakeFcntlMeta:scope:
        16       13 metax.test.FakeFcntlMeta.__init__:method
        26       14 metax.test.FakeFcntlMeta.__init__:scope:
        31        6 metax.test.FakeFcntl:class
        32        7 metax.test.FakeFcntl:comment:
        34       11 metax.test.FakeFcntl:scope:
        37       19 metax.test.FakeFcntl.filesystem/get:method
        39       20 metax.test.FakeFcntl.filesystem/get:scope:
        41       19 metax.test.FakeFcntl.filesystemIs:method
        47       20 metax.test.FakeFcntl.filesystemIs:scope:
        49       19 metax.test.FakeFcntl.filesystemRef:method
        51       20 metax.test.FakeFcntl.filesystemRef:scope:
        53       21 metax.test.FakeFcntl.__init__:method
        61       24 metax.test.FakeFcntl.__init__:scope:
        63       29 metax.test.FakeFcntl.fcntl:method
        71       34 metax.test.FakeFcntl.fcntl:scope:
        73       41 metax.test.FakeFcntl.ioctl:method
        82       47 metax.test.FakeFcntl.ioctl:scope:
        84       54 metax.test.FakeFcntl.flock:method
        91       58 metax.test.FakeFcntl.flock:scope:
        93       65 metax.test.FakeFcntl.lockf:method
       103       72 metax.test.FakeFcntl.lockf:scope:
       105        0 metax.test.FakeFcntl.meta:method
       107       -1 metax.test.FakeFcntl.meta:scope:
       115        0 metax.test.StubHolderMeta:class
       116       -1 metax.test.StubHolderMeta:comment:
       119       81 metax.test.StubHolder:class
       120       83 metax.test.StubHolder:comment:
       136       98 metax.test.StubHolder:scope:
       137       99 metax.test.StubHolder.__init__:method
       141      100 metax.test.StubHolder.__init__:scope:
       144      106 metax.test.StubHolder.__del__:method
       145      107 metax.test.StubHolder.__del__:comment:
       151      112 metax.test.StubHolder.__del__:scope:
       153      117 metax.test.StubHolder.__enter__:method
       155      118 metax.test.StubHolder.__enter__:scope:
       157      123 metax.test.StubHolder.__exit__:method
       165      128 metax.test.StubHolder.__exit__:scope:
       167      133 metax.test.StubHolder.CleanUp:method
       168      134 metax.test.StubHolder.CleanUp:comment:
       171      136 metax.test.StubHolder.CleanUp:scope:
       174      142 metax.test.StubHolder.SmartSet:method
       175      150 metax.test.StubHolder.SmartSet:comment:
       203      169 metax.test.StubHolder.SmartSet:scope:
       238      207 metax.test.StubHolder.SmartUnsetAll:method
       239      208 metax.test.StubHolder.SmartUnsetAll:comment:
       248      216 metax.test.StubHolder.SmartUnsetAll:scope:
       253      224 metax.test.StubHolder.Set:method
       254      232 metax.test.StubHolder.Set:comment:
       274      243 metax.test.StubHolder.Set:scope:
       283      255 metax.test.StubHolder.UnsetAll:method
       284      256 metax.test.StubHolder.UnsetAll:comment:
       293      264 metax.test.StubHolder.UnsetAll:scope:
       299        0 metax.test.StubHolder.meta:method
       301       -1 metax.test.StubHolder.meta:scope:
       309        0 metax.test.TestCaseMeta:class
       310       -1 metax.test.TestCaseMeta:comment:
       311       -1 metax.test.TestCaseMeta:scope:
       315      402 metax.test.TestCaseMeta.Debug/get:method
       317      403 metax.test.TestCaseMeta.Debug/get:scope:
       319      402 metax.test.TestCaseMeta.DebugIs:method
       325      403 metax.test.TestCaseMeta.DebugIs:scope:
       327      402 metax.test.TestCaseMeta.DebugRef:method
       329      403 metax.test.TestCaseMeta.DebugRef:scope:
       335      405 metax.test.TestCaseMeta.InstanceCount/get:method
       337      406 metax.test.TestCaseMeta.InstanceCount/get:scope:
       339      405 metax.test.TestCaseMeta.InstanceCountIs:method
       345      406 metax.test.TestCaseMeta.InstanceCountIs:scope:
       347      405 metax.test.TestCaseMeta.InstanceCountRef:method
       349      406 metax.test.TestCaseMeta.InstanceCountRef:scope:
       355      409 metax.test.TestCaseMeta.WriteGoldens/get:method
       357      410 metax.test.TestCaseMeta.WriteGoldens/get:scope:
       359      409 metax.test.TestCaseMeta.WriteGoldensIs:method
       365      410 metax.test.TestCaseMeta.WriteGoldensIs:scope:
       367      409 metax.test.TestCaseMeta.WriteGoldensRef:method
       369      410 metax.test.TestCaseMeta.WriteGoldensRef:scope:
       374      413 metax.test.TestCaseMeta.CanonicalStdout/get:method
       376      414 metax.test.TestCaseMeta.CanonicalStdout/get:scope:
       378      413 metax.test.TestCaseMeta.CanonicalStdoutIs:method
       384      414 metax.test.TestCaseMeta.CanonicalStdoutIs:scope:
       386      413 metax.test.TestCaseMeta.CanonicalStdoutRef:method
       388      414 metax.test.TestCaseMeta.CanonicalStdoutRef:scope:
       393      416 metax.test.TestCaseMeta.CanonicalStderr/get:method
       395      417 metax.test.TestCaseMeta.CanonicalStderr/get:scope:
       397      416 metax.test.TestCaseMeta.CanonicalStderrIs:method
       403      417 metax.test.TestCaseMeta.CanonicalStderrIs:scope:
       405      416 metax.test.TestCaseMeta.CanonicalStderrRef:method
       407      417 metax.test.TestCaseMeta.CanonicalStderrRef:scope:
       412      419 metax.test.TestCaseMeta.Interactive/get:method
       414      420 metax.test.TestCaseMeta.Interactive/get:scope:
       416      419 metax.test.TestCaseMeta.InteractiveIs:method
       422      420 metax.test.TestCaseMeta.InteractiveIs:scope:
       424      419 metax.test.TestCaseMeta.InteractiveRef:method
       426      420 metax.test.TestCaseMeta.InteractiveRef:scope:
       428      423 metax.test.TestCaseMeta.__init__:method
       429      424 metax.test.TestCaseMeta.__init__:comment:
       447      431 metax.test.TestCaseMeta.__init__:scope:
       465      274 metax.test.TestCase:class
       466      275 metax.test.TestCase:comment:
       550      400 metax.test.TestCase:scope:
       555      455 metax.test.TestCase.debug/get:method
       557      456 metax.test.TestCase.debug/get:scope:
       559      455 metax.test.TestCase.debugIs:method
       565      456 metax.test.TestCase.debugIs:scope:
       567      455 metax.test.TestCase.debugRef:method
       569      456 metax.test.TestCase.debugRef:scope:
       578      458 metax.test.TestCase.uid/get:method
       580      459 metax.test.TestCase.uid/get:scope:
       582      458 metax.test.TestCase.uidIs:method
       588      459 metax.test.TestCase.uidIs:scope:
       590      458 metax.test.TestCase.uidRef:method
       592      459 metax.test.TestCase.uidRef:scope:
       597      464 metax.test.TestCase.tmpfiles/get:method
       599      465 metax.test.TestCase.tmpfiles/get:scope:
       601      464 metax.test.TestCase.tmpfilesIs:method
       607      465 metax.test.TestCase.tmpfilesIs:scope:
       609      464 metax.test.TestCase.tmpfilesRef:method
       611      465 metax.test.TestCase.tmpfilesRef:scope:
       616      466 metax.test.TestCase.tmpdirs/get:method
       618      467 metax.test.TestCase.tmpdirs/get:scope:
       620      466 metax.test.TestCase.tmpdirsIs:method
       626      467 metax.test.TestCase.tmpdirsIs:scope:
       628      466 metax.test.TestCase.tmpdirsRef:method
       630      467 metax.test.TestCase.tmpdirsRef:scope:
       636      468 metax.test.TestCase.moxlist/get:method
       638      469 metax.test.TestCase.moxlist/get:scope:
       640      468 metax.test.TestCase.moxlistIs:method
       646      469 metax.test.TestCase.moxlistIs:scope:
       648      468 metax.test.TestCase.moxlistRef:method
       650      469 metax.test.TestCase.moxlistRef:scope:
       655      471 metax.test.TestCase.stdout/get:method
       657      472 metax.test.TestCase.stdout/get:scope:
       659      471 metax.test.TestCase.stdoutIs:method
       665      472 metax.test.TestCase.stdoutIs:scope:
       667      471 metax.test.TestCase.stdoutRef:method
       669      472 metax.test.TestCase.stdoutRef:scope:
       674      473 metax.test.TestCase.stderr/get:method
       676      474 metax.test.TestCase.stderr/get:scope:
       678      473 metax.test.TestCase.stderrIs:method
       684      474 metax.test.TestCase.stderrIs:scope:
       686      473 metax.test.TestCase.stderrRef:method
       688      474 metax.test.TestCase.stderrRef:scope:
       693      475 metax.test.TestCase.stdin/get:method
       695      476 metax.test.TestCase.stdin/get:scope:
       697      475 metax.test.TestCase.stdinIs:method
       703      476 metax.test.TestCase.stdinIs:scope:
       705      475 metax.test.TestCase.stdinRef:method
       707      476 metax.test.TestCase.stdinRef:scope:
       714      477 metax.test.TestCase.fsinfo/get:method
       716      478 metax.test.TestCase.fsinfo/get:scope:
       718      477 metax.test.TestCase.fsinfoIs:method
       724      478 metax.test.TestCase.fsinfoIs:scope:
       726      477 metax.test.TestCase.fsinfoRef:method
       728      478 metax.test.TestCase.fsinfoRef:scope:
       734      481 metax.test.TestCase.envars/get:method
       736      482 metax.test.TestCase.envars/get:scope:
       738      481 metax.test.TestCase.envarsIs:method
       744      482 metax.test.TestCase.envarsIs:scope:
       746      481 metax.test.TestCase.envarsRef:method
       748      482 metax.test.TestCase.envarsRef:scope:
       753      485 metax.test.TestCase.fs/get:method
       755      486 metax.test.TestCase.fs/get:scope:
       757      485 metax.test.TestCase.fsIs:method
       763      486 metax.test.TestCase.fsIs:scope:
       765      485 metax.test.TestCase.fsRef:method
       767      486 metax.test.TestCase.fsRef:scope:
       772      492 metax.test.TestCase.stubs/get:method
       774      493 metax.test.TestCase.stubs/get:scope:
       776      492 metax.test.TestCase.stubsIs:method
       782      493 metax.test.TestCase.stubsIs:scope:
       784      492 metax.test.TestCase.stubsRef:method
       786      493 metax.test.TestCase.stubsRef:scope:
       794      499 metax.test.TestCase.method_name/get:method
       796      500 metax.test.TestCase.method_name/get:scope:
       798      499 metax.test.TestCase.method_nameIs:method
       804      500 metax.test.TestCase.method_nameIs:scope:
       806      499 metax.test.TestCase.method_nameRef:method
       808      500 metax.test.TestCase.method_nameRef:scope:
       810      505 metax.test.TestCase.__init__:method
       811      506 metax.test.TestCase.__init__:comment:
       868      554 metax.test.TestCase.__init__:scope:
       875      724 metax.test.TestCase.status:method
       876      725 metax.test.TestCase.status:comment:
       883      730 metax.test.TestCase.status:scope:
       916      771 metax.test.TestCase.deblog:method
       917      772 metax.test.TestCase.deblog:comment:
       923      776 metax.test.TestCase.deblog:scope:
       926      789 metax.test.TestCase.name:method
       927      790 metax.test.TestCase.name:comment:
       931      793 metax.test.TestCase.name:scope:
       933      802 metax.test.TestCase.methname:method
       934      803 metax.test.TestCase.methname:comment:
       939      808 metax.test.TestCase.methname:scope:
       941      816 metax.test.TestCase.clearMoxes:method
       942      817 metax.test.TestCase.clearMoxes:comment:
       945      819 metax.test.TestCase.clearMoxes:scope:
       950      826 metax.test.TestCase.setenv:method
       957      830 metax.test.TestCase.setenv:scope:
       965      853 metax.test.TestCase.metaTestPath:method
       966      860 metax.test.TestCase.metaTestPath:comment:
       984      873 metax.test.TestCase.metaTestPath:scope:
       986      877 metax.test.TestCase.captureStdout:method
       987      878 metax.test.TestCase.captureStdout:comment:
       991      881 metax.test.TestCase.captureStdout:scope:
       994      894 metax.test.TestCase.getStdout:method
       995      895 metax.test.TestCase.getStdout:comment:
       999      898 metax.test.TestCase.getStdout:scope:
      1009      913 metax.test.TestCase.captureStderr:method
      1010      914 metax.test.TestCase.captureStderr:comment:
      1014      917 metax.test.TestCase.captureStderr:scope:
      1017      930 metax.test.TestCase.getStderr:method
      1018      931 metax.test.TestCase.getStderr:comment:
      1022      934 metax.test.TestCase.getStderr:scope:
      1032      949 metax.test.TestCase.newMox:method
      1033      952 metax.test.TestCase.newMox:comment:
      1036      954 metax.test.TestCase.newMox:scope:
      1069     1011 metax.test.TestCase.newStr:method
      1070     1012 metax.test.TestCase.newStr:comment:
      1077     1017 metax.test.TestCase.newStr:scope:
      1083     1037 metax.test.TestCase.fp:method
      1084     1038 metax.test.TestCase.fp:comment:
      1093     1045 metax.test.TestCase.fp:scope:
      1099     1067 metax.test.TestCase.tmpFile:method
      1100     1068 metax.test.TestCase.tmpFile:comment:
      1106     1072 metax.test.TestCase.tmpFile:scope:
      1113     1096 metax.test.TestCase.tmpDir:method
      1114     1097 metax.test.TestCase.tmpDir:comment:
      1120     1101 metax.test.TestCase.tmpDir:scope:
      1126     1124 metax.test.TestCase.fileContents:method
      1127     1125 metax.test.TestCase.fileContents:comment:
      1133     1129 metax.test.TestCase.fileContents:scope:
      1141     1149 metax.test.TestCase.isInteractive:method
      1142     1150 metax.test.TestCase.isInteractive:comment:
      1146     1153 metax.test.TestCase.isInteractive:scope:
      1148     1163 metax.test.TestCase.allowNetwork:method
      1149     1164 metax.test.TestCase.allowNetwork:comment:
      1156     1169 metax.test.TestCase.allowNetwork:scope:
      1161     1180 metax.test.TestCase.setupSharedFilesystem:method
      1162     1181 metax.test.TestCase.setupSharedFilesystem:comment:
      1171     1188 metax.test.TestCase.setupSharedFilesystem:scope:
      1181     1216 metax.test.TestCase.setupFilesystem:method
      1182     1217 metax.test.TestCase.setupFilesystem:comment:
      1204     1237 metax.test.TestCase.setupFilesystem:scope:
      1239     1302 metax.test.TestCase.populateFilesystem:method
      1240     1328 metax.test.TestCase.populateFilesystem:comment:
      1272     1333 metax.test.TestCase.populateFilesystem:scope:
      1337     1483 metax.test.TestCase.fakeFile:method
      1338     1487 metax.test.TestCase.fakeFile:comment:
      1350     1494 metax.test.TestCase.fakeFile:scope:
      1356     1513 metax.test.TestCase.fakeFileExists:method
      1357     1517 metax.test.TestCase.fakeFileExists:comment:
      1365     1520 metax.test.TestCase.fakeFileExists:scope:
      1367     1526 metax.test.TestCase.fakeContents:method
      1368     1530 metax.test.TestCase.fakeContents:comment:
      1380     1537 metax.test.TestCase.fakeContents:scope:
      1382     1550 metax.test.TestCase._readFile:method
      1383     1554 metax.test.TestCase._readFile:comment:
      1391     1557 metax.test.TestCase._readFile:scope:
      1395     1565 metax.test.TestCase.revertFilesystem:method
      1396     1566 metax.test.TestCase.revertFilesystem:comment:
      1402     1570 metax.test.TestCase.revertFilesystem:scope:
      1411     1588 metax.test.TestCase.assertDictContains:method
      1418     1592 metax.test.TestCase.assertDictContains:scope:
      1424     1619 metax.test.TestCase.startswith:method
      1431     1623 metax.test.TestCase.startswith:scope:
      1435     1636 metax.test.TestCase.endswith:method
      1442     1640 metax.test.TestCase.endswith:scope:
      1446     1651 metax.test.TestCase.contains:method
      1454     1656 metax.test.TestCase.contains:scope:
      1456     1667 metax.test.TestCase.matches:method
      1457     1668 metax.test.TestCase.matches:comment:
      1466     1675 metax.test.TestCase.matches:scope:
      1470     1684 metax.test.TestCase.iseq:method
      1471     1685 metax.test.TestCase.iseq:comment:
      1483     1695 metax.test.TestCase.iseq:scope:
      1487     1708 metax.test.TestCase.noteq:method
      1488     1709 metax.test.TestCase.noteq:comment:
      1499     1718 metax.test.TestCase.noteq:scope:
      1503     1731 metax.test.TestCase.iseqstr:method
      1504     1732 metax.test.TestCase.iseqstr:comment:
      1516     1742 metax.test.TestCase.iseqstr:scope:
      1520     1758 metax.test.TestCase.noteqstr:method
      1521     1759 metax.test.TestCase.noteqstr:comment:
      1529     1765 metax.test.TestCase.noteqstr:scope:
      1533     1781 metax.test.TestCase.iseqvec:method
      1541     1786 metax.test.TestCase.iseqvec:scope:
      1543     1797 metax.test.TestCase.iseqmap:method
      1552     1803 metax.test.TestCase.iseqmap:scope:
      1576     1836 metax.test.TestCase.iseqtext:method
      1584     1841 metax.test.TestCase.iseqtext:scope:
      1586     1852 metax.test.TestCase.iseqfile:method
      1593     1856 metax.test.TestCase.iseqfile:scope:
      1599     1867 metax.test.TestCase.iseqstrgold:method
      1606     1871 metax.test.TestCase.iseqstrgold:scope:
      1622     1892 metax.test.TestCase.iseqfilegold:method
      1629     1896 metax.test.TestCase.iseqfilegold:scope:
      1635     1907 metax.test.TestCase.isapprox:method
      1636     1908 metax.test.TestCase.isapprox:comment:
      1645     1915 metax.test.TestCase.isapprox:scope:
      1647     1926 metax.test.TestCase.islt:method
      1655     1931 metax.test.TestCase.islt:scope:
      1659     1943 metax.test.TestCase.isle:method
      1667     1948 metax.test.TestCase.isle:scope:
      1671     1960 metax.test.TestCase.isgt:method
      1679     1965 metax.test.TestCase.isgt:scope:
      1683     1977 metax.test.TestCase.isge:method
      1691     1982 metax.test.TestCase.isge:scope:
      1695     1994 metax.test.TestCase.raises:method
      1696     1995 metax.test.TestCase.raises:comment:
      1709     2010 metax.test.TestCase.raises:scope:
      1711     2025 metax.test.TestCase.issame:method
      1718     2029 metax.test.TestCase.issame:scope:
      1720     2036 metax.test.TestCase.notsame:method
      1727     2040 metax.test.TestCase.notsame:scope:
      1729     2047 metax.test.TestCase.istrue:method
      1730     2048 metax.test.TestCase.istrue:comment:
      1738     2054 metax.test.TestCase.istrue:scope:
      1740     2065 metax.test.TestCase.isfalse:method
      1741     2066 metax.test.TestCase.isfalse:comment:
      1749     2072 metax.test.TestCase.isfalse:scope:
      1751     2083 metax.test.TestCase.isnull:method
      1752     2084 metax.test.TestCase.isnull:comment:
      1759     2089 metax.test.TestCase.isnull:scope:
      1761     2100 metax.test.TestCase.notnull:method
      1762     2101 metax.test.TestCase.notnull:comment:
      1769     2106 metax.test.TestCase.notnull:scope:
      1771     2117 metax.test.TestCase.isinst:method
      1781     2124 metax.test.TestCase.isinst:scope:
      1785     2135 metax.test.TestCase.fail:method
      1786     2136 metax.test.TestCase.fail:comment:
      1792     2142 metax.test.TestCase.fail:scope:
      1794        0 metax.test.TestCase.meta:method
      1796       -1 metax.test.TestCase.meta:scope:
      1801      577 metax.test.TestCase.setUp:method
      1805       -1 metax.test.TestCase.setUp:scope:
      1819      598 metax.test.TestCase.setUpClass:method
      1823       -1 metax.test.TestCase.setUpClass:scope:
      1826      609 metax.test.TestCase.tearDown:method
      1828       -1 metax.test.TestCase.tearDown:scope:
      1870      657 metax.test.TestCase.tearDownClass:method
      1872       -1 metax.test.TestCase.tearDownClass:scope:
      1877     2152 metax.test.Meta__6__:scope:
