/Users/wmh/src/meta2/src/kernel/test.meta2
         6        6 metax.test.FakeFcntl:class
         7        7 metax.test.FakeFcntl:comment:
         9       11 metax.test.FakeFcntl:scope:
        12       19 metax.test.FakeFcntl.filesystem/get:method
        14       20 metax.test.FakeFcntl.filesystem/get:scope:
        16       19 metax.test.FakeFcntl.filesystemIs:method
        22       20 metax.test.FakeFcntl.filesystemIs:scope:
        24       19 metax.test.FakeFcntl.filesystemRef:method
        26       20 metax.test.FakeFcntl.filesystemRef:scope:
        28       21 metax.test.FakeFcntl.__init__:method
        36       24 metax.test.FakeFcntl.__init__:scope:
        38       29 metax.test.FakeFcntl.fcntl:method
        46       34 metax.test.FakeFcntl.fcntl:scope:
        48       41 metax.test.FakeFcntl.ioctl:method
        57       47 metax.test.FakeFcntl.ioctl:scope:
        59       54 metax.test.FakeFcntl.flock:method
        66       58 metax.test.FakeFcntl.flock:scope:
        68       65 metax.test.FakeFcntl.lockf:method
        78       72 metax.test.FakeFcntl.lockf:scope:
        80        0 metax.test.FakeFcntl.meta:method
        82       -1 metax.test.FakeFcntl.meta:scope:
