/Users/wmh/src/meta2/src/kernel/test.meta2
         5       81 metax.test.StubHolder:class
         6       83 metax.test.StubHolder:comment:
        22       98 metax.test.StubHolder:scope:
        23       99 metax.test.StubHolder.__init__:method
        27      100 metax.test.StubHolder.__init__:scope:
        30      106 metax.test.StubHolder.__del__:method
        31      107 metax.test.StubHolder.__del__:comment:
        37      112 metax.test.StubHolder.__del__:scope:
        39      117 metax.test.StubHolder.__enter__:method
        41      118 metax.test.StubHolder.__enter__:scope:
        43      123 metax.test.StubHolder.__exit__:method
        51      128 metax.test.StubHolder.__exit__:scope:
        53      133 metax.test.StubHolder.CleanUp:method
        54      134 metax.test.StubHolder.CleanUp:comment:
        57      136 metax.test.StubHolder.CleanUp:scope:
        60      142 metax.test.StubHolder.SmartSet:method
        61      150 metax.test.StubHolder.SmartSet:comment:
        89      169 metax.test.StubHolder.SmartSet:scope:
       124      207 metax.test.StubHolder.SmartUnsetAll:method
       125      208 metax.test.StubHolder.SmartUnsetAll:comment:
       134      216 metax.test.StubHolder.SmartUnsetAll:scope:
       139      224 metax.test.StubHolder.Set:method
       140      232 metax.test.StubHolder.Set:comment:
       160      243 metax.test.StubHolder.Set:scope:
       169      255 metax.test.StubHolder.UnsetAll:method
       170      256 metax.test.StubHolder.UnsetAll:comment:
       179      264 metax.test.StubHolder.UnsetAll:scope:
       185        0 metax.test.StubHolder.meta:method
       187       -1 metax.test.StubHolder.meta:scope:
