/Users/wmh/src/meta2/src/kernel/test.meta2
         5        0 metax.test.TestCaseMeta:class
         6       -1 metax.test.TestCaseMeta:comment:
         7       -1 metax.test.TestCaseMeta:scope:
        11      402 metax.test.TestCaseMeta.Debug/get:method
        13      403 metax.test.TestCaseMeta.Debug/get:scope:
        15      402 metax.test.TestCaseMeta.DebugIs:method
        21      403 metax.test.TestCaseMeta.DebugIs:scope:
        23      402 metax.test.TestCaseMeta.DebugRef:method
        25      403 metax.test.TestCaseMeta.DebugRef:scope:
        31      405 metax.test.TestCaseMeta.InstanceCount/get:method
        33      406 metax.test.TestCaseMeta.InstanceCount/get:scope:
        35      405 metax.test.TestCaseMeta.InstanceCountIs:method
        41      406 metax.test.TestCaseMeta.InstanceCountIs:scope:
        43      405 metax.test.TestCaseMeta.InstanceCountRef:method
        45      406 metax.test.TestCaseMeta.InstanceCountRef:scope:
        51      409 metax.test.TestCaseMeta.WriteGoldens/get:method
        53      410 metax.test.TestCaseMeta.WriteGoldens/get:scope:
        55      409 metax.test.TestCaseMeta.WriteGoldensIs:method
        61      410 metax.test.TestCaseMeta.WriteGoldensIs:scope:
        63      409 metax.test.TestCaseMeta.WriteGoldensRef:method
        65      410 metax.test.TestCaseMeta.WriteGoldensRef:scope:
        70      413 metax.test.TestCaseMeta.CanonicalStdout/get:method
        72      414 metax.test.TestCaseMeta.CanonicalStdout/get:scope:
        74      413 metax.test.TestCaseMeta.CanonicalStdoutIs:method
        80      414 metax.test.TestCaseMeta.CanonicalStdoutIs:scope:
        82      413 metax.test.TestCaseMeta.CanonicalStdoutRef:method
        84      414 metax.test.TestCaseMeta.CanonicalStdoutRef:scope:
        89      416 metax.test.TestCaseMeta.CanonicalStderr/get:method
        91      417 metax.test.TestCaseMeta.CanonicalStderr/get:scope:
        93      416 metax.test.TestCaseMeta.CanonicalStderrIs:method
        99      417 metax.test.TestCaseMeta.CanonicalStderrIs:scope:
       101      416 metax.test.TestCaseMeta.CanonicalStderrRef:method
       103      417 metax.test.TestCaseMeta.CanonicalStderrRef:scope:
       108      419 metax.test.TestCaseMeta.Interactive/get:method
       110      420 metax.test.TestCaseMeta.Interactive/get:scope:
       112      419 metax.test.TestCaseMeta.InteractiveIs:method
       118      420 metax.test.TestCaseMeta.InteractiveIs:scope:
       120      419 metax.test.TestCaseMeta.InteractiveRef:method
       122      420 metax.test.TestCaseMeta.InteractiveRef:scope:
       124      423 metax.test.TestCaseMeta.__init__:method
       125      424 metax.test.TestCaseMeta.__init__:comment:
       143      431 metax.test.TestCaseMeta.__init__:scope:
