     1      0 meta.core.Logger:imports                 /Users/wmh/src/meta/src/kernel/root.meta
     7      0 meta.core.Logger:preamble
     9    432 meta.core.Logger:class
     9     -1 meta.core.Logger:parent
    10    436 meta.core.Logger:comment
    11      0 meta.core.Logger:header
    12    449 meta.core.Logger:scope
    16      0 meta.core.Logger.fp.get:modifiers
    16    450 meta.core.Logger.fp.get:method
    16    450 meta.core.Logger.fp.get:params
    17    451 meta.core.Logger.fp.get:comment
    18      0 meta.core.Logger.fp.get:preamble
    18    451 meta.core.Logger.fp.get:scope
    20      0 meta.core.Logger.fpIs:modifiers
    20    450 meta.core.Logger.fpIs:method
    20      1 meta.core.Logger.fpIs:params
    21    451 meta.core.Logger.fpIs:comment
    28      0 meta.core.Logger.fpIs:preamble
    28    451 meta.core.Logger.fpIs:scope
    34      0 meta.core.Logger.level.get:modifiers
    34    462 meta.core.Logger.level.get:method
    34    462 meta.core.Logger.level.get:params
    35    463 meta.core.Logger.level.get:comment
    36      0 meta.core.Logger.level.get:preamble
    36    463 meta.core.Logger.level.get:scope
    38      0 meta.core.Logger.levelIs:modifiers
    38    462 meta.core.Logger.levelIs:method
    38      1 meta.core.Logger.levelIs:params
    39    463 meta.core.Logger.levelIs:comment
    46      0 meta.core.Logger.levelIs:preamble
    46    463 meta.core.Logger.levelIs:scope
    49    465 meta.core.Logger._:method
    49    466 meta.core.Logger._:params
    50    466 meta.core.Logger._:comment
    55      0 meta.core.Logger._:preamble
    58    468 meta.core.Logger._:scope
    60      0 meta.core.Logger.info:modifiers
    60    471 meta.core.Logger.info:method
    60    474 meta.core.Logger.info:params
    61    472 meta.core.Logger.info:comment
    69      0 meta.core.Logger.info:preamble
    69    479 meta.core.Logger.info:scope
    74      0 meta.core.Logger.uninfo:modifiers
    74    491 meta.core.Logger.uninfo:method
    74    494 meta.core.Logger.uninfo:params
    75    492 meta.core.Logger.uninfo:comment
    83      0 meta.core.Logger.uninfo:preamble
    83    499 meta.core.Logger.uninfo:scope
    86      0 meta.core.Logger.indent:modifiers
    86    502 meta.core.Logger.indent:method
    86    502 meta.core.Logger.indent:params
    87    503 meta.core.Logger.indent:comment
    88      0 meta.core.Logger.indent:preamble
    88    505 meta.core.Logger.indent:scope
    90      0 meta.core.Logger.undent:modifiers
    90    515 meta.core.Logger.undent:method
    90    515 meta.core.Logger.undent:params
    91    516 meta.core.Logger.undent:comment
    92      0 meta.core.Logger.undent:preamble
    92    518 meta.core.Logger.undent:scope
    94      0 meta.core.Logger.metaSummary:modifiers
    94      0 meta.core.Logger.metaSummary:method
    94      1 meta.core.Logger.metaSummary:params
    95      1 meta.core.Logger.metaSummary:comment
   103      0 meta.core.Logger.metaSummary:preamble
   103      1 meta.core.Logger.metaSummary:scope
   105      0 meta.core.Logger.metaStream:modifiers
   105      0 meta.core.Logger.metaStream:method
   105      1 meta.core.Logger.metaStream:params
   106      1 meta.core.Logger.metaStream:comment
   116      0 meta.core.Logger.metaStream:preamble
   116      1 meta.core.Logger.metaStream:scope
