     1      0 meta.testing._TestCaseClass:imports      /Users/wmh/src/meta/src/kernel/root.meta
     4      0 meta.testing._TestCaseClass:preamble
     9    509 meta.testing._TestCaseClass:class
     9      0 meta.testing._TestCaseClass:parent
    10      1 meta.testing._TestCaseClass:comment
    11      0 meta.testing._TestCaseClass:header
    11      1 meta.testing._TestCaseClass:scope
    12    823 meta.testing._TestCaseClass.Meta__11_id:method
    12    824 meta.testing._TestCaseClass.Meta__11_id:params
    13    824 meta.testing._TestCaseClass.Meta__11_id:comment
    20      0 meta.testing._TestCaseClass.Meta__11_id:preamble
    25      0 meta.testing._TestCaseClass.setUpClass:modifiers
    25    825 meta.testing._TestCaseClass.setUpClass:method
    25    825 meta.testing._TestCaseClass.setUpClass:params
    26    826 meta.testing._TestCaseClass.setUpClass:comment
    26      0 meta.testing._TestCaseClass.setUpClass:preamble
    28    826 meta.testing._TestCaseClass.setUpClass:scope
    31      0 meta.testing._TestCaseClass.tearDownClass:modifiers
    31    832 meta.testing._TestCaseClass.tearDownClass:method
    31    832 meta.testing._TestCaseClass.tearDownClass:params
    32    833 meta.testing._TestCaseClass.tearDownClass:comment
    32      0 meta.testing._TestCaseClass.tearDownClass:preamble
    32    833 meta.testing._TestCaseClass.tearDownClass:scope
    34      0 meta.testing._TestCaseClass.tearDownClass:postamble
    36      0 meta.testing._TestCaseClass.Resource:modifiers
    36    867 meta.testing._TestCaseClass.Resource:method
    36    878 meta.testing._TestCaseClass.Resource:params
    37    868 meta.testing._TestCaseClass.Resource:comment
    57      0 meta.testing._TestCaseClass.Resource:preamble
    57    885 meta.testing._TestCaseClass.Resource:scope
