     1      0 meta.testing.FakeFcntl:imports           /Users/wmh/src/meta/src/kernel/root.meta
     4      0 meta.testing.FakeFcntl:preamble
     6   2579 meta.testing.FakeFcntl:class
     6   2579 meta.testing.FakeFcntl:parent
     7   2581 meta.testing.FakeFcntl:comment
     8      0 meta.testing.FakeFcntl:header
     9   2583 meta.testing.FakeFcntl:scope
    10   2586 meta.testing.FakeFcntl.premethod:text
    16      0 meta.testing.FakeFcntl.filesystem.get:modifiers
    16   2591 meta.testing.FakeFcntl.filesystem.get:method
    16   2591 meta.testing.FakeFcntl.filesystem.get:params
    17   2592 meta.testing.FakeFcntl.filesystem.get:comment
    18      0 meta.testing.FakeFcntl.filesystem.get:preamble
    18   2592 meta.testing.FakeFcntl.filesystem.get:scope
    20      0 meta.testing.FakeFcntl.filesystemIs:modifiers
    20   2591 meta.testing.FakeFcntl.filesystemIs:method
    20      1 meta.testing.FakeFcntl.filesystemIs:params
    21   2592 meta.testing.FakeFcntl.filesystemIs:comment
    28      0 meta.testing.FakeFcntl.filesystemIs:preamble
    28   2592 meta.testing.FakeFcntl.filesystemIs:scope
    31   2593 meta.testing.FakeFcntl.FakeFcntl:method
    31   2594 meta.testing.FakeFcntl.FakeFcntl:params
    32   2594 meta.testing.FakeFcntl.FakeFcntl:comment
    37      0 meta.testing.FakeFcntl.FakeFcntl:preamble
    39   2596 meta.testing.FakeFcntl.FakeFcntl:scope
    41      0 meta.testing.FakeFcntl.fcntl:modifiers
    41   2601 meta.testing.FakeFcntl.fcntl:method
    41   2602 meta.testing.FakeFcntl.fcntl:params
    42   2602 meta.testing.FakeFcntl.fcntl:comment
    47      0 meta.testing.FakeFcntl.fcntl:preamble
    47   2606 meta.testing.FakeFcntl.fcntl:scope
    49      0 meta.testing.FakeFcntl.ioctl:modifiers
    49   2613 meta.testing.FakeFcntl.ioctl:method
    49   2614 meta.testing.FakeFcntl.ioctl:params
    50   2614 meta.testing.FakeFcntl.ioctl:comment
    56      0 meta.testing.FakeFcntl.ioctl:preamble
    56   2619 meta.testing.FakeFcntl.ioctl:scope
    58      0 meta.testing.FakeFcntl.flock:modifiers
    58   2626 meta.testing.FakeFcntl.flock:method
    58   2627 meta.testing.FakeFcntl.flock:params
    59   2627 meta.testing.FakeFcntl.flock:comment
    63      0 meta.testing.FakeFcntl.flock:preamble
    63   2630 meta.testing.FakeFcntl.flock:scope
    65      0 meta.testing.FakeFcntl.lockf:modifiers
    65   2637 meta.testing.FakeFcntl.lockf:method
    65   2638 meta.testing.FakeFcntl.lockf:params
    66   2638 meta.testing.FakeFcntl.lockf:comment
    73      0 meta.testing.FakeFcntl.lockf:preamble
    73   2644 meta.testing.FakeFcntl.lockf:scope
