     1      0 meta.testing.Meta__TestCase:imports      /Users/wmh/src/meta/src/kernel/root.meta
     6      0 meta.testing.Meta__TestCase:preamble
     8    508 meta.testing.Meta__TestCase:class
     8      0 meta.testing.Meta__TestCase:parent
     9      1 meta.testing.Meta__TestCase:comment
    10      1 meta.testing.Meta__TestCase:scope
    28     -2 meta.testing.Meta__TestCase.Meta__17__:method
    28     -2 meta.testing.Meta__TestCase.Meta__17__:params
    29     -1 meta.testing.Meta__TestCase.Meta__17__:comment
    30      0 meta.testing.Meta__TestCase.Meta__17__:preamble
    39     -2 meta.testing.Meta__TestCase.Meta__18__:method
    39     -2 meta.testing.Meta__TestCase.Meta__18__:params
    40     -1 meta.testing.Meta__TestCase.Meta__18__:comment
    41      0 meta.testing.Meta__TestCase.Meta__18__:preamble
    50      0 meta.testing.Meta__TestCase.setUpClass:modifiers
    50    822 meta.testing.Meta__TestCase.setUpClass:method
    50    822 meta.testing.Meta__TestCase.setUpClass:params
    51    823 meta.testing.Meta__TestCase.setUpClass:comment
    52      0 meta.testing.Meta__TestCase.setUpClass:preamble
    54    823 meta.testing.Meta__TestCase.setUpClass:scope
    57      0 meta.testing.Meta__TestCase.tearDownClass:modifiers
    57    829 meta.testing.Meta__TestCase.tearDownClass:method
    57    829 meta.testing.Meta__TestCase.tearDownClass:params
    58    830 meta.testing.Meta__TestCase.tearDownClass:comment
    59      0 meta.testing.Meta__TestCase.tearDownClass:preamble
    59    830 meta.testing.Meta__TestCase.tearDownClass:scope
    61      0 meta.testing.Meta__TestCase.tearDownClass:postamble
    63      0 meta.testing.Meta__TestCase.Initialize:modifiers
    63    839 meta.testing.Meta__TestCase.Initialize:method
    63    839 meta.testing.Meta__TestCase.Initialize:params
    64    840 meta.testing.Meta__TestCase.Initialize:comment
    71      0 meta.testing.Meta__TestCase.Initialize:preamble
    71    847 meta.testing.Meta__TestCase.Initialize:scope
    83      0 meta.testing.Meta__TestCase.Resource:modifiers
    83    865 meta.testing.Meta__TestCase.Resource:method
    83    876 meta.testing.Meta__TestCase.Resource:params
    84    866 meta.testing.Meta__TestCase.Resource:comment
   104      0 meta.testing.Meta__TestCase.Resource:preamble
   104    883 meta.testing.Meta__TestCase.Resource:scope
