     1      0 meta.testing.StubHolder:imports          /Users/wmh/src/meta/src/kernel/root.meta
     4      0 meta.testing.StubHolder:preamble
     6   2653 meta.testing.StubHolder:class
     6   2653 meta.testing.StubHolder:parent
     7   2655 meta.testing.StubHolder:comment
    22      0 meta.testing.StubHolder:header
    23   2670 meta.testing.StubHolder:scope
    24   2671 meta.testing.StubHolder.Meta__9_id:method
    24   2671 meta.testing.StubHolder.Meta__9_id:params
    25   2672 meta.testing.StubHolder.Meta__9_id:comment
    26      0 meta.testing.StubHolder.Meta__9_id:preamble
    28   2672 meta.testing.StubHolder.Meta__9_id:scope
    31      0 meta.testing.StubHolder.__del__:modifiers
    31   2678 meta.testing.StubHolder.__del__:method
    31   2678 meta.testing.StubHolder.__del__:params
    32   2679 meta.testing.StubHolder.__del__:comment
    37      0 meta.testing.StubHolder.__del__:preamble
    37   2684 meta.testing.StubHolder.__del__:scope
    39      0 meta.testing.StubHolder.__enter__:modifiers
    39   2689 meta.testing.StubHolder.__enter__:method
    39   2689 meta.testing.StubHolder.__enter__:params
    40   2690 meta.testing.StubHolder.__enter__:comment
    40      0 meta.testing.StubHolder.__enter__:preamble
    40   2690 meta.testing.StubHolder.__enter__:scope
    42      0 meta.testing.StubHolder.__exit__:modifiers
    42   2695 meta.testing.StubHolder.__exit__:method
    42   2696 meta.testing.StubHolder.__exit__:params
    43   2696 meta.testing.StubHolder.__exit__:comment
    48      0 meta.testing.StubHolder.__exit__:preamble
    48   2700 meta.testing.StubHolder.__exit__:scope
    50      0 meta.testing.StubHolder.CleanUp:modifiers
    50   2705 meta.testing.StubHolder.CleanUp:method
    50   2705 meta.testing.StubHolder.CleanUp:params
    51   2706 meta.testing.StubHolder.CleanUp:comment
    52      0 meta.testing.StubHolder.CleanUp:preamble
    52   2708 meta.testing.StubHolder.CleanUp:scope
    55      0 meta.testing.StubHolder.SmartSet:modifiers
    55   2714 meta.testing.StubHolder.SmartSet:method
    55   2715 meta.testing.StubHolder.SmartSet:params
    56   2722 meta.testing.StubHolder.SmartSet:comment
    83      0 meta.testing.StubHolder.SmartSet:preamble
    83   2741 meta.testing.StubHolder.SmartSet:scope
   118      0 meta.testing.StubHolder.SmartUnsetAll:modifiers
   118   2779 meta.testing.StubHolder.SmartUnsetAll:method
   118   2779 meta.testing.StubHolder.SmartUnsetAll:params
   119   2780 meta.testing.StubHolder.SmartUnsetAll:comment
   127      0 meta.testing.StubHolder.SmartUnsetAll:preamble
   127   2788 meta.testing.StubHolder.SmartUnsetAll:scope
   132      0 meta.testing.StubHolder.Set:modifiers
   132   2796 meta.testing.StubHolder.Set:method
   132   2797 meta.testing.StubHolder.Set:params
   133   2804 meta.testing.StubHolder.Set:comment
   152      0 meta.testing.StubHolder.Set:preamble
   152   2815 meta.testing.StubHolder.Set:scope
   161      0 meta.testing.StubHolder.UnsetAll:modifiers
   161   2827 meta.testing.StubHolder.UnsetAll:method
   161   2827 meta.testing.StubHolder.UnsetAll:params
   162   2828 meta.testing.StubHolder.UnsetAll:comment
   170      0 meta.testing.StubHolder.UnsetAll:preamble
   170   2836 meta.testing.StubHolder.UnsetAll:scope
