     1      0 meta.testing.TestCase:imports            /Users/wmh/src/meta/src/kernel/root.meta
    22      0 meta.testing.TestCase:preamble
    24    543 meta.testing.TestCase:class
    24    627 meta.testing.TestCase:parent
    25    544 meta.testing.TestCase:comment
   109      0 meta.testing.TestCase:header
   110    693 meta.testing.TestCase:scope
   111      0 meta.testing.TestCase.setUpClass:modifiers
   112    695 meta.testing.TestCase.setUpClass:method
   112    695 meta.testing.TestCase.setUpClass:params
   113    696 meta.testing.TestCase.setUpClass:comment
   114      0 meta.testing.TestCase.setUpClass:preamble
   116    698 meta.testing.TestCase.setUpClass:scope
   119      0 meta.testing.TestCase.tearDownClass:modifiers
   120    703 meta.testing.TestCase.tearDownClass:method
   120    703 meta.testing.TestCase.tearDownClass:params
   121    704 meta.testing.TestCase.tearDownClass:comment
   122      0 meta.testing.TestCase.tearDownClass:preamble
   122    706 meta.testing.TestCase.tearDownClass:scope
   124      0 meta.testing.TestCase.tearDownClass:postamble
   126      0 meta.testing.TestCase.Resource:modifiers
   127    711 meta.testing.TestCase.Resource:method
   127    722 meta.testing.TestCase.Resource:params
   128    712 meta.testing.TestCase.Resource:comment
   148      0 meta.testing.TestCase.Resource:preamble
   148    729 meta.testing.TestCase.Resource:scope
   177      0 meta.testing.TestCase.debug.get:modifiers
   177    755 meta.testing.TestCase.debug.get:method
   177    755 meta.testing.TestCase.debug.get:params
   178    756 meta.testing.TestCase.debug.get:comment
   179      0 meta.testing.TestCase.debug.get:preamble
   179    756 meta.testing.TestCase.debug.get:scope
   181      0 meta.testing.TestCase.debugIs:modifiers
   181    755 meta.testing.TestCase.debugIs:method
   181      1 meta.testing.TestCase.debugIs:params
   182    756 meta.testing.TestCase.debugIs:comment
   189      0 meta.testing.TestCase.debugIs:preamble
   189    756 meta.testing.TestCase.debugIs:scope
   196      0 meta.testing.TestCase.useold.get:modifiers
   196    758 meta.testing.TestCase.useold.get:method
   196    758 meta.testing.TestCase.useold.get:params
   197    759 meta.testing.TestCase.useold.get:comment
   198      0 meta.testing.TestCase.useold.get:preamble
   198    759 meta.testing.TestCase.useold.get:scope
   200      0 meta.testing.TestCase.useoldIs:modifiers
   200    758 meta.testing.TestCase.useoldIs:method
   200      1 meta.testing.TestCase.useoldIs:params
   201    759 meta.testing.TestCase.useoldIs:comment
   208      0 meta.testing.TestCase.useoldIs:preamble
   208    759 meta.testing.TestCase.useoldIs:scope
   218      0 meta.testing.TestCase.uid.get:modifiers
   218    761 meta.testing.TestCase.uid.get:method
   218    761 meta.testing.TestCase.uid.get:params
   219    762 meta.testing.TestCase.uid.get:comment
   220      0 meta.testing.TestCase.uid.get:preamble
   220    762 meta.testing.TestCase.uid.get:scope
   222      0 meta.testing.TestCase.uidIs:modifiers
   222    761 meta.testing.TestCase.uidIs:method
   222      1 meta.testing.TestCase.uidIs:params
   223    762 meta.testing.TestCase.uidIs:comment
   230      0 meta.testing.TestCase.uidIs:preamble
   230    762 meta.testing.TestCase.uidIs:scope
   236      0 meta.testing.TestCase.tmpfiles.get:modifiers
   236    768 meta.testing.TestCase.tmpfiles.get:method
   236    768 meta.testing.TestCase.tmpfiles.get:params
   237    769 meta.testing.TestCase.tmpfiles.get:comment
   238      0 meta.testing.TestCase.tmpfiles.get:preamble
   238    769 meta.testing.TestCase.tmpfiles.get:scope
   240      0 meta.testing.TestCase.tmpfilesIs:modifiers
   240    768 meta.testing.TestCase.tmpfilesIs:method
   240      1 meta.testing.TestCase.tmpfilesIs:params
   241    769 meta.testing.TestCase.tmpfilesIs:comment
   248      0 meta.testing.TestCase.tmpfilesIs:preamble
   248    769 meta.testing.TestCase.tmpfilesIs:scope
   254      0 meta.testing.TestCase.tmpdirs.get:modifiers
   254    770 meta.testing.TestCase.tmpdirs.get:method
   254    770 meta.testing.TestCase.tmpdirs.get:params
   255    771 meta.testing.TestCase.tmpdirs.get:comment
   256      0 meta.testing.TestCase.tmpdirs.get:preamble
   256    771 meta.testing.TestCase.tmpdirs.get:scope
   258      0 meta.testing.TestCase.tmpdirsIs:modifiers
   258    770 meta.testing.TestCase.tmpdirsIs:method
   258      1 meta.testing.TestCase.tmpdirsIs:params
   259    771 meta.testing.TestCase.tmpdirsIs:comment
   266      0 meta.testing.TestCase.tmpdirsIs:preamble
   266    771 meta.testing.TestCase.tmpdirsIs:scope
   273      0 meta.testing.TestCase.moxlist.get:modifiers
   273    772 meta.testing.TestCase.moxlist.get:method
   273    772 meta.testing.TestCase.moxlist.get:params
   274    773 meta.testing.TestCase.moxlist.get:comment
   275      0 meta.testing.TestCase.moxlist.get:preamble
   275    773 meta.testing.TestCase.moxlist.get:scope
   277      0 meta.testing.TestCase.moxlistIs:modifiers
   277    772 meta.testing.TestCase.moxlistIs:method
   277      1 meta.testing.TestCase.moxlistIs:params
   278    773 meta.testing.TestCase.moxlistIs:comment
   285      0 meta.testing.TestCase.moxlistIs:preamble
   285    773 meta.testing.TestCase.moxlistIs:scope
   291      0 meta.testing.TestCase.stdout.get:modifiers
   291    775 meta.testing.TestCase.stdout.get:method
   291    775 meta.testing.TestCase.stdout.get:params
   292    776 meta.testing.TestCase.stdout.get:comment
   293      0 meta.testing.TestCase.stdout.get:preamble
   293    776 meta.testing.TestCase.stdout.get:scope
   295      0 meta.testing.TestCase.stdoutIs:modifiers
   295    775 meta.testing.TestCase.stdoutIs:method
   295      1 meta.testing.TestCase.stdoutIs:params
   296    776 meta.testing.TestCase.stdoutIs:comment
   303      0 meta.testing.TestCase.stdoutIs:preamble
   303    776 meta.testing.TestCase.stdoutIs:scope
   309      0 meta.testing.TestCase.stderr.get:modifiers
   309    777 meta.testing.TestCase.stderr.get:method
   309    777 meta.testing.TestCase.stderr.get:params
   310    778 meta.testing.TestCase.stderr.get:comment
   311      0 meta.testing.TestCase.stderr.get:preamble
   311    778 meta.testing.TestCase.stderr.get:scope
   313      0 meta.testing.TestCase.stderrIs:modifiers
   313    777 meta.testing.TestCase.stderrIs:method
   313      1 meta.testing.TestCase.stderrIs:params
   314    778 meta.testing.TestCase.stderrIs:comment
   321      0 meta.testing.TestCase.stderrIs:preamble
   321    778 meta.testing.TestCase.stderrIs:scope
   327      0 meta.testing.TestCase.stdin.get:modifiers
   327    779 meta.testing.TestCase.stdin.get:method
   327    779 meta.testing.TestCase.stdin.get:params
   328    780 meta.testing.TestCase.stdin.get:comment
   329      0 meta.testing.TestCase.stdin.get:preamble
   329    780 meta.testing.TestCase.stdin.get:scope
   331      0 meta.testing.TestCase.stdinIs:modifiers
   331    779 meta.testing.TestCase.stdinIs:method
   331      1 meta.testing.TestCase.stdinIs:params
   332    780 meta.testing.TestCase.stdinIs:comment
   339      0 meta.testing.TestCase.stdinIs:preamble
   339    780 meta.testing.TestCase.stdinIs:scope
   347      0 meta.testing.TestCase.fsinfo.get:modifiers
   347    781 meta.testing.TestCase.fsinfo.get:method
   347    781 meta.testing.TestCase.fsinfo.get:params
   348    782 meta.testing.TestCase.fsinfo.get:comment
   349      0 meta.testing.TestCase.fsinfo.get:preamble
   349    782 meta.testing.TestCase.fsinfo.get:scope
   351      0 meta.testing.TestCase.fsinfoIs:modifiers
   351    781 meta.testing.TestCase.fsinfoIs:method
   351      1 meta.testing.TestCase.fsinfoIs:params
   352    782 meta.testing.TestCase.fsinfoIs:comment
   359      0 meta.testing.TestCase.fsinfoIs:preamble
   359    782 meta.testing.TestCase.fsinfoIs:scope
   366      0 meta.testing.TestCase.envars.get:modifiers
   366    785 meta.testing.TestCase.envars.get:method
   366    785 meta.testing.TestCase.envars.get:params
   367    786 meta.testing.TestCase.envars.get:comment
   368      0 meta.testing.TestCase.envars.get:preamble
   368    786 meta.testing.TestCase.envars.get:scope
   370      0 meta.testing.TestCase.envarsIs:modifiers
   370    785 meta.testing.TestCase.envarsIs:method
   370      1 meta.testing.TestCase.envarsIs:params
   371    786 meta.testing.TestCase.envarsIs:comment
   378      0 meta.testing.TestCase.envarsIs:preamble
   378    786 meta.testing.TestCase.envarsIs:scope
   384      0 meta.testing.TestCase.fs.get:modifiers
   384    789 meta.testing.TestCase.fs.get:method
   384    789 meta.testing.TestCase.fs.get:params
   385    790 meta.testing.TestCase.fs.get:comment
   386      0 meta.testing.TestCase.fs.get:preamble
   386    790 meta.testing.TestCase.fs.get:scope
   388      0 meta.testing.TestCase.fsIs:modifiers
   388    789 meta.testing.TestCase.fsIs:method
   388      1 meta.testing.TestCase.fsIs:params
   389    790 meta.testing.TestCase.fsIs:comment
   396      0 meta.testing.TestCase.fsIs:preamble
   396    790 meta.testing.TestCase.fsIs:scope
   402      0 meta.testing.TestCase.stubs.get:modifiers
   402    795 meta.testing.TestCase.stubs.get:method
   402    795 meta.testing.TestCase.stubs.get:params
   403    796 meta.testing.TestCase.stubs.get:comment
   404      0 meta.testing.TestCase.stubs.get:preamble
   404    796 meta.testing.TestCase.stubs.get:scope
   406      0 meta.testing.TestCase.stubsIs:modifiers
   406    795 meta.testing.TestCase.stubsIs:method
   406      1 meta.testing.TestCase.stubsIs:params
   407    796 meta.testing.TestCase.stubsIs:comment
   414      0 meta.testing.TestCase.stubsIs:preamble
   414    796 meta.testing.TestCase.stubsIs:scope
   417    843 meta.testing.TestCase.Meta__29_id:method
   417    837 meta.testing.TestCase.Meta__29_id:params
   418    844 meta.testing.TestCase.Meta__29_id:comment
   458      0 meta.testing.TestCase.Meta__29_id:preamble
   471    844 meta.testing.TestCase.Meta__29_id:scope
   476    853 meta.testing.TestCase.__del__:params
   477    854 meta.testing.TestCase.__del__:comment
   478      0 meta.testing.TestCase.__del__:preamble
   478    854 meta.testing.TestCase.__del__:scope
   480      0 meta.testing.TestCase.setUp:modifiers
   480    869 meta.testing.TestCase.setUp:method
   480    869 meta.testing.TestCase.setUp:params
   481    870 meta.testing.TestCase.setUp:comment
   482      0 meta.testing.TestCase.setUp:preamble
   484    872 meta.testing.TestCase.setUp:scope
   497      0 meta.testing.TestCase.tearDown:modifiers
   497    901 meta.testing.TestCase.tearDown:method
   497    901 meta.testing.TestCase.tearDown:params
   498    902 meta.testing.TestCase.tearDown:comment
   499      0 meta.testing.TestCase.tearDown:preamble
   499    904 meta.testing.TestCase.tearDown:scope
   535      0 meta.testing.TestCase.tearDown:postamble
   537      0 meta.testing.TestCase.status:modifiers
   537    958 meta.testing.TestCase.status:method
   537    958 meta.testing.TestCase.status:params
   538    959 meta.testing.TestCase.status:comment
   543      0 meta.testing.TestCase.status:preamble
   543    964 meta.testing.TestCase.status:scope
   576      0 meta.testing.TestCase.Initialize:modifiers
   577   1001 meta.testing.TestCase.Initialize:method
   577   1001 meta.testing.TestCase.Initialize:params
   578   1002 meta.testing.TestCase.Initialize:comment
   585      0 meta.testing.TestCase.Initialize:preamble
   585   1009 meta.testing.TestCase.Initialize:scope
   598      0 meta.testing.TestCase.name:modifiers
   598   1027 meta.testing.TestCase.name:method
   598   1027 meta.testing.TestCase.name:params
   599   1028 meta.testing.TestCase.name:comment
   604      0 meta.testing.TestCase.name:preamble
   604   1031 meta.testing.TestCase.name:scope
   606      0 meta.testing.TestCase.methname:modifiers
   606   1036 meta.testing.TestCase.methname:method
   606   1036 meta.testing.TestCase.methname:params
   607   1037 meta.testing.TestCase.methname:comment
   614      0 meta.testing.TestCase.methname:preamble
   614   1042 meta.testing.TestCase.methname:scope
   616      0 meta.testing.TestCase.clearMoxes:modifiers
   616   1048 meta.testing.TestCase.clearMoxes:method
   616   1048 meta.testing.TestCase.clearMoxes:params
   617   1049 meta.testing.TestCase.clearMoxes:comment
   618      0 meta.testing.TestCase.clearMoxes:preamble
   618   1051 meta.testing.TestCase.clearMoxes:scope
   623      0 meta.testing.TestCase.setenv:modifiers
   623   1057 meta.testing.TestCase.setenv:method
   623   1058 meta.testing.TestCase.setenv:params
   624   1058 meta.testing.TestCase.setenv:comment
   628      0 meta.testing.TestCase.setenv:preamble
   628   1061 meta.testing.TestCase.setenv:scope
   636      0 meta.testing.TestCase.metaTestPath:modifiers
   636   1082 meta.testing.TestCase.metaTestPath:method
   636   1083 meta.testing.TestCase.metaTestPath:params
   637   1089 meta.testing.TestCase.metaTestPath:comment
   659      0 meta.testing.TestCase.metaTestPath:preamble
   659   1102 meta.testing.TestCase.metaTestPath:scope
   661      0 meta.testing.TestCase.captureStdout:modifiers
   661   1106 meta.testing.TestCase.captureStdout:method
   661   1106 meta.testing.TestCase.captureStdout:params
   662   1107 meta.testing.TestCase.captureStdout:comment
   665      0 meta.testing.TestCase.captureStdout:preamble
   665   1110 meta.testing.TestCase.captureStdout:scope
   668      0 meta.testing.TestCase.getStdout:modifiers
   668   1123 meta.testing.TestCase.getStdout:method
   668   1123 meta.testing.TestCase.getStdout:params
   669   1124 meta.testing.TestCase.getStdout:comment
   672      0 meta.testing.TestCase.getStdout:preamble
   672   1127 meta.testing.TestCase.getStdout:scope
   682      0 meta.testing.TestCase.captureStderr:modifiers
   682   1142 meta.testing.TestCase.captureStderr:method
   682   1142 meta.testing.TestCase.captureStderr:params
   683   1143 meta.testing.TestCase.captureStderr:comment
   686      0 meta.testing.TestCase.captureStderr:preamble
   686   1146 meta.testing.TestCase.captureStderr:scope
   689      0 meta.testing.TestCase.getStderr:modifiers
   689   1159 meta.testing.TestCase.getStderr:method
   689   1159 meta.testing.TestCase.getStderr:params
   690   1160 meta.testing.TestCase.getStderr:comment
   693      0 meta.testing.TestCase.getStderr:preamble
   693   1163 meta.testing.TestCase.getStderr:scope
   703      0 meta.testing.TestCase.newMox:modifiers
   703   1178 meta.testing.TestCase.newMox:method
   703   1179 meta.testing.TestCase.newMox:params
   704   1181 meta.testing.TestCase.newMox:comment
   709      0 meta.testing.TestCase.newMox:preamble
   709   1183 meta.testing.TestCase.newMox:scope
   742      0 meta.testing.TestCase.newStr:modifiers
   742   1239 meta.testing.TestCase.newStr:method
   742   1243 meta.testing.TestCase.newStr:params
   743   1240 meta.testing.TestCase.newStr:comment
   749      0 meta.testing.TestCase.newStr:preamble
   749   1245 meta.testing.TestCase.newStr:scope
   755      0 meta.testing.TestCase.fp:modifiers
   755   1254 meta.testing.TestCase.fp:method
   755   1260 meta.testing.TestCase.fp:params
   756   1255 meta.testing.TestCase.fp:comment
   764      0 meta.testing.TestCase.fp:preamble
   764   1262 meta.testing.TestCase.fp:scope
   770      0 meta.testing.TestCase.tmpFile:modifiers
   770   1273 meta.testing.TestCase.tmpFile:method
   770   1276 meta.testing.TestCase.tmpFile:params
   771   1274 meta.testing.TestCase.tmpFile:comment
   776      0 meta.testing.TestCase.tmpFile:preamble
   776   1278 meta.testing.TestCase.tmpFile:scope
   783      0 meta.testing.TestCase.tmpDir:modifiers
   783   1299 meta.testing.TestCase.tmpDir:method
   783   1302 meta.testing.TestCase.tmpDir:params
   784   1300 meta.testing.TestCase.tmpDir:comment
   789      0 meta.testing.TestCase.tmpDir:preamble
   789   1304 meta.testing.TestCase.tmpDir:scope
   795      0 meta.testing.TestCase.fileContents:modifiers
   795   1324 meta.testing.TestCase.fileContents:method
   795   1327 meta.testing.TestCase.fileContents:params
   796   1325 meta.testing.TestCase.fileContents:comment
   801      0 meta.testing.TestCase.fileContents:preamble
   801   1329 meta.testing.TestCase.fileContents:scope
   809      0 meta.testing.TestCase.isInteractive:modifiers
   809   1346 meta.testing.TestCase.isInteractive:method
   809   1346 meta.testing.TestCase.isInteractive:params
   810   1347 meta.testing.TestCase.isInteractive:comment
   815      0 meta.testing.TestCase.isInteractive:preamble
   815   1350 meta.testing.TestCase.isInteractive:scope
   817      0 meta.testing.TestCase.allowNetwork:modifiers
   817   1357 meta.testing.TestCase.allowNetwork:method
   817   1361 meta.testing.TestCase.allowNetwork:params
   818   1358 meta.testing.TestCase.allowNetwork:comment
   826      0 meta.testing.TestCase.allowNetwork:preamble
   826   1363 meta.testing.TestCase.allowNetwork:scope
   831      0 meta.testing.TestCase.setupSharedFilesystem:modifiers
   831   1372 meta.testing.TestCase.setupSharedFilesystem:method
   831   1375 meta.testing.TestCase.setupSharedFilesystem:params
   832   1373 meta.testing.TestCase.setupSharedFilesystem:comment
   840      0 meta.testing.TestCase.setupSharedFilesystem:preamble
   840   1380 meta.testing.TestCase.setupSharedFilesystem:scope
   850      0 meta.testing.TestCase.setupFilesystem:modifiers
   850   1408 meta.testing.TestCase.setupFilesystem:method
   850   1416 meta.testing.TestCase.setupFilesystem:params
   851   1409 meta.testing.TestCase.setupFilesystem:comment
   874      0 meta.testing.TestCase.setupFilesystem:preamble
   874   1429 meta.testing.TestCase.setupFilesystem:scope
   909      0 meta.testing.TestCase.populateFilesystem:modifiers
   909   1494 meta.testing.TestCase.populateFilesystem:method
   909   1495 meta.testing.TestCase.populateFilesystem:params
   910   1520 meta.testing.TestCase.populateFilesystem:comment
   941      0 meta.testing.TestCase.populateFilesystem:preamble
   941   1525 meta.testing.TestCase.populateFilesystem:scope
  1006      0 meta.testing.TestCase.fakeFile:modifiers
  1006   1675 meta.testing.TestCase.fakeFile:method
  1006   1676 meta.testing.TestCase.fakeFile:params
  1007   1679 meta.testing.TestCase.fakeFile:comment
  1020      0 meta.testing.TestCase.fakeFile:preamble
  1020   1686 meta.testing.TestCase.fakeFile:scope
  1026      0 meta.testing.TestCase.fakeFileExists:modifiers
  1026   1705 meta.testing.TestCase.fakeFileExists:method
  1026   1706 meta.testing.TestCase.fakeFileExists:params
  1027   1709 meta.testing.TestCase.fakeFileExists:comment
  1036      0 meta.testing.TestCase.fakeFileExists:preamble
  1036   1712 meta.testing.TestCase.fakeFileExists:scope
  1038      0 meta.testing.TestCase.fakeContents:modifiers
  1038   1718 meta.testing.TestCase.fakeContents:method
  1038   1719 meta.testing.TestCase.fakeContents:params
  1039   1722 meta.testing.TestCase.fakeContents:comment
  1052      0 meta.testing.TestCase.fakeContents:preamble
  1052   1729 meta.testing.TestCase.fakeContents:scope
  1054      0 meta.testing.TestCase._readFile:modifiers
  1054   1742 meta.testing.TestCase._readFile:method
  1054   1743 meta.testing.TestCase._readFile:params
  1055   1746 meta.testing.TestCase._readFile:comment
  1064      0 meta.testing.TestCase._readFile:preamble
  1064   1749 meta.testing.TestCase._readFile:scope
  1068      0 meta.testing.TestCase.revertFilesystem:modifiers
  1068   1757 meta.testing.TestCase.revertFilesystem:method
  1068   1760 meta.testing.TestCase.revertFilesystem:params
  1069   1758 meta.testing.TestCase.revertFilesystem:comment
  1074      0 meta.testing.TestCase.revertFilesystem:preamble
  1074   1762 meta.testing.TestCase.revertFilesystem:scope
  1083      0 meta.testing.TestCase.assertFileEqual:modifiers
  1083   1780 meta.testing.TestCase.assertFileEqual:method
  1083   1781 meta.testing.TestCase.assertFileEqual:params
  1084   1781 meta.testing.TestCase.assertFileEqual:comment
  1088      0 meta.testing.TestCase.assertFileEqual:preamble
  1088   1784 meta.testing.TestCase.assertFileEqual:scope
  1094      0 meta.testing.TestCase.assertDictContains:modifiers
  1094   1793 meta.testing.TestCase.assertDictContains:method
  1094   1794 meta.testing.TestCase.assertDictContains:params
  1095   1794 meta.testing.TestCase.assertDictContains:comment
  1099      0 meta.testing.TestCase.assertDictContains:preamble
  1099   1797 meta.testing.TestCase.assertDictContains:scope
  1105      0 meta.testing.TestCase.compareStrToGolden:modifiers
  1105   1822 meta.testing.TestCase.compareStrToGolden:method
  1105   1823 meta.testing.TestCase.compareStrToGolden:params
  1106   1823 meta.testing.TestCase.compareStrToGolden:comment
  1110      0 meta.testing.TestCase.compareStrToGolden:preamble
  1110   1826 meta.testing.TestCase.compareStrToGolden:scope
  1126      0 meta.testing.TestCase.compareFileToGolden:modifiers
  1126   1845 meta.testing.TestCase.compareFileToGolden:method
  1126   1846 meta.testing.TestCase.compareFileToGolden:params
  1127   1846 meta.testing.TestCase.compareFileToGolden:comment
  1131      0 meta.testing.TestCase.compareFileToGolden:preamble
  1131   1849 meta.testing.TestCase.compareFileToGolden:scope
  1137      0 meta.testing.TestCase.startswith:modifiers
  1137   1858 meta.testing.TestCase.startswith:method
  1137   1859 meta.testing.TestCase.startswith:params
  1138   1859 meta.testing.TestCase.startswith:comment
  1142      0 meta.testing.TestCase.startswith:preamble
  1142   1862 meta.testing.TestCase.startswith:scope
  1146      0 meta.testing.TestCase.endswith:modifiers
  1146   1873 meta.testing.TestCase.endswith:method
  1146   1874 meta.testing.TestCase.endswith:params
  1147   1874 meta.testing.TestCase.endswith:comment
  1151      0 meta.testing.TestCase.endswith:preamble
  1151   1877 meta.testing.TestCase.endswith:scope
  1155      0 meta.testing.TestCase.contains:modifiers
  1155   1886 meta.testing.TestCase.contains:method
  1155   1887 meta.testing.TestCase.contains:params
  1156   1887 meta.testing.TestCase.contains:comment
  1161      0 meta.testing.TestCase.contains:preamble
  1161   1891 meta.testing.TestCase.contains:scope
  1163      0 meta.testing.TestCase.matches:modifiers
  1163   1900 meta.testing.TestCase.matches:method
  1163   1903 meta.testing.TestCase.matches:params
  1164   1901 meta.testing.TestCase.matches:comment
  1172      0 meta.testing.TestCase.matches:preamble
  1172   1908 meta.testing.TestCase.matches:scope
  1176      0 meta.testing.TestCase.iseq:modifiers
  1176   1915 meta.testing.TestCase.iseq:method
  1176   1916 meta.testing.TestCase.iseq:params
  1177   1916 meta.testing.TestCase.iseq:comment
  1182      0 meta.testing.TestCase.iseq:preamble
  1182   1920 meta.testing.TestCase.iseq:scope
  1186      0 meta.testing.TestCase.noteq:modifiers
  1186   1931 meta.testing.TestCase.noteq:method
  1186   1932 meta.testing.TestCase.noteq:params
  1187   1932 meta.testing.TestCase.noteq:comment
  1192      0 meta.testing.TestCase.noteq:preamble
  1192   1936 meta.testing.TestCase.noteq:scope
  1196      0 meta.testing.TestCase.iseqvec:modifiers
  1196   1947 meta.testing.TestCase.iseqvec:method
  1196   1948 meta.testing.TestCase.iseqvec:params
  1197   1948 meta.testing.TestCase.iseqvec:comment
  1202      0 meta.testing.TestCase.iseqvec:preamble
  1202   1952 meta.testing.TestCase.iseqvec:scope
  1204      0 meta.testing.TestCase.isapprox:modifiers
  1204   1961 meta.testing.TestCase.isapprox:method
  1204   1964 meta.testing.TestCase.isapprox:params
  1205   1962 meta.testing.TestCase.isapprox:comment
  1213      0 meta.testing.TestCase.isapprox:preamble
  1213   1969 meta.testing.TestCase.isapprox:scope
  1215      0 meta.testing.TestCase.iseqmap:modifiers
  1215   1978 meta.testing.TestCase.iseqmap:method
  1215   1979 meta.testing.TestCase.iseqmap:params
  1216   1979 meta.testing.TestCase.iseqmap:comment
  1222      0 meta.testing.TestCase.iseqmap:preamble
  1222   1984 meta.testing.TestCase.iseqmap:scope
  1246      0 meta.testing.TestCase.iseqtext:modifiers
  1246   2016 meta.testing.TestCase.iseqtext:method
  1246   2017 meta.testing.TestCase.iseqtext:params
  1247   2017 meta.testing.TestCase.iseqtext:comment
  1251      0 meta.testing.TestCase.iseqtext:preamble
  1251   2020 meta.testing.TestCase.iseqtext:scope
  1253      0 meta.testing.TestCase.raises:modifiers
  1253   2024 meta.testing.TestCase.raises:method
  1253   2035 meta.testing.TestCase.raises:params
  1254   2025 meta.testing.TestCase.raises:comment
  1269      0 meta.testing.TestCase.raises:preamble
  1269   2040 meta.testing.TestCase.raises:scope
  1271      0 meta.testing.TestCase.issame:modifiers
  1271   2043 meta.testing.TestCase.issame:method
  1271   2044 meta.testing.TestCase.issame:params
  1272   2044 meta.testing.TestCase.issame:comment
  1276      0 meta.testing.TestCase.issame:preamble
  1276   2047 meta.testing.TestCase.issame:scope
  1278      0 meta.testing.TestCase.notsame:modifiers
  1278   2052 meta.testing.TestCase.notsame:method
  1278   2053 meta.testing.TestCase.notsame:params
  1279   2053 meta.testing.TestCase.notsame:comment
  1283      0 meta.testing.TestCase.notsame:preamble
  1283   2056 meta.testing.TestCase.notsame:scope
  1285      0 meta.testing.TestCase.istrue:modifiers
  1285   2061 meta.testing.TestCase.istrue:method
  1285   2065 meta.testing.TestCase.istrue:params
  1286   2062 meta.testing.TestCase.istrue:comment
  1293      0 meta.testing.TestCase.istrue:preamble
  1293   2068 meta.testing.TestCase.istrue:scope
  1295      0 meta.testing.TestCase.isfalse:modifiers
  1295   2077 meta.testing.TestCase.isfalse:method
  1295   2081 meta.testing.TestCase.isfalse:params
  1296   2078 meta.testing.TestCase.isfalse:comment
  1303      0 meta.testing.TestCase.isfalse:preamble
  1303   2084 meta.testing.TestCase.isfalse:scope
  1305      0 meta.testing.TestCase.isnull:modifiers
  1305   2093 meta.testing.TestCase.isnull:method
  1305   2096 meta.testing.TestCase.isnull:params
  1306   2094 meta.testing.TestCase.isnull:comment
  1312      0 meta.testing.TestCase.isnull:preamble
  1312   2099 meta.testing.TestCase.isnull:scope
  1314      0 meta.testing.TestCase.notnull:modifiers
  1314   2108 meta.testing.TestCase.notnull:method
  1314   2111 meta.testing.TestCase.notnull:params
  1315   2109 meta.testing.TestCase.notnull:comment
  1321      0 meta.testing.TestCase.notnull:preamble
  1321   2114 meta.testing.TestCase.notnull:scope
  1323      0 meta.testing.TestCase.isinst:modifiers
  1323   2123 meta.testing.TestCase.isinst:method
  1323   2124 meta.testing.TestCase.isinst:params
  1324   2124 meta.testing.TestCase.isinst:comment
  1331      0 meta.testing.TestCase.isinst:preamble
  1331   2130 meta.testing.TestCase.isinst:scope
  1335      0 meta.testing.TestCase.fail:modifiers
  1335   2139 meta.testing.TestCase.fail:method
  1335   2142 meta.testing.TestCase.fail:params
  1336   2140 meta.testing.TestCase.fail:comment
  1341      0 meta.testing.TestCase.fail:preamble
  1341   2146 meta.testing.TestCase.fail:scope
  1343      0 meta.testing.TestCase.deblog:modifiers
  1343   2539 meta.testing.TestCase.deblog:method
  1343   2542 meta.testing.TestCase.deblog:params
  1344   2540 meta.testing.TestCase.deblog:comment
  1349      0 meta.testing.TestCase.deblog:preamble
  1349   2548 meta.testing.TestCase.deblog:scope
