     1      0 meta.testing_test.FakeFcntlTest:imports  /Users/wmh/src/meta/src/kernel/root.meta
     8      0 meta.testing_test.FakeFcntlTest:preamble
    10   2579 meta.testing_test.FakeFcntlTest:class
    10      0 meta.testing_test.FakeFcntlTest:parent
    11      1 meta.testing_test.FakeFcntlTest:comment
    12      0 meta.testing_test.FakeFcntlTest:header
    14      0 meta.testing_test.FakeFcntlTest.Meta__28_id:method
    14      1 meta.testing_test.FakeFcntlTest.Meta__28_id:params
    15      1 meta.testing_test.FakeFcntlTest.Meta__28_id:comment
    20      0 meta.testing_test.FakeFcntlTest.Meta__28_id:preamble
    23      0 meta.testing_test.FakeFcntlTest.test_FakeFcntl:modifiers
    23   2593 meta.testing_test.FakeFcntlTest.test_FakeFcntl:method
    23   2593 meta.testing_test.FakeFcntlTest.test_FakeFcntl:params
    24   2594 meta.testing_test.FakeFcntlTest.test_FakeFcntl:comment
    24      0 meta.testing_test.FakeFcntlTest.test_FakeFcntl:preamble
    24   2598 meta.testing_test.FakeFcntlTest.test_FakeFcntl:scope
    26      0 meta.testing_test.FakeFcntlTest.test_fcntl:modifiers
    26   2601 meta.testing_test.FakeFcntlTest.test_fcntl:method
    26   2601 meta.testing_test.FakeFcntlTest.test_fcntl:params
    27   2602 meta.testing_test.FakeFcntlTest.test_fcntl:comment
    27      0 meta.testing_test.FakeFcntlTest.test_fcntl:preamble
    27   2608 meta.testing_test.FakeFcntlTest.test_fcntl:scope
    31      0 meta.testing_test.FakeFcntlTest.test_ioctl:modifiers
    31   2613 meta.testing_test.FakeFcntlTest.test_ioctl:method
    31   2613 meta.testing_test.FakeFcntlTest.test_ioctl:params
    32   2614 meta.testing_test.FakeFcntlTest.test_ioctl:comment
    32      0 meta.testing_test.FakeFcntlTest.test_ioctl:preamble
    32   2621 meta.testing_test.FakeFcntlTest.test_ioctl:scope
    36      0 meta.testing_test.FakeFcntlTest.test_flock:modifiers
    36   2626 meta.testing_test.FakeFcntlTest.test_flock:method
    36   2626 meta.testing_test.FakeFcntlTest.test_flock:params
    37   2627 meta.testing_test.FakeFcntlTest.test_flock:comment
    37      0 meta.testing_test.FakeFcntlTest.test_flock:preamble
    37   2632 meta.testing_test.FakeFcntlTest.test_flock:scope
    41      0 meta.testing_test.FakeFcntlTest.test_lockf:modifiers
    41   2637 meta.testing_test.FakeFcntlTest.test_lockf:method
    41   2637 meta.testing_test.FakeFcntlTest.test_lockf:params
    42   2638 meta.testing_test.FakeFcntlTest.test_lockf:comment
    42      0 meta.testing_test.FakeFcntlTest.test_lockf:preamble
    42   2646 meta.testing_test.FakeFcntlTest.test_lockf:scope
