     1      0 meta.testing_test.StubHolderTest:imports /Users/wmh/src/meta/src/kernel/root.meta
     8      0 meta.testing_test.StubHolderTest:preamble
    10   2653 meta.testing_test.StubHolderTest:class
    10      0 meta.testing_test.StubHolderTest:parent
    11      1 meta.testing_test.StubHolderTest:comment
    12      0 meta.testing_test.StubHolderTest:header
    13      1 meta.testing_test.StubHolderTest:scope
    14      0 meta.testing_test.StubHolderTest.Meta__26_id:method
    14      1 meta.testing_test.StubHolderTest.Meta__26_id:params
    15      1 meta.testing_test.StubHolderTest.Meta__26_id:comment
    20      0 meta.testing_test.StubHolderTest.Meta__26_id:preamble
    23      0 meta.testing_test.StubHolderTest.test_Meta__9_id:modifiers
    23   2671 meta.testing_test.StubHolderTest.test_Meta__9_id:method
    23   2671 meta.testing_test.StubHolderTest.test_Meta__9_id:params
    24   2672 meta.testing_test.StubHolderTest.test_Meta__9_id:comment
    24      0 meta.testing_test.StubHolderTest.test_Meta__9_id:preamble
    24   2675 meta.testing_test.StubHolderTest.test_Meta__9_id:scope
    26      0 meta.testing_test.StubHolderTest.test___del__:modifiers
    26   2678 meta.testing_test.StubHolderTest.test___del__:method
    26   2678 meta.testing_test.StubHolderTest.test___del__:params
    27   2679 meta.testing_test.StubHolderTest.test___del__:comment
    27      0 meta.testing_test.StubHolderTest.test___del__:preamble
    27   2686 meta.testing_test.StubHolderTest.test___del__:scope
    29      0 meta.testing_test.StubHolderTest.test___enter__:modifiers
    29   2689 meta.testing_test.StubHolderTest.test___enter__:method
    29   2689 meta.testing_test.StubHolderTest.test___enter__:params
    30   2690 meta.testing_test.StubHolderTest.test___enter__:comment
    30      0 meta.testing_test.StubHolderTest.test___enter__:preamble
    30   2692 meta.testing_test.StubHolderTest.test___enter__:scope
    32      0 meta.testing_test.StubHolderTest.test___exit__:modifiers
    32   2695 meta.testing_test.StubHolderTest.test___exit__:method
    32   2695 meta.testing_test.StubHolderTest.test___exit__:params
    33   2696 meta.testing_test.StubHolderTest.test___exit__:comment
    33      0 meta.testing_test.StubHolderTest.test___exit__:preamble
    33   2702 meta.testing_test.StubHolderTest.test___exit__:scope
    35      0 meta.testing_test.StubHolderTest.test_CleanUp:modifiers
    35   2705 meta.testing_test.StubHolderTest.test_CleanUp:method
    35   2705 meta.testing_test.StubHolderTest.test_CleanUp:params
    36   2706 meta.testing_test.StubHolderTest.test_CleanUp:comment
    36      0 meta.testing_test.StubHolderTest.test_CleanUp:preamble
    36   2711 meta.testing_test.StubHolderTest.test_CleanUp:scope
    38      0 meta.testing_test.StubHolderTest.test_SmartSet:modifiers
    38   2714 meta.testing_test.StubHolderTest.test_SmartSet:method
    38   2714 meta.testing_test.StubHolderTest.test_SmartSet:params
    39   2715 meta.testing_test.StubHolderTest.test_SmartSet:comment
    39      0 meta.testing_test.StubHolderTest.test_SmartSet:preamble
    39   2776 meta.testing_test.StubHolderTest.test_SmartSet:scope
    41      0 meta.testing_test.StubHolderTest.test_SmartUnsetAll:modifiers
    41   2779 meta.testing_test.StubHolderTest.test_SmartUnsetAll:method
    41   2779 meta.testing_test.StubHolderTest.test_SmartUnsetAll:params
    42   2780 meta.testing_test.StubHolderTest.test_SmartUnsetAll:comment
    42      0 meta.testing_test.StubHolderTest.test_SmartUnsetAll:preamble
    42   2793 meta.testing_test.StubHolderTest.test_SmartUnsetAll:scope
    44      0 meta.testing_test.StubHolderTest.test_Set:modifiers
    44   2796 meta.testing_test.StubHolderTest.test_Set:method
    44   2796 meta.testing_test.StubHolderTest.test_Set:params
    45   2797 meta.testing_test.StubHolderTest.test_Set:comment
    45      0 meta.testing_test.StubHolderTest.test_Set:preamble
    45   2824 meta.testing_test.StubHolderTest.test_Set:scope
    47      0 meta.testing_test.StubHolderTest.test_UnsetAll:modifiers
    47   2827 meta.testing_test.StubHolderTest.test_UnsetAll:method
    47   2827 meta.testing_test.StubHolderTest.test_UnsetAll:params
    48   2828 meta.testing_test.StubHolderTest.test_UnsetAll:comment
    48      0 meta.testing_test.StubHolderTest.test_UnsetAll:preamble
    48   2842 meta.testing_test.StubHolderTest.test_UnsetAll:scope
