     1      0 meta.testing_test.TestCaseTest:imports   /Users/wmh/src/meta/src/kernel/root.meta
    14      0 meta.testing_test.TestCaseTest:preamble
    16    543 meta.testing_test.TestCaseTest:class
    16      0 meta.testing_test.TestCaseTest:parent
    17      1 meta.testing_test.TestCaseTest:comment
    18      0 meta.testing_test.TestCaseTest:header
    19      1 meta.testing_test.TestCaseTest:scope
    20      0 meta.testing_test.TestCaseTest.Meta__52_id:method
    20      1 meta.testing_test.TestCaseTest.Meta__52_id:params
    21      1 meta.testing_test.TestCaseTest.Meta__52_id:comment
    26      0 meta.testing_test.TestCaseTest.Meta__52_id:preamble
    32      0 meta.testing_test.TestCaseTest.tc.get:modifiers
    32   2554 meta.testing_test.TestCaseTest.tc.get:method
    32   2554 meta.testing_test.TestCaseTest.tc.get:params
    33   2555 meta.testing_test.TestCaseTest.tc.get:comment
    34      0 meta.testing_test.TestCaseTest.tc.get:preamble
    34   2555 meta.testing_test.TestCaseTest.tc.get:scope
    36      0 meta.testing_test.TestCaseTest.tcIs:modifiers
    36   2554 meta.testing_test.TestCaseTest.tcIs:method
    36      1 meta.testing_test.TestCaseTest.tcIs:params
    37   2555 meta.testing_test.TestCaseTest.tcIs:comment
    44      0 meta.testing_test.TestCaseTest.tcIs:preamble
    44   2555 meta.testing_test.TestCaseTest.tcIs:scope
    47      0 meta.testing_test.TestCaseTest.setUp:modifiers
    47   2557 meta.testing_test.TestCaseTest.setUp:method
    47   2557 meta.testing_test.TestCaseTest.setUp:params
    48   2558 meta.testing_test.TestCaseTest.setUp:comment
    48      0 meta.testing_test.TestCaseTest.setUp:preamble
    48   2559 meta.testing_test.TestCaseTest.setUp:scope
    51      0 meta.testing_test.TestCaseTest.tearDown:modifiers
    51   2563 meta.testing_test.TestCaseTest.tearDown:method
    51   2563 meta.testing_test.TestCaseTest.tearDown:params
    52   2564 meta.testing_test.TestCaseTest.tearDown:comment
    52      0 meta.testing_test.TestCaseTest.tearDown:preamble
    52   2565 meta.testing_test.TestCaseTest.tearDown:scope
    54      0 meta.testing_test.TestCaseTest.test_setenv:modifiers
    54   1057 meta.testing_test.TestCaseTest.test_setenv:method
    54   1057 meta.testing_test.TestCaseTest.test_setenv:params
    55   1058 meta.testing_test.TestCaseTest.test_setenv:comment
    55      0 meta.testing_test.TestCaseTest.test_setenv:preamble
    55   1069 meta.testing_test.TestCaseTest.test_setenv:scope
    64      0 meta.testing_test.TestCaseTest.test_captureStdout:modifiers
    64   1106 meta.testing_test.TestCaseTest.test_captureStdout:method
    64   1106 meta.testing_test.TestCaseTest.test_captureStdout:params
    65   1107 meta.testing_test.TestCaseTest.test_captureStdout:comment
    65      0 meta.testing_test.TestCaseTest.test_captureStdout:preamble
    65   1113 meta.testing_test.TestCaseTest.test_captureStdout:scope
    73      0 meta.testing_test.TestCaseTest.test_getStdout:modifiers
    73   1123 meta.testing_test.TestCaseTest.test_getStdout:method
    73   1123 meta.testing_test.TestCaseTest.test_getStdout:params
    74   1124 meta.testing_test.TestCaseTest.test_getStdout:comment
    74      0 meta.testing_test.TestCaseTest.test_getStdout:preamble
    74   1137 meta.testing_test.TestCaseTest.test_getStdout:scope
    77      0 meta.testing_test.TestCaseTest.test_captureStderr:modifiers
    77   1142 meta.testing_test.TestCaseTest.test_captureStderr:method
    77   1142 meta.testing_test.TestCaseTest.test_captureStderr:params
    78   1143 meta.testing_test.TestCaseTest.test_captureStderr:comment
    78      0 meta.testing_test.TestCaseTest.test_captureStderr:preamble
    78   1149 meta.testing_test.TestCaseTest.test_captureStderr:scope
    86      0 meta.testing_test.TestCaseTest.test_getStderr:modifiers
    86   1159 meta.testing_test.TestCaseTest.test_getStderr:method
    86   1159 meta.testing_test.TestCaseTest.test_getStderr:params
    87   1160 meta.testing_test.TestCaseTest.test_getStderr:comment
    87      0 meta.testing_test.TestCaseTest.test_getStderr:preamble
    87   1173 meta.testing_test.TestCaseTest.test_getStderr:scope
    90      0 meta.testing_test.TestCaseTest.test_newMox:modifiers
    90   1178 meta.testing_test.TestCaseTest.test_newMox:method
    90   1178 meta.testing_test.TestCaseTest.test_newMox:params
    91   1179 meta.testing_test.TestCaseTest.test_newMox:comment
    91      0 meta.testing_test.TestCaseTest.test_newMox:preamble
    91   1216 meta.testing_test.TestCaseTest.test_newMox:scope
   113      0 meta.testing_test.TestCaseTest.test_fp:modifiers
   113   1254 meta.testing_test.TestCaseTest.test_fp:method
   113   1254 meta.testing_test.TestCaseTest.test_fp:params
   114   1255 meta.testing_test.TestCaseTest.test_fp:comment
   114      0 meta.testing_test.TestCaseTest.test_fp:preamble
   114   1268 meta.testing_test.TestCaseTest.test_fp:scope
   116      0 meta.testing_test.TestCaseTest.test_tmpFile:modifiers
   116   1273 meta.testing_test.TestCaseTest.test_tmpFile:method
   116   1273 meta.testing_test.TestCaseTest.test_tmpFile:params
   117   1274 meta.testing_test.TestCaseTest.test_tmpFile:comment
   117      0 meta.testing_test.TestCaseTest.test_tmpFile:preamble
   117   1285 meta.testing_test.TestCaseTest.test_tmpFile:scope
   128      0 meta.testing_test.TestCaseTest.test_tmpDir:modifiers
   128   1299 meta.testing_test.TestCaseTest.test_tmpDir:method
   128   1299 meta.testing_test.TestCaseTest.test_tmpDir:params
   129   1300 meta.testing_test.TestCaseTest.test_tmpDir:comment
   129      0 meta.testing_test.TestCaseTest.test_tmpDir:preamble
   129   1310 meta.testing_test.TestCaseTest.test_tmpDir:scope
   140      0 meta.testing_test.TestCaseTest.test_fileContents:modifiers
   140   1324 meta.testing_test.TestCaseTest.test_fileContents:method
   140   1324 meta.testing_test.TestCaseTest.test_fileContents:params
   141   1325 meta.testing_test.TestCaseTest.test_fileContents:comment
   141      0 meta.testing_test.TestCaseTest.test_fileContents:preamble
   141   1337 meta.testing_test.TestCaseTest.test_fileContents:scope
   147      0 meta.testing_test.TestCaseTest.test_isInteractive:modifiers
   147   1346 meta.testing_test.TestCaseTest.test_isInteractive:method
   147   1346 meta.testing_test.TestCaseTest.test_isInteractive:params
   148   1347 meta.testing_test.TestCaseTest.test_isInteractive:comment
   148      0 meta.testing_test.TestCaseTest.test_isInteractive:preamble
   148   1352 meta.testing_test.TestCaseTest.test_isInteractive:scope
   150      0 meta.testing_test.TestCaseTest.test_setupSharedFilesystem:modifiers
   150   1372 meta.testing_test.TestCaseTest.test_setupSharedFilesystem:method
   150   1372 meta.testing_test.TestCaseTest.test_setupSharedFilesystem:params
   151   1373 meta.testing_test.TestCaseTest.test_setupSharedFilesystem:comment
   151      0 meta.testing_test.TestCaseTest.test_setupSharedFilesystem:preamble
   151   1390 meta.testing_test.TestCaseTest.test_setupSharedFilesystem:scope
   167      0 meta.testing_test.TestCaseTest.test_setupFilesystem:modifiers
   167   1408 meta.testing_test.TestCaseTest.test_setupFilesystem:method
   167   1408 meta.testing_test.TestCaseTest.test_setupFilesystem:params
   168   1409 meta.testing_test.TestCaseTest.test_setupFilesystem:comment
   168      0 meta.testing_test.TestCaseTest.test_setupFilesystem:preamble
   170   1464 meta.testing_test.TestCaseTest.test_setupFilesystem:scope
   198      0 meta.testing_test.TestCaseTest.test_populateFilesystem:modifiers
   198   1494 meta.testing_test.TestCaseTest.test_populateFilesystem:method
   198   1494 meta.testing_test.TestCaseTest.test_populateFilesystem:params
   199   1495 meta.testing_test.TestCaseTest.test_populateFilesystem:comment
   199      0 meta.testing_test.TestCaseTest.test_populateFilesystem:preamble
   201   1590 meta.testing_test.TestCaseTest.test_populateFilesystem:scope
   284      0 meta.testing_test.TestCaseTest.test_fakeFile:modifiers
   284   1675 meta.testing_test.TestCaseTest.test_fakeFile:method
   284   1675 meta.testing_test.TestCaseTest.test_fakeFile:params
   285   1676 meta.testing_test.TestCaseTest.test_fakeFile:comment
   285      0 meta.testing_test.TestCaseTest.test_fakeFile:preamble
   285   1692 meta.testing_test.TestCaseTest.test_fakeFile:scope
   296      0 meta.testing_test.TestCaseTest.test_fakeFileExists:modifiers
   296   1705 meta.testing_test.TestCaseTest.test_fakeFileExists:method
   296   1705 meta.testing_test.TestCaseTest.test_fakeFileExists:params
   297   1706 meta.testing_test.TestCaseTest.test_fakeFileExists:comment
   297      0 meta.testing_test.TestCaseTest.test_fakeFileExists:preamble
   297   1714 meta.testing_test.TestCaseTest.test_fakeFileExists:scope
   299      0 meta.testing_test.TestCaseTest.test_fakeContents:modifiers
   299   1718 meta.testing_test.TestCaseTest.test_fakeContents:method
   299   1718 meta.testing_test.TestCaseTest.test_fakeContents:params
   300   1719 meta.testing_test.TestCaseTest.test_fakeContents:comment
   300      0 meta.testing_test.TestCaseTest.test_fakeContents:preamble
   300   1731 meta.testing_test.TestCaseTest.test_fakeContents:scope
   309      0 meta.testing_test.TestCaseTest.test__readFile:modifiers
   309   1742 meta.testing_test.TestCaseTest.test__readFile:method
   309   1742 meta.testing_test.TestCaseTest.test__readFile:params
   310   1743 meta.testing_test.TestCaseTest.test__readFile:comment
   310      0 meta.testing_test.TestCaseTest.test__readFile:preamble
   310   1753 meta.testing_test.TestCaseTest.test__readFile:scope
   312      0 meta.testing_test.TestCaseTest.test_revertFilesystem:modifiers
   312   1757 meta.testing_test.TestCaseTest.test_revertFilesystem:method
   312   1757 meta.testing_test.TestCaseTest.test_revertFilesystem:params
   313   1758 meta.testing_test.TestCaseTest.test_revertFilesystem:comment
   313      0 meta.testing_test.TestCaseTest.test_revertFilesystem:preamble
   313   1771 meta.testing_test.TestCaseTest.test_revertFilesystem:scope
   321      0 meta.testing_test.TestCaseTest.test_startswith:modifiers
   321   1858 meta.testing_test.TestCaseTest.test_startswith:method
   321   1858 meta.testing_test.TestCaseTest.test_startswith:params
   322   1859 meta.testing_test.TestCaseTest.test_startswith:comment
   322      0 meta.testing_test.TestCaseTest.test_startswith:preamble
   322   1866 meta.testing_test.TestCaseTest.test_startswith:scope
