/Users/wmh/src/meta2/src/kernel/test.meta2
         6       -1 metax.test_test.TestCaseTest:scope:
         7        0 metax.test_test.TestCaseTest.test_TestCase:method
        10        0 metax.test_test.TestCaseTest.test_SetUp:method
        11       -1 metax.test_test.TestCaseTest.test_SetUp:scope:
        14        0 metax.test_test.TestCaseTest.test_SetUpTestCase:method
        15       -1 metax.test_test.TestCaseTest.test_SetUpTestCase:scope:
        18        0 metax.test_test.TestCaseTest.test_TearDown:method
        19       -1 metax.test_test.TestCaseTest.test_TearDown:scope:
        22        0 metax.test_test.TestCaseTest.test_TearDownTestCase:method
        23       -1 metax.test_test.TestCaseTest.test_TearDownTestCase:scope:
        26        0 metax.test_test.TestCaseTest.test_status:method
        27       -1 metax.test_test.TestCaseTest.test_status:scope:
        30        0 metax.test_test.TestCaseTest.test_deblog:method
        31       -1 metax.test_test.TestCaseTest.test_deblog:scope:
        34        0 metax.test_test.TestCaseTest.test_name:method
        35       -1 metax.test_test.TestCaseTest.test_name:scope:
        38        0 metax.test_test.TestCaseTest.test_methname:method
        39       -1 metax.test_test.TestCaseTest.test_methname:scope:
        42        0 metax.test_test.TestCaseTest.test_setenv:method
        43       -1 metax.test_test.TestCaseTest.test_setenv:scope:
        46        0 metax.test_test.TestCaseTest.test_newStr:method
        47       -1 metax.test_test.TestCaseTest.test_newStr:scope:
        50        0 metax.test_test.TestCaseTest.test_fp:method
        51       -1 metax.test_test.TestCaseTest.test_fp:scope:
        54        0 metax.test_test.TestCaseTest.test_tmpFile:method
        55       -1 metax.test_test.TestCaseTest.test_tmpFile:scope:
        58        0 metax.test_test.TestCaseTest.test_tmpDir:method
        59       -1 metax.test_test.TestCaseTest.test_tmpDir:scope:
        62        0 metax.test_test.TestCaseTest.test_fileContents:method
        63       -1 metax.test_test.TestCaseTest.test_fileContents:scope:
        66        0 metax.test_test.TestCaseTest.test_isInteractive:method
        67       -1 metax.test_test.TestCaseTest.test_isInteractive:scope:
        70        0 metax.test_test.TestCaseTest.test_allowNetwork:method
        71       -1 metax.test_test.TestCaseTest.test_allowNetwork:scope:
        74        0 metax.test_test.TestCaseTest.test_assertDictContains:method
        75       -1 metax.test_test.TestCaseTest.test_assertDictContains:scope:
        78        0 metax.test_test.TestCaseTest.test_startswith:method
        79       -1 metax.test_test.TestCaseTest.test_startswith:scope:
        82        0 metax.test_test.TestCaseTest.test_endswith:method
        83       -1 metax.test_test.TestCaseTest.test_endswith:scope:
        86        0 metax.test_test.TestCaseTest.test_contains:method
        87       -1 metax.test_test.TestCaseTest.test_contains:scope:
        90        0 metax.test_test.TestCaseTest.test_matches:method
        91       -1 metax.test_test.TestCaseTest.test_matches:scope:
        94        0 metax.test_test.TestCaseTest.test_iseq:method
        95       -1 metax.test_test.TestCaseTest.test_iseq:scope:
        98        0 metax.test_test.TestCaseTest.test_noteq:method
        99       -1 metax.test_test.TestCaseTest.test_noteq:scope:
       102        0 metax.test_test.TestCaseTest.test_iseqstr:method
       103       -1 metax.test_test.TestCaseTest.test_iseqstr:scope:
       106        0 metax.test_test.TestCaseTest.test_noteqstr:method
       107       -1 metax.test_test.TestCaseTest.test_noteqstr:scope:
       110        0 metax.test_test.TestCaseTest.test_iseqvec:method
       111       -1 metax.test_test.TestCaseTest.test_iseqvec:scope:
       114        0 metax.test_test.TestCaseTest.test_iseqmap:method
       115       -1 metax.test_test.TestCaseTest.test_iseqmap:scope:
       118        0 metax.test_test.TestCaseTest.test_iseqtext:method
       119       -1 metax.test_test.TestCaseTest.test_iseqtext:scope:
       122        0 metax.test_test.TestCaseTest.test_iseqfile:method
       123       -1 metax.test_test.TestCaseTest.test_iseqfile:scope:
       126        0 metax.test_test.TestCaseTest.test_iseqstrgold:method
       127       -1 metax.test_test.TestCaseTest.test_iseqstrgold:scope:
       130        0 metax.test_test.TestCaseTest.test_iseqfilegold:method
       131       -1 metax.test_test.TestCaseTest.test_iseqfilegold:scope:
       134        0 metax.test_test.TestCaseTest.test_isapprox:method
       135       -1 metax.test_test.TestCaseTest.test_isapprox:scope:
       138        0 metax.test_test.TestCaseTest.test_islt:method
       139       -1 metax.test_test.TestCaseTest.test_islt:scope:
       142        0 metax.test_test.TestCaseTest.test_isle:method
       143       -1 metax.test_test.TestCaseTest.test_isle:scope:
       146        0 metax.test_test.TestCaseTest.test_isgt:method
       147       -1 metax.test_test.TestCaseTest.test_isgt:scope:
       150        0 metax.test_test.TestCaseTest.test_isge:method
       151       -1 metax.test_test.TestCaseTest.test_isge:scope:
       154        0 metax.test_test.TestCaseTest.test_raises:method
       155       -1 metax.test_test.TestCaseTest.test_raises:scope:
       158        0 metax.test_test.TestCaseTest.test_issame:method
       159       -1 metax.test_test.TestCaseTest.test_issame:scope:
       162        0 metax.test_test.TestCaseTest.test_notsame:method
       163       -1 metax.test_test.TestCaseTest.test_notsame:scope:
       166        0 metax.test_test.TestCaseTest.test_istrue:method
       167       -1 metax.test_test.TestCaseTest.test_istrue:scope:
       170        0 metax.test_test.TestCaseTest.test_isfalse:method
       171       -1 metax.test_test.TestCaseTest.test_isfalse:scope:
       174        0 metax.test_test.TestCaseTest.test_isnull:method
       175       -1 metax.test_test.TestCaseTest.test_isnull:scope:
       178        0 metax.test_test.TestCaseTest.test_notnull:method
       179       -1 metax.test_test.TestCaseTest.test_notnull:scope:
       182        0 metax.test_test.TestCaseTest.test_isinst:method
       183       -1 metax.test_test.TestCaseTest.test_isinst:scope:
       186        0 metax.test_test.TestCaseTest.test_fail:method
       187       -1 metax.test_test.TestCaseTest.test_fail:scope:
       190        0 metax.test_test.TestCaseTest.test_meta:method
       191       -1 metax.test_test.TestCaseTest.test_meta:scope:
