/Users/wmh/src/meta2/src/kernel/test.meta2
         1        0 metax.test_test.TestCaseTest:class
         2        0 metax.test_test.TestCaseTest:class
        11       -1 metax.test_test.TestCaseTest:comment:
        12        0 metax.test_test.TestCaseTest:class
        14       -1 metax.test_test.TestCaseTest:scope:
        14        0 metax.test_test.TestCaseTest.test_TestCase:method
        15        0 metax.test_test.TestCaseTest.test_SetUp:method
        16        0 metax.test_test.TestCaseTest.test_SetUpTestCase:method
        17        0 metax.test_test.TestCaseTest.test_TearDown:method
        18        0 metax.test_test.TestCaseTest.test_TearDownTestCase:method
        19        0 metax.test_test.TestCaseTest.test_status:method
        20        0 metax.test_test.TestCaseTest.test_deblog:method
        21        0 metax.test_test.TestCaseTest.test_name:method
        22        0 metax.test_test.TestCaseTest.test_methname:method
        23        0 metax.test_test.TestCaseTest.test_setenv:method
        24        0 metax.test_test.TestCaseTest.test_newStr:method
        25        0 metax.test_test.TestCaseTest.test_fp:method
        26        0 metax.test_test.TestCaseTest.test_tmpFile:method
        27        0 metax.test_test.TestCaseTest.test_tmpDir:method
        28        0 metax.test_test.TestCaseTest.test_fileContents:method
        29        0 metax.test_test.TestCaseTest.test_isInteractive:method
        30        0 metax.test_test.TestCaseTest.test_allowNetwork:method
        31        0 metax.test_test.TestCaseTest.test_assertDictContains:method
        32        0 metax.test_test.TestCaseTest.test_startswith:method
        33        0 metax.test_test.TestCaseTest.test_endswith:method
        34        0 metax.test_test.TestCaseTest.test_contains:method
        35        0 metax.test_test.TestCaseTest.test_matches:method
        36        0 metax.test_test.TestCaseTest.test_iseq:method
        37        0 metax.test_test.TestCaseTest.test_noteq:method
        38        0 metax.test_test.TestCaseTest.test_iseqstr:method
        39        0 metax.test_test.TestCaseTest.test_noteqstr:method
        40        0 metax.test_test.TestCaseTest.test_iseqvec:method
        41        0 metax.test_test.TestCaseTest.test_iseqmap:method
        42        0 metax.test_test.TestCaseTest.test_iseqtext:method
        43        0 metax.test_test.TestCaseTest.test_iseqfile:method
        44        0 metax.test_test.TestCaseTest.test_iseqstrgold:method
        45        0 metax.test_test.TestCaseTest.test_iseqfilegold:method
        46        0 metax.test_test.TestCaseTest.test_isapprox:method
        47        0 metax.test_test.TestCaseTest.test_islt:method
        48        0 metax.test_test.TestCaseTest.test_isle:method
        49        0 metax.test_test.TestCaseTest.test_isgt:method
        50        0 metax.test_test.TestCaseTest.test_isge:method
        51        0 metax.test_test.TestCaseTest.test_raises:method
        52        0 metax.test_test.TestCaseTest.test_issame:method
        53        0 metax.test_test.TestCaseTest.test_notsame:method
        54        0 metax.test_test.TestCaseTest.test_istrue:method
        55        0 metax.test_test.TestCaseTest.test_isfalse:method
        56        0 metax.test_test.TestCaseTest.test_isnull:method
        57        0 metax.test_test.TestCaseTest.test_notnull:method
        58        0 metax.test_test.TestCaseTest.test_isinst:method
        59        0 metax.test_test.TestCaseTest.test_fail:method
        60        0 metax.test_test.TestCaseTest.test_meta:method
        66        0 metax.test_test.TestCaseTest:class
