/Users/wmh/src/meta2/src/kernel/testdata/cards2.meta2
         8      312 demo.cards2_test.TestCase:class
         9      316 demo.cards2_test.TestCase:scope:
        12      316 demo.cards2_test.TestCase.TestVar/get:method
        14      317 demo.cards2_test.TestCase.TestVar/get:scope:
        16      316 demo.cards2_test.TestCase.TestVarIs:method
        22      317 demo.cards2_test.TestCase.TestVarIs:scope:
        24      316 demo.cards2_test.TestCase.TestVarRef:method
        26      317 demo.cards2_test.TestCase.TestVarRef:scope:
        28      318 demo.cards2_test.TestCase.__init__:method
        38      319 demo.cards2_test.TestCase.setUp:method
        42       -1 demo.cards2_test.TestCase.setUp:scope:
        45        0 demo.cards2_test.CardTestMeta:class
        46       -1 demo.cards2_test.CardTestMeta:comment:
        49        0 demo.cards2_test.CardTest:class
        50       -1 demo.cards2_test.CardTest:comment:
        52       -1 demo.cards2_test.CardTest:scope:
        53        0 demo.cards2_test.CardTest.test___init__:method
        55       68 demo.cards2_test.CardTest.test___init__:scope:
        57        0 demo.cards2_test.CardTest.test_meta:method
        59       -1 demo.cards2_test.CardTest.test_meta:scope:
        63        0 demo.cards2_test.CardMetaTest:class
        64       -1 demo.cards2_test.CardMetaTest:comment:
        67        0 demo.cards2_test.PileTestMeta:class
        68       -1 demo.cards2_test.PileTestMeta:comment:
        71        0 demo.cards2_test.PileTest:class
        72       -1 demo.cards2_test.PileTest:comment:
        74       -1 demo.cards2_test.PileTest:scope:
        75        0 demo.cards2_test.PileTest.test_meta:method
        77       -1 demo.cards2_test.PileTest.test_meta:scope:
        81        0 demo.cards2_test.PileMetaTest:class
        82       -1 demo.cards2_test.PileMetaTest:comment:
        85        0 demo.cards2_test.DeckTestMeta:class
        86       -1 demo.cards2_test.DeckTestMeta:comment:
        89        0 demo.cards2_test.DeckTest:class
        90       -1 demo.cards2_test.DeckTest:comment:
        92       -1 demo.cards2_test.DeckTest:scope:
        93        0 demo.cards2_test.DeckTest.test_shuffle:method
        95      137 demo.cards2_test.DeckTest.test_shuffle:scope:
       103        0 demo.cards2_test.DeckTest.test_meta:method
       105       -1 demo.cards2_test.DeckTest.test_meta:scope:
       109        0 demo.cards2_test.DeckMetaTest:class
       110       -1 demo.cards2_test.DeckMetaTest:comment:
       113        0 demo.cards2_test.FrenchDeckTestMeta:class
       114       -1 demo.cards2_test.FrenchDeckTestMeta:comment:
       117        0 demo.cards2_test.FrenchDeckTest:class
       118       -1 demo.cards2_test.FrenchDeckTest:comment:
       120       -1 demo.cards2_test.FrenchDeckTest:scope:
       121        0 demo.cards2_test.FrenchDeckTest.test___init__:method
       123       -1 demo.cards2_test.FrenchDeckTest.test___init__:scope:
       125        0 demo.cards2_test.FrenchDeckTest.test_asStr:method
       127      300 demo.cards2_test.FrenchDeckTest.test_asStr:scope:
       131        0 demo.cards2_test.FrenchDeckTest.test_meta:method
       133       -1 demo.cards2_test.FrenchDeckTest.test_meta:scope:
       137        0 demo.cards2_test.FrenchDeckMetaTest:class
       138       -1 demo.cards2_test.FrenchDeckMetaTest:comment:
       139       -1 demo.cards2_test.FrenchDeckMetaTest:scope:
       140        0 demo.cards2_test.FrenchDeckMetaTest.test___init__:method
       142       -1 demo.cards2_test.FrenchDeckMetaTest.test___init__:scope:
