/Users/wmh/src/meta2/src/kernel/test.meta2
         1      274 metax.test.TestCase:class
         2      274 metax.test.TestCase:class
        13      275 metax.test.TestCase:comment:
        95      274 metax.test.TestCase:class
        96      400 metax.test.TestCase:scope:
       101      455 metax.test.TestCase.debug/get:method
       102      455 metax.test.TestCase.debugIs:method
       103      455 metax.test.TestCase.debugRef:method
       112      458 metax.test.TestCase.uid/get:method
       113      458 metax.test.TestCase.uidIs:method
       114      458 metax.test.TestCase.uidRef:method
       119      464 metax.test.TestCase.tmpfiles/get:method
       120      464 metax.test.TestCase.tmpfilesIs:method
       121      464 metax.test.TestCase.tmpfilesRef:method
       126      466 metax.test.TestCase.tmpdirs/get:method
       127      466 metax.test.TestCase.tmpdirsIs:method
       128      466 metax.test.TestCase.tmpdirsRef:method
       134      468 metax.test.TestCase.moxlist/get:method
       135      468 metax.test.TestCase.moxlistIs:method
       136      468 metax.test.TestCase.moxlistRef:method
       141      471 metax.test.TestCase.stdout/get:method
       142      471 metax.test.TestCase.stdoutIs:method
       143      471 metax.test.TestCase.stdoutRef:method
       148      473 metax.test.TestCase.stderr/get:method
       149      473 metax.test.TestCase.stderrIs:method
       150      473 metax.test.TestCase.stderrRef:method
       155      475 metax.test.TestCase.stdin/get:method
       156      475 metax.test.TestCase.stdinIs:method
       157      475 metax.test.TestCase.stdinRef:method
       164      477 metax.test.TestCase.fsinfo/get:method
       165      477 metax.test.TestCase.fsinfoIs:method
       166      477 metax.test.TestCase.fsinfoRef:method
       172      481 metax.test.TestCase.envars/get:method
       173      481 metax.test.TestCase.envarsIs:method
       174      481 metax.test.TestCase.envarsRef:method
       179      485 metax.test.TestCase.fs/get:method
       180      485 metax.test.TestCase.fsIs:method
       181      485 metax.test.TestCase.fsRef:method
       186      492 metax.test.TestCase.stubs/get:method
       187      492 metax.test.TestCase.stubsIs:method
       188      492 metax.test.TestCase.stubsRef:method
       196      499 metax.test.TestCase.method_name/get:method
       197      499 metax.test.TestCase.method_nameIs:method
       198      499 metax.test.TestCase.method_nameRef:method
       199      506 metax.test.TestCase.TestCase:comment:
       236      505 metax.test.TestCase.TestCase:method
       237      725 metax.test.TestCase.status:comment:
       241      724 metax.test.TestCase.status:method
       242      772 metax.test.TestCase.deblog:comment:
       243      771 metax.test.TestCase.deblog:method
       244      790 metax.test.TestCase.name:comment:
       246      789 metax.test.TestCase.name:method
       247      803 metax.test.TestCase.methname:comment:
       251      802 metax.test.TestCase.methname:method
       252      826 metax.test.TestCase.setenv:method
       253     1012 metax.test.TestCase.newStr:comment:
       255     1011 metax.test.TestCase.newStr:method
       256     1038 metax.test.TestCase.fp:comment:
       260     1037 metax.test.TestCase.fp:method
       261     1068 metax.test.TestCase.tmpFile:comment:
       262     1067 metax.test.TestCase.tmpFile:method
       263     1097 metax.test.TestCase.tmpDir:comment:
       264     1096 metax.test.TestCase.tmpDir:method
       265     1125 metax.test.TestCase.fileContents:comment:
       266     1124 metax.test.TestCase.fileContents:method
       267     1150 metax.test.TestCase.isInteractive:comment:
       269     1149 metax.test.TestCase.isInteractive:method
       270     1164 metax.test.TestCase.allowNetwork:comment:
       272     1163 metax.test.TestCase.allowNetwork:method
       273     1588 metax.test.TestCase.assertDictContains:method
       274     1619 metax.test.TestCase.startswith:method
       275     1636 metax.test.TestCase.endswith:method
       276     1651 metax.test.TestCase.contains:method
       277     1668 metax.test.TestCase.matches:comment:
       278     1667 metax.test.TestCase.matches:method
       279     1685 metax.test.TestCase.iseq:comment:
       284     1684 metax.test.TestCase.iseq:method
       285     1709 metax.test.TestCase.noteq:comment:
       289     1708 metax.test.TestCase.noteq:method
       290     1732 metax.test.TestCase.iseqstr:comment:
       295     1731 metax.test.TestCase.iseqstr:method
       296     1759 metax.test.TestCase.noteqstr:comment:
       297     1758 metax.test.TestCase.noteqstr:method
       298     1781 metax.test.TestCase.iseqvec:method
       299     1797 metax.test.TestCase.iseqmap:method
       300     1836 metax.test.TestCase.iseqtext:method
       301     1852 metax.test.TestCase.iseqfile:method
       302     1867 metax.test.TestCase.iseqstrgold:method
       303     1892 metax.test.TestCase.iseqfilegold:method
       304     1908 metax.test.TestCase.isapprox:comment:
       305     1907 metax.test.TestCase.isapprox:method
       306     1926 metax.test.TestCase.islt:method
       307     1943 metax.test.TestCase.isle:method
       308     1960 metax.test.TestCase.isgt:method
       309     1977 metax.test.TestCase.isge:method
       310     1995 metax.test.TestCase.raises:comment:
       315     1994 metax.test.TestCase.raises:method
       316     2025 metax.test.TestCase.issame:method
       317     2036 metax.test.TestCase.notsame:method
       318     2048 metax.test.TestCase.istrue:comment:
       320     2047 metax.test.TestCase.istrue:method
       321     2066 metax.test.TestCase.isfalse:comment:
       323     2065 metax.test.TestCase.isfalse:method
       324     2084 metax.test.TestCase.isnull:comment:
       325     2083 metax.test.TestCase.isnull:method
       326     2101 metax.test.TestCase.notnull:comment:
       327     2100 metax.test.TestCase.notnull:method
       328     2117 metax.test.TestCase.isinst:method
       329     2136 metax.test.TestCase.fail:comment:
       330     2135 metax.test.TestCase.fail:method
       331        0 metax.test.TestCase.meta:method
       332      595 metax.test.TestCase.SetUp:method
       333      605 metax.test.TestCase.SetUpTestCase:method
       334      655 metax.test.TestCase.TearDown:method
       335      664 metax.test.TestCase.TearDownTestCase:method
       342      274 metax.test.TestCase:class
