/Users/wmh/src/meta2/src/kernel/test.meta2
         6      400 metax.test.TestCase:scope:
         7      505 metax.test.TestCase.TestCase:method
        15      569 metax.test.TestCase.TestCase:scope:
        23      724 metax.test.TestCase.status:method
        24      766 metax.test.TestCase.status:scope:
        28      771 metax.test.TestCase.deblog:method
        29      783 metax.test.TestCase.deblog:scope:
        34      789 metax.test.TestCase.name:method
        35      797 metax.test.TestCase.name:scope:
        39      802 metax.test.TestCase.methname:method
        40      812 metax.test.TestCase.methname:scope:
        43      826 metax.test.TestCase.setenv:method
        44      849 metax.test.TestCase.setenv:scope:
        47     1011 metax.test.TestCase.newStr:method
        48     1025 metax.test.TestCase.newStr:scope:
        59     1037 metax.test.TestCase.fp:method
        60     1055 metax.test.TestCase.fp:scope:
        71     1067 metax.test.TestCase.tmpFile:method
        72     1092 metax.test.TestCase.tmpFile:scope:
        75     1096 metax.test.TestCase.tmpDir:method
        76     1120 metax.test.TestCase.tmpDir:scope:
        79     1124 metax.test.TestCase.fileContents:method
        80     1145 metax.test.TestCase.fileContents:scope:
        83     1149 metax.test.TestCase.isInteractive:method
        84     1159 metax.test.TestCase.isInteractive:scope:
        87     1163 metax.test.TestCase.allowNetwork:method
        88     1176 metax.test.TestCase.allowNetwork:scope:
        91     1588 metax.test.TestCase.assertDictContains:method
        92     1600 metax.test.TestCase.assertDictContains:scope:
        96     1619 metax.test.TestCase.startswith:method
        97     1633 metax.test.TestCase.startswith:scope:
       100     1636 metax.test.TestCase.endswith:method
       101     1648 metax.test.TestCase.endswith:scope:
       104     1651 metax.test.TestCase.contains:method
       105     1664 metax.test.TestCase.contains:scope:
       108     1667 metax.test.TestCase.matches:method
       109     1681 metax.test.TestCase.matches:scope:
       112     1684 metax.test.TestCase.iseq:method
       113     1705 metax.test.TestCase.iseq:scope:
       116     1708 metax.test.TestCase.noteq:method
       117     1728 metax.test.TestCase.noteq:scope:
       120     1731 metax.test.TestCase.iseqstr:method
       121     1752 metax.test.TestCase.iseqstr:scope:
       127     1758 metax.test.TestCase.noteqstr:method
       128     1775 metax.test.TestCase.noteqstr:scope:
       134     1781 metax.test.TestCase.iseqvec:method
       135     1794 metax.test.TestCase.iseqvec:scope:
       138     1797 metax.test.TestCase.iseqmap:method
       139     1833 metax.test.TestCase.iseqmap:scope:
       142     1836 metax.test.TestCase.iseqtext:method
       143     1849 metax.test.TestCase.iseqtext:scope:
       146     1852 metax.test.TestCase.iseqfile:method
       147     1864 metax.test.TestCase.iseqfile:scope:
       150     1867 metax.test.TestCase.iseqstrgold:method
       151     1889 metax.test.TestCase.iseqstrgold:scope:
       154     1892 metax.test.TestCase.iseqfilegold:method
       155     1904 metax.test.TestCase.iseqfilegold:scope:
       158     1907 metax.test.TestCase.isapprox:method
       159     1923 metax.test.TestCase.isapprox:scope:
       162     1926 metax.test.TestCase.islt:method
       163     1940 metax.test.TestCase.islt:scope:
       166     1943 metax.test.TestCase.isle:method
       167     1957 metax.test.TestCase.isle:scope:
       170     1960 metax.test.TestCase.isgt:method
       171     1974 metax.test.TestCase.isgt:scope:
       174     1977 metax.test.TestCase.isge:method
       175     1991 metax.test.TestCase.isge:scope:
       178     1994 metax.test.TestCase.raises:method
       179     2022 metax.test.TestCase.raises:scope:
       182     2025 metax.test.TestCase.issame:method
       183     2033 metax.test.TestCase.issame:scope:
       186     2036 metax.test.TestCase.notsame:method
       187     2044 metax.test.TestCase.notsame:scope:
       190     2047 metax.test.TestCase.istrue:method
       191     2062 metax.test.TestCase.istrue:scope:
       194     2065 metax.test.TestCase.isfalse:method
       195     2080 metax.test.TestCase.isfalse:scope:
       198     2083 metax.test.TestCase.isnull:method
       199     2097 metax.test.TestCase.isnull:scope:
       202     2100 metax.test.TestCase.notnull:method
       203     2114 metax.test.TestCase.notnull:scope:
       206     2117 metax.test.TestCase.isinst:method
       207     2132 metax.test.TestCase.isinst:scope:
       210     2135 metax.test.TestCase.fail:method
       211     2144 metax.test.TestCase.fail:scope:
       214        0 metax.test.TestCase.meta:method
       215       -1 metax.test.TestCase.meta:scope:
       218      595 metax.test.TestCase.SetUp:method
       221       -1 metax.test.TestCase.SetUp:scope:
       225      605 metax.test.TestCase.SetUpTestCase:method
       226       -1 metax.test.TestCase.SetUpTestCase:scope:
       231      655 metax.test.TestCase.TearDown:method
       232       -1 metax.test.TestCase.TearDown:scope:
       236      664 metax.test.TestCase.TearDownTestCase:method
       237       -1 metax.test.TestCase.TearDownTestCase:scope:
