/Users/wmh/src/meta2/src/kernel/test.meta2
         1        0 metax.test.TestCaseMeta:class
         2        0 metax.test.TestCaseMeta:class
         9       -1 metax.test.TestCaseMeta:comment:
        10        0 metax.test.TestCaseMeta:class
        11       -1 metax.test.TestCaseMeta:scope:
        15      402 metax.test.TestCaseMeta.Debug/get:method
        16      402 metax.test.TestCaseMeta.DebugIs:method
        17      402 metax.test.TestCaseMeta.DebugRef:method
        23      405 metax.test.TestCaseMeta.InstanceCount/get:method
        24      405 metax.test.TestCaseMeta.InstanceCountIs:method
        25      405 metax.test.TestCaseMeta.InstanceCountRef:method
        31      409 metax.test.TestCaseMeta.WriteGoldens/get:method
        32      409 metax.test.TestCaseMeta.WriteGoldensIs:method
        33      409 metax.test.TestCaseMeta.WriteGoldensRef:method
        38      413 metax.test.TestCaseMeta.CanonicalStdout/get:method
        39      413 metax.test.TestCaseMeta.CanonicalStdoutIs:method
        40      413 metax.test.TestCaseMeta.CanonicalStdoutRef:method
        45      416 metax.test.TestCaseMeta.CanonicalStderr/get:method
        46      416 metax.test.TestCaseMeta.CanonicalStderrIs:method
        47      416 metax.test.TestCaseMeta.CanonicalStderrRef:method
        52      419 metax.test.TestCaseMeta.Interactive/get:method
        53      419 metax.test.TestCaseMeta.InteractiveIs:method
        54      419 metax.test.TestCaseMeta.InteractiveRef:method
        55      424 metax.test.TestCaseMeta.TestCaseMeta:comment:
        61      423 metax.test.TestCaseMeta.TestCaseMeta:method
        69        0 metax.test.TestCaseMeta:class
