/Users/wmh/src/meta2/src/kernel/root.meta2
         1        6 metax.root.ObjectMetaRoot:class
         2        6 metax.root.ObjectMetaRoot:class
        11        7 metax.root.ObjectMetaRoot:comment:
        18        6 metax.root.ObjectMetaRoot:class
        19       22 metax.root.ObjectMetaRoot:scope:
        27       23 metax.root.ObjectMetaRoot.metaname/get:method
        28       23 metax.root.ObjectMetaRoot.metanameIs:method
        29       23 metax.root.ObjectMetaRoot.metanameRef:method
        38       30 metax.root.ObjectMetaRoot.metabases/get:method
        39       30 metax.root.ObjectMetaRoot.metabasesIs:method
        40       30 metax.root.ObjectMetaRoot.metabasesRef:method
        49       37 metax.root.ObjectMetaRoot.metasymbols/get:method
        50       37 metax.root.ObjectMetaRoot.metasymbolsIs:method
        51       37 metax.root.ObjectMetaRoot.metasymbolsRef:method
        52       45 metax.root.ObjectMetaRoot.ObjectMetaRoot:comment:
        66       44 metax.root.ObjectMetaRoot.ObjectMetaRoot:method
        73        6 metax.root.ObjectMetaRoot:class
