/Users/wmh/src/meta2/src/kernel/test.meta2
         6        0 metax.test_test.FakeFcntlTestMeta:class
         7       -1 metax.test_test.FakeFcntlTestMeta:comment:
        10        0 metax.test_test.FakeFcntlTest:class
        11       -1 metax.test_test.FakeFcntlTest:comment:
        13       -1 metax.test_test.FakeFcntlTest:scope:
        14        0 metax.test_test.FakeFcntlTest.test___init__:method
        16       26 metax.test_test.FakeFcntlTest.test___init__:scope:
        18        0 metax.test_test.FakeFcntlTest.test_fcntl:method
        20       36 metax.test_test.FakeFcntlTest.test_fcntl:scope:
        24        0 metax.test_test.FakeFcntlTest.test_ioctl:method
        26       49 metax.test_test.FakeFcntlTest.test_ioctl:scope:
        30        0 metax.test_test.FakeFcntlTest.test_flock:method
        32       60 metax.test_test.FakeFcntlTest.test_flock:scope:
        36        0 metax.test_test.FakeFcntlTest.test_lockf:method
        38       74 metax.test_test.FakeFcntlTest.test_lockf:scope:
        42        0 metax.test_test.FakeFcntlTest.test_meta:method
        44       -1 metax.test_test.FakeFcntlTest.test_meta:scope:
        48        0 metax.test_test.FakeFcntlMetaTest:class
        49       -1 metax.test_test.FakeFcntlMetaTest:comment:
        50       -1 metax.test_test.FakeFcntlMetaTest:scope:
        51        0 metax.test_test.FakeFcntlMetaTest.test___init__:method
        53       -1 metax.test_test.FakeFcntlMetaTest.test___init__:scope:
        56        0 metax.test_test.StubHolderTestMeta:class
        57       -1 metax.test_test.StubHolderTestMeta:comment:
        60        0 metax.test_test.StubHolderTest:class
        61       -1 metax.test_test.StubHolderTest:comment:
        63       -1 metax.test_test.StubHolderTest:scope:
        64        0 metax.test_test.StubHolderTest.test___init__:method
        66      103 metax.test_test.StubHolderTest.test___init__:scope:
        68        0 metax.test_test.StubHolderTest.test___del__:method
        70      114 metax.test_test.StubHolderTest.test___del__:scope:
        72        0 metax.test_test.StubHolderTest.test___enter__:method
        74      120 metax.test_test.StubHolderTest.test___enter__:scope:
        76        0 metax.test_test.StubHolderTest.test___exit__:method
        78      130 metax.test_test.StubHolderTest.test___exit__:scope:
        80        0 metax.test_test.StubHolderTest.test_CleanUp:method
        82      139 metax.test_test.StubHolderTest.test_CleanUp:scope:
        84        0 metax.test_test.StubHolderTest.test_SmartSet:method
        86      204 metax.test_test.StubHolderTest.test_SmartSet:scope:
        88        0 metax.test_test.StubHolderTest.test_SmartUnsetAll:method
        90      221 metax.test_test.StubHolderTest.test_SmartUnsetAll:scope:
        92        0 metax.test_test.StubHolderTest.test_Set:method
        94      252 metax.test_test.StubHolderTest.test_Set:scope:
        96        0 metax.test_test.StubHolderTest.test_UnsetAll:method
        98      270 metax.test_test.StubHolderTest.test_UnsetAll:scope:
       100        0 metax.test_test.StubHolderTest.test_meta:method
       102       -1 metax.test_test.StubHolderTest.test_meta:scope:
       106        0 metax.test_test.StubHolderMetaTest:class
       107       -1 metax.test_test.StubHolderMetaTest:comment:
       110        0 metax.test_test.TestCaseTestMeta:class
       111       -1 metax.test_test.TestCaseTestMeta:comment:
       114        0 metax.test_test.TestCaseTest:class
       115       -1 metax.test_test.TestCaseTest:comment:
       117       -1 metax.test_test.TestCaseTest:scope:
       118        0 metax.test_test.TestCaseTest.test___init__:method
       120       -1 metax.test_test.TestCaseTest.test___init__:scope:
       122        0 metax.test_test.TestCaseTest.test_setUp:method
       124       -1 metax.test_test.TestCaseTest.test_setUp:scope:
       126        0 metax.test_test.TestCaseTest.test_setUpClass:method
       128       -1 metax.test_test.TestCaseTest.test_setUpClass:scope:
       130        0 metax.test_test.TestCaseTest.test_tearDown:method
       132       -1 metax.test_test.TestCaseTest.test_tearDown:scope:
       134        0 metax.test_test.TestCaseTest.test_tearDownClass:method
       136       -1 metax.test_test.TestCaseTest.test_tearDownClass:scope:
       138        0 metax.test_test.TestCaseTest.test_status:method
       140       -1 metax.test_test.TestCaseTest.test_status:scope:
       142        0 metax.test_test.TestCaseTest.test_deblog:method
       144       -1 metax.test_test.TestCaseTest.test_deblog:scope:
       146        0 metax.test_test.TestCaseTest.test_name:method
       148       -1 metax.test_test.TestCaseTest.test_name:scope:
       150        0 metax.test_test.TestCaseTest.test_methname:method
       152       -1 metax.test_test.TestCaseTest.test_methname:scope:
       154        0 metax.test_test.TestCaseTest.test_clearMoxes:method
       156       -1 metax.test_test.TestCaseTest.test_clearMoxes:scope:
       158        0 metax.test_test.TestCaseTest.test_setenv:method
       160      838 metax.test_test.TestCaseTest.test_setenv:scope:
       169        0 metax.test_test.TestCaseTest.test_metaTestPath:method
       171       -1 metax.test_test.TestCaseTest.test_metaTestPath:scope:
       173        0 metax.test_test.TestCaseTest.test_captureStdout:method
       175      884 metax.test_test.TestCaseTest.test_captureStdout:scope:
       183        0 metax.test_test.TestCaseTest.test_getStdout:method
       185      908 metax.test_test.TestCaseTest.test_getStdout:scope:
       188        0 metax.test_test.TestCaseTest.test_captureStderr:method
       190      920 metax.test_test.TestCaseTest.test_captureStderr:scope:
       198        0 metax.test_test.TestCaseTest.test_getStderr:method
       200      944 metax.test_test.TestCaseTest.test_getStderr:scope:
       203        0 metax.test_test.TestCaseTest.test_newMox:method
       205      987 metax.test_test.TestCaseTest.test_newMox:scope:
       227        0 metax.test_test.TestCaseTest.test_newStr:method
       229       -1 metax.test_test.TestCaseTest.test_newStr:scope:
       231        0 metax.test_test.TestCaseTest.test_fp:method
       233     1051 metax.test_test.TestCaseTest.test_fp:scope:
       235        0 metax.test_test.TestCaseTest.test_tmpFile:method
       237     1079 metax.test_test.TestCaseTest.test_tmpFile:scope:
       248        0 metax.test_test.TestCaseTest.test_tmpDir:method
       250     1107 metax.test_test.TestCaseTest.test_tmpDir:scope:
       261        0 metax.test_test.TestCaseTest.test_fileContents:method
       263     1137 metax.test_test.TestCaseTest.test_fileContents:scope:
       269        0 metax.test_test.TestCaseTest.test_isInteractive:method
       271     1155 metax.test_test.TestCaseTest.test_isInteractive:scope:
       273        0 metax.test_test.TestCaseTest.test_allowNetwork:method
       275       -1 metax.test_test.TestCaseTest.test_allowNetwork:scope:
       277        0 metax.test_test.TestCaseTest.test_setupSharedFilesystem:method
       279     1198 metax.test_test.TestCaseTest.test_setupSharedFilesystem:scope:
       295        0 metax.test_test.TestCaseTest.test_setupFilesystem:method
       297     1272 metax.test_test.TestCaseTest.test_setupFilesystem:scope:
       325        0 metax.test_test.TestCaseTest.test_populateFilesystem:method
       327     1398 metax.test_test.TestCaseTest.test_populateFilesystem:scope:
       410        0 metax.test_test.TestCaseTest.test_fakeFile:method
       412     1500 metax.test_test.TestCaseTest.test_fakeFile:scope:
       423        0 metax.test_test.TestCaseTest.test_fakeFileExists:method
       425     1522 metax.test_test.TestCaseTest.test_fakeFileExists:scope:
       427        0 metax.test_test.TestCaseTest.test_fakeContents:method
       429     1539 metax.test_test.TestCaseTest.test_fakeContents:scope:
       438        0 metax.test_test.TestCaseTest.test__readFile:method
       440     1561 metax.test_test.TestCaseTest.test__readFile:scope:
       442        0 metax.test_test.TestCaseTest.test_revertFilesystem:method
       444     1579 metax.test_test.TestCaseTest.test_revertFilesystem:scope:
       452        0 metax.test_test.TestCaseTest.test_assertDictContains:method
       454       -1 metax.test_test.TestCaseTest.test_assertDictContains:scope:
       456        0 metax.test_test.TestCaseTest.test_startswith:method
       458     1627 metax.test_test.TestCaseTest.test_startswith:scope:
       460        0 metax.test_test.TestCaseTest.test_endswith:method
       462       -1 metax.test_test.TestCaseTest.test_endswith:scope:
       464        0 metax.test_test.TestCaseTest.test_contains:method
       466       -1 metax.test_test.TestCaseTest.test_contains:scope:
       468        0 metax.test_test.TestCaseTest.test_matches:method
       470       -1 metax.test_test.TestCaseTest.test_matches:scope:
       472        0 metax.test_test.TestCaseTest.test_iseq:method
       474       -1 metax.test_test.TestCaseTest.test_iseq:scope:
       476        0 metax.test_test.TestCaseTest.test_noteq:method
       478       -1 metax.test_test.TestCaseTest.test_noteq:scope:
       480        0 metax.test_test.TestCaseTest.test_iseqstr:method
       482       -1 metax.test_test.TestCaseTest.test_iseqstr:scope:
       484        0 metax.test_test.TestCaseTest.test_noteqstr:method
       486       -1 metax.test_test.TestCaseTest.test_noteqstr:scope:
       488        0 metax.test_test.TestCaseTest.test_iseqvec:method
       490       -1 metax.test_test.TestCaseTest.test_iseqvec:scope:
       492        0 metax.test_test.TestCaseTest.test_iseqmap:method
       494       -1 metax.test_test.TestCaseTest.test_iseqmap:scope:
       496        0 metax.test_test.TestCaseTest.test_iseqtext:method
       498       -1 metax.test_test.TestCaseTest.test_iseqtext:scope:
       500        0 metax.test_test.TestCaseTest.test_iseqfile:method
       502       -1 metax.test_test.TestCaseTest.test_iseqfile:scope:
       504        0 metax.test_test.TestCaseTest.test_iseqstrgold:method
       506       -1 metax.test_test.TestCaseTest.test_iseqstrgold:scope:
       508        0 metax.test_test.TestCaseTest.test_iseqfilegold:method
       510       -1 metax.test_test.TestCaseTest.test_iseqfilegold:scope:
       512        0 metax.test_test.TestCaseTest.test_isapprox:method
       514       -1 metax.test_test.TestCaseTest.test_isapprox:scope:
       516        0 metax.test_test.TestCaseTest.test_islt:method
       518       -1 metax.test_test.TestCaseTest.test_islt:scope:
       520        0 metax.test_test.TestCaseTest.test_isle:method
       522       -1 metax.test_test.TestCaseTest.test_isle:scope:
       524        0 metax.test_test.TestCaseTest.test_isgt:method
       526       -1 metax.test_test.TestCaseTest.test_isgt:scope:
       528        0 metax.test_test.TestCaseTest.test_isge:method
       530       -1 metax.test_test.TestCaseTest.test_isge:scope:
       532        0 metax.test_test.TestCaseTest.test_raises:method
       534       -1 metax.test_test.TestCaseTest.test_raises:scope:
       536        0 metax.test_test.TestCaseTest.test_issame:method
       538       -1 metax.test_test.TestCaseTest.test_issame:scope:
       540        0 metax.test_test.TestCaseTest.test_notsame:method
       542       -1 metax.test_test.TestCaseTest.test_notsame:scope:
       544        0 metax.test_test.TestCaseTest.test_istrue:method
       546       -1 metax.test_test.TestCaseTest.test_istrue:scope:
       548        0 metax.test_test.TestCaseTest.test_isfalse:method
       550       -1 metax.test_test.TestCaseTest.test_isfalse:scope:
       552        0 metax.test_test.TestCaseTest.test_isnull:method
       554       -1 metax.test_test.TestCaseTest.test_isnull:scope:
       556        0 metax.test_test.TestCaseTest.test_notnull:method
       558       -1 metax.test_test.TestCaseTest.test_notnull:scope:
       560        0 metax.test_test.TestCaseTest.test_isinst:method
       562       -1 metax.test_test.TestCaseTest.test_isinst:scope:
       564        0 metax.test_test.TestCaseTest.test_fail:method
       566       -1 metax.test_test.TestCaseTest.test_fail:scope:
       568        0 metax.test_test.TestCaseTest.test_meta:method
       570       -1 metax.test_test.TestCaseTest.test_meta:scope:
       574        0 metax.test_test.TestCaseMetaTest:class
       575       -1 metax.test_test.TestCaseMetaTest:comment:
       576       -1 metax.test_test.TestCaseMetaTest:scope:
       577        0 metax.test_test.TestCaseMetaTest.test___init__:method
       579       -1 metax.test_test.TestCaseMetaTest.test___init__:scope:
