/Users/wmh/src/meta2/src/kernel/test.meta2
         7        0 metax.test_test.StubHolderTest:class
         8       -1 metax.test_test.StubHolderTest:comment:
        10       -1 metax.test_test.StubHolderTest:scope:
        11        0 metax.test_test.StubHolderTest.test___init__:method
        13      103 metax.test_test.StubHolderTest.test___init__:scope:
        15        0 metax.test_test.StubHolderTest.test___del__:method
        17      114 metax.test_test.StubHolderTest.test___del__:scope:
        19        0 metax.test_test.StubHolderTest.test___enter__:method
        21      120 metax.test_test.StubHolderTest.test___enter__:scope:
        23        0 metax.test_test.StubHolderTest.test___exit__:method
        25      130 metax.test_test.StubHolderTest.test___exit__:scope:
        27        0 metax.test_test.StubHolderTest.test_CleanUp:method
        29      139 metax.test_test.StubHolderTest.test_CleanUp:scope:
        31        0 metax.test_test.StubHolderTest.test_SmartSet:method
        33      204 metax.test_test.StubHolderTest.test_SmartSet:scope:
        35        0 metax.test_test.StubHolderTest.test_SmartUnsetAll:method
        37      221 metax.test_test.StubHolderTest.test_SmartUnsetAll:scope:
        39        0 metax.test_test.StubHolderTest.test_Set:method
        41      252 metax.test_test.StubHolderTest.test_Set:scope:
        43        0 metax.test_test.StubHolderTest.test_UnsetAll:method
        45      270 metax.test_test.StubHolderTest.test_UnsetAll:scope:
        47        0 metax.test_test.StubHolderTest.test_meta:method
        49       -1 metax.test_test.StubHolderTest.test_meta:scope:
