/Users/wmh/src/meta2/src/kernel/test.meta2
         7        0 metax.test_test.TestCaseTest:class
         8       -1 metax.test_test.TestCaseTest:comment:
        10       -1 metax.test_test.TestCaseTest:scope:
        11        0 metax.test_test.TestCaseTest.test___init__:method
        13       -1 metax.test_test.TestCaseTest.test___init__:scope:
        15        0 metax.test_test.TestCaseTest.test_setUp:method
        17       -1 metax.test_test.TestCaseTest.test_setUp:scope:
        19        0 metax.test_test.TestCaseTest.test_setUpClass:method
        21       -1 metax.test_test.TestCaseTest.test_setUpClass:scope:
        23        0 metax.test_test.TestCaseTest.test_tearDown:method
        25       -1 metax.test_test.TestCaseTest.test_tearDown:scope:
        27        0 metax.test_test.TestCaseTest.test_tearDownClass:method
        29       -1 metax.test_test.TestCaseTest.test_tearDownClass:scope:
        31        0 metax.test_test.TestCaseTest.test_status:method
        33       -1 metax.test_test.TestCaseTest.test_status:scope:
        35        0 metax.test_test.TestCaseTest.test_deblog:method
        37       -1 metax.test_test.TestCaseTest.test_deblog:scope:
        39        0 metax.test_test.TestCaseTest.test_name:method
        41       -1 metax.test_test.TestCaseTest.test_name:scope:
        43        0 metax.test_test.TestCaseTest.test_methname:method
        45       -1 metax.test_test.TestCaseTest.test_methname:scope:
        47        0 metax.test_test.TestCaseTest.test_clearMoxes:method
        49       -1 metax.test_test.TestCaseTest.test_clearMoxes:scope:
        51        0 metax.test_test.TestCaseTest.test_setenv:method
        53      838 metax.test_test.TestCaseTest.test_setenv:scope:
        62        0 metax.test_test.TestCaseTest.test_metaTestPath:method
        64       -1 metax.test_test.TestCaseTest.test_metaTestPath:scope:
        66        0 metax.test_test.TestCaseTest.test_captureStdout:method
        68      884 metax.test_test.TestCaseTest.test_captureStdout:scope:
        76        0 metax.test_test.TestCaseTest.test_getStdout:method
        78      908 metax.test_test.TestCaseTest.test_getStdout:scope:
        81        0 metax.test_test.TestCaseTest.test_captureStderr:method
        83      920 metax.test_test.TestCaseTest.test_captureStderr:scope:
        91        0 metax.test_test.TestCaseTest.test_getStderr:method
        93      944 metax.test_test.TestCaseTest.test_getStderr:scope:
        96        0 metax.test_test.TestCaseTest.test_newMox:method
        98      987 metax.test_test.TestCaseTest.test_newMox:scope:
       120        0 metax.test_test.TestCaseTest.test_newStr:method
       122       -1 metax.test_test.TestCaseTest.test_newStr:scope:
       124        0 metax.test_test.TestCaseTest.test_fp:method
       126     1051 metax.test_test.TestCaseTest.test_fp:scope:
       128        0 metax.test_test.TestCaseTest.test_tmpFile:method
       130     1079 metax.test_test.TestCaseTest.test_tmpFile:scope:
       141        0 metax.test_test.TestCaseTest.test_tmpDir:method
       143     1107 metax.test_test.TestCaseTest.test_tmpDir:scope:
       154        0 metax.test_test.TestCaseTest.test_fileContents:method
       156     1137 metax.test_test.TestCaseTest.test_fileContents:scope:
       162        0 metax.test_test.TestCaseTest.test_isInteractive:method
       164     1155 metax.test_test.TestCaseTest.test_isInteractive:scope:
       166        0 metax.test_test.TestCaseTest.test_allowNetwork:method
       168       -1 metax.test_test.TestCaseTest.test_allowNetwork:scope:
       170        0 metax.test_test.TestCaseTest.test_setupSharedFilesystem:method
       172     1198 metax.test_test.TestCaseTest.test_setupSharedFilesystem:scope:
       188        0 metax.test_test.TestCaseTest.test_setupFilesystem:method
       190     1272 metax.test_test.TestCaseTest.test_setupFilesystem:scope:
       218        0 metax.test_test.TestCaseTest.test_populateFilesystem:method
       220     1398 metax.test_test.TestCaseTest.test_populateFilesystem:scope:
       303        0 metax.test_test.TestCaseTest.test_fakeFile:method
       305     1500 metax.test_test.TestCaseTest.test_fakeFile:scope:
       316        0 metax.test_test.TestCaseTest.test_fakeFileExists:method
       318     1522 metax.test_test.TestCaseTest.test_fakeFileExists:scope:
       320        0 metax.test_test.TestCaseTest.test_fakeContents:method
       322     1539 metax.test_test.TestCaseTest.test_fakeContents:scope:
       331        0 metax.test_test.TestCaseTest.test__readFile:method
       333     1561 metax.test_test.TestCaseTest.test__readFile:scope:
       335        0 metax.test_test.TestCaseTest.test_revertFilesystem:method
       337     1579 metax.test_test.TestCaseTest.test_revertFilesystem:scope:
       345        0 metax.test_test.TestCaseTest.test_assertDictContains:method
       347       -1 metax.test_test.TestCaseTest.test_assertDictContains:scope:
       349        0 metax.test_test.TestCaseTest.test_startswith:method
       351     1627 metax.test_test.TestCaseTest.test_startswith:scope:
       353        0 metax.test_test.TestCaseTest.test_endswith:method
       355       -1 metax.test_test.TestCaseTest.test_endswith:scope:
       357        0 metax.test_test.TestCaseTest.test_contains:method
       359       -1 metax.test_test.TestCaseTest.test_contains:scope:
       361        0 metax.test_test.TestCaseTest.test_matches:method
       363       -1 metax.test_test.TestCaseTest.test_matches:scope:
       365        0 metax.test_test.TestCaseTest.test_iseq:method
       367       -1 metax.test_test.TestCaseTest.test_iseq:scope:
       369        0 metax.test_test.TestCaseTest.test_noteq:method
       371       -1 metax.test_test.TestCaseTest.test_noteq:scope:
       373        0 metax.test_test.TestCaseTest.test_iseqstr:method
       375       -1 metax.test_test.TestCaseTest.test_iseqstr:scope:
       377        0 metax.test_test.TestCaseTest.test_noteqstr:method
       379       -1 metax.test_test.TestCaseTest.test_noteqstr:scope:
       381        0 metax.test_test.TestCaseTest.test_iseqvec:method
       383       -1 metax.test_test.TestCaseTest.test_iseqvec:scope:
       385        0 metax.test_test.TestCaseTest.test_iseqmap:method
       387       -1 metax.test_test.TestCaseTest.test_iseqmap:scope:
       389        0 metax.test_test.TestCaseTest.test_iseqtext:method
       391       -1 metax.test_test.TestCaseTest.test_iseqtext:scope:
       393        0 metax.test_test.TestCaseTest.test_iseqfile:method
       395       -1 metax.test_test.TestCaseTest.test_iseqfile:scope:
       397        0 metax.test_test.TestCaseTest.test_iseqstrgold:method
       399       -1 metax.test_test.TestCaseTest.test_iseqstrgold:scope:
       401        0 metax.test_test.TestCaseTest.test_iseqfilegold:method
       403       -1 metax.test_test.TestCaseTest.test_iseqfilegold:scope:
       405        0 metax.test_test.TestCaseTest.test_isapprox:method
       407       -1 metax.test_test.TestCaseTest.test_isapprox:scope:
       409        0 metax.test_test.TestCaseTest.test_islt:method
       411       -1 metax.test_test.TestCaseTest.test_islt:scope:
       413        0 metax.test_test.TestCaseTest.test_isle:method
       415       -1 metax.test_test.TestCaseTest.test_isle:scope:
       417        0 metax.test_test.TestCaseTest.test_isgt:method
       419       -1 metax.test_test.TestCaseTest.test_isgt:scope:
       421        0 metax.test_test.TestCaseTest.test_isge:method
       423       -1 metax.test_test.TestCaseTest.test_isge:scope:
       425        0 metax.test_test.TestCaseTest.test_raises:method
       427       -1 metax.test_test.TestCaseTest.test_raises:scope:
       429        0 metax.test_test.TestCaseTest.test_issame:method
       431       -1 metax.test_test.TestCaseTest.test_issame:scope:
       433        0 metax.test_test.TestCaseTest.test_notsame:method
       435       -1 metax.test_test.TestCaseTest.test_notsame:scope:
       437        0 metax.test_test.TestCaseTest.test_istrue:method
       439       -1 metax.test_test.TestCaseTest.test_istrue:scope:
       441        0 metax.test_test.TestCaseTest.test_isfalse:method
       443       -1 metax.test_test.TestCaseTest.test_isfalse:scope:
       445        0 metax.test_test.TestCaseTest.test_isnull:method
       447       -1 metax.test_test.TestCaseTest.test_isnull:scope:
       449        0 metax.test_test.TestCaseTest.test_notnull:method
       451       -1 metax.test_test.TestCaseTest.test_notnull:scope:
       453        0 metax.test_test.TestCaseTest.test_isinst:method
       455       -1 metax.test_test.TestCaseTest.test_isinst:scope:
       457        0 metax.test_test.TestCaseTest.test_fail:method
       459       -1 metax.test_test.TestCaseTest.test_fail:scope:
       461        0 metax.test_test.TestCaseTest.test_meta:method
       463       -1 metax.test_test.TestCaseTest.test_meta:scope:
